<?xml version="1.0" encoding="ISO-8859-1" ?>
<link_info>
   <banner>TI ARM Linker PC v20.2.7.LTS</banner>
   <copyright>Copyright (c) 1996-2018 Texas Instruments Incorporated</copyright>
   <link_time>0x68c2feeb</link_time>
   <link_errors>0x0</link_errors>
   <output_file>MySDR.out</output_file>
   <entry_point>
      <name>_c_int00_noargs</name>
      <address>0x66d9</address>
   </entry_point>
   <input_file_list>
      <input_file id="fl-2">
         <path>.\</path>
         <kind>object</kind>
         <file>main.obj</file>
         <name>main.obj</name>
      </input_file>
      <input_file id="fl-3">
         <path>.\</path>
         <kind>object</kind>
         <file>startup_msp432p401r_ccs.obj</file>
         <name>startup_msp432p401r_ccs.obj</name>
      </input_file>
      <input_file id="fl-4">
         <path>.\</path>
         <kind>object</kind>
         <file>system_msp432p401r.obj</file>
         <name>system_msp432p401r.obj</name>
      </input_file>
      <input_file id="fl-5">
         <path>.\Src\</path>
         <kind>object</kind>
         <file>at86rf215.obj</file>
         <name>at86rf215.obj</name>
      </input_file>
      <input_file id="fl-6">
         <path>.\Src\</path>
         <kind>object</kind>
         <file>spi_helper.obj</file>
         <name>spi_helper.obj</name>
      </input_file>
      <input_file id="fl-b">
         <kind>object</kind>
         <file>&lt;internal&gt;</file>
         <name>&lt;internal&gt;</name>
      </input_file>
      <input_file id="fl-c1">
         <path>C:\ti\ccs1281\ccs\tools\compiler\ti-cgt-arm_20.2.7.LTS\lib\</path>
         <kind>archive</kind>
         <file>rtsv7M4_T_le_v4SPD16_eabi.lib</file>
         <name>printf.c.obj</name>
      </input_file>
      <input_file id="fl-c2">
         <path>C:\ti\ccs1281\ccs\tools\compiler\ti-cgt-arm_20.2.7.LTS\lib\</path>
         <kind>archive</kind>
         <file>rtsv7M4_T_le_v4SPD16_eabi.lib</file>
         <name>_printfi.c.obj</name>
      </input_file>
      <input_file id="fl-c3">
         <path>C:\ti\ccs1281\ccs\tools\compiler\ti-cgt-arm_20.2.7.LTS\lib\</path>
         <kind>archive</kind>
         <file>rtsv7M4_T_le_v4SPD16_eabi.lib</file>
         <name>fflush.c.obj</name>
      </input_file>
      <input_file id="fl-c4">
         <path>C:\ti\ccs1281\ccs\tools\compiler\ti-cgt-arm_20.2.7.LTS\lib\</path>
         <kind>archive</kind>
         <file>rtsv7M4_T_le_v4SPD16_eabi.lib</file>
         <name>fputc.c.obj</name>
      </input_file>
      <input_file id="fl-c5">
         <path>C:\ti\ccs1281\ccs\tools\compiler\ti-cgt-arm_20.2.7.LTS\lib\</path>
         <kind>archive</kind>
         <file>rtsv7M4_T_le_v4SPD16_eabi.lib</file>
         <name>fputs.c.obj</name>
      </input_file>
      <input_file id="fl-c6">
         <path>C:\ti\ccs1281\ccs\tools\compiler\ti-cgt-arm_20.2.7.LTS\lib\</path>
         <kind>archive</kind>
         <file>rtsv7M4_T_le_v4SPD16_eabi.lib</file>
         <name>_io_perm.c.obj</name>
      </input_file>
      <input_file id="fl-c7">
         <path>C:\ti\ccs1281\ccs\tools\compiler\ti-cgt-arm_20.2.7.LTS\lib\</path>
         <kind>archive</kind>
         <file>rtsv7M4_T_le_v4SPD16_eabi.lib</file>
         <name>setvbuf.c.obj</name>
      </input_file>
      <input_file id="fl-c8">
         <path>C:\ti\ccs1281\ccs\tools\compiler\ti-cgt-arm_20.2.7.LTS\lib\</path>
         <kind>archive</kind>
         <file>rtsv7M4_T_le_v4SPD16_eabi.lib</file>
         <name>fd_add_t2.asm.obj</name>
      </input_file>
      <input_file id="fl-c9">
         <path>C:\ti\ccs1281\ccs\tools\compiler\ti-cgt-arm_20.2.7.LTS\lib\</path>
         <kind>archive</kind>
         <file>rtsv7M4_T_le_v4SPD16_eabi.lib</file>
         <name>fd_cmp_t2.asm.obj</name>
      </input_file>
      <input_file id="fl-ca">
         <path>C:\ti\ccs1281\ccs\tools\compiler\ti-cgt-arm_20.2.7.LTS\lib\</path>
         <kind>archive</kind>
         <file>rtsv7M4_T_le_v4SPD16_eabi.lib</file>
         <name>fd_div_t2.asm.obj</name>
      </input_file>
      <input_file id="fl-cb">
         <path>C:\ti\ccs1281\ccs\tools\compiler\ti-cgt-arm_20.2.7.LTS\lib\</path>
         <kind>archive</kind>
         <file>rtsv7M4_T_le_v4SPD16_eabi.lib</file>
         <name>fd_mul_t2.asm.obj</name>
      </input_file>
      <input_file id="fl-cc">
         <path>C:\ti\ccs1281\ccs\tools\compiler\ti-cgt-arm_20.2.7.LTS\lib\</path>
         <kind>archive</kind>
         <file>rtsv7M4_T_le_v4SPD16_eabi.lib</file>
         <name>fd_toi_t2.asm.obj</name>
      </input_file>
      <input_file id="fl-cd">
         <path>C:\ti\ccs1281\ccs\tools\compiler\ti-cgt-arm_20.2.7.LTS\lib\</path>
         <kind>archive</kind>
         <file>rtsv7M4_T_le_v4SPD16_eabi.lib</file>
         <name>fd_tou_t2.asm.obj</name>
      </input_file>
      <input_file id="fl-ce">
         <path>C:\ti\ccs1281\ccs\tools\compiler\ti-cgt-arm_20.2.7.LTS\lib\</path>
         <kind>archive</kind>
         <file>rtsv7M4_T_le_v4SPD16_eabi.lib</file>
         <name>i_tofd_t2.asm.obj</name>
      </input_file>
      <input_file id="fl-cf">
         <path>C:\ti\ccs1281\ccs\tools\compiler\ti-cgt-arm_20.2.7.LTS\lib\</path>
         <kind>archive</kind>
         <file>rtsv7M4_T_le_v4SPD16_eabi.lib</file>
         <name>memcpy_t2.asm.obj</name>
      </input_file>
      <input_file id="fl-d0">
         <path>C:\ti\ccs1281\ccs\tools\compiler\ti-cgt-arm_20.2.7.LTS\lib\</path>
         <kind>archive</kind>
         <file>rtsv7M4_T_le_v4SPD16_eabi.lib</file>
         <name>u_tofd_t2.asm.obj</name>
      </input_file>
      <input_file id="fl-d1">
         <path>C:\ti\ccs1281\ccs\tools\compiler\ti-cgt-arm_20.2.7.LTS\lib\</path>
         <kind>archive</kind>
         <file>rtsv7M4_T_le_v4SPD16_eabi.lib</file>
         <name>memset_t2.asm.obj</name>
      </input_file>
      <input_file id="fl-d2">
         <path>C:\ti\ccs1281\ccs\tools\compiler\ti-cgt-arm_20.2.7.LTS\lib\</path>
         <kind>archive</kind>
         <file>rtsv7M4_T_le_v4SPD16_eabi.lib</file>
         <name>ull_div_t2.asm.obj</name>
      </input_file>
      <input_file id="fl-d3">
         <path>C:\ti\ccs1281\ccs\tools\compiler\ti-cgt-arm_20.2.7.LTS\lib\</path>
         <kind>archive</kind>
         <file>rtsv7M4_T_le_v4SPD16_eabi.lib</file>
         <name>copy_zero_init.c.obj</name>
      </input_file>
      <input_file id="fl-d4">
         <path>C:\ti\ccs1281\ccs\tools\compiler\ti-cgt-arm_20.2.7.LTS\lib\</path>
         <kind>archive</kind>
         <file>rtsv7M4_T_le_v4SPD16_eabi.lib</file>
         <name>copy_decompress_none.c.obj</name>
      </input_file>
      <input_file id="fl-d5">
         <path>C:\ti\ccs1281\ccs\tools\compiler\ti-cgt-arm_20.2.7.LTS\lib\</path>
         <kind>archive</kind>
         <file>rtsv7M4_T_le_v4SPD16_eabi.lib</file>
         <name>copy_decompress_lzss.c.obj</name>
      </input_file>
      <input_file id="fl-d6">
         <path>C:\ti\ccs1281\ccs\tools\compiler\ti-cgt-arm_20.2.7.LTS\lib\</path>
         <kind>archive</kind>
         <file>rtsv7M4_T_le_v4SPD16_eabi.lib</file>
         <name>exit.c.obj</name>
      </input_file>
      <input_file id="fl-d7">
         <path>C:\ti\ccs1281\ccs\tools\compiler\ti-cgt-arm_20.2.7.LTS\lib\</path>
         <kind>archive</kind>
         <file>rtsv7M4_T_le_v4SPD16_eabi.lib</file>
         <name>_lock.c.obj</name>
      </input_file>
      <input_file id="fl-d8">
         <path>C:\ti\ccs1281\ccs\tools\compiler\ti-cgt-arm_20.2.7.LTS\lib\</path>
         <kind>archive</kind>
         <file>rtsv7M4_T_le_v4SPD16_eabi.lib</file>
         <name>_ltoa.c.obj</name>
      </input_file>
      <input_file id="fl-d9">
         <path>C:\ti\ccs1281\ccs\tools\compiler\ti-cgt-arm_20.2.7.LTS\lib\</path>
         <kind>archive</kind>
         <file>rtsv7M4_T_le_v4SPD16_eabi.lib</file>
         <name>atoi.c.obj</name>
      </input_file>
      <input_file id="fl-da">
         <path>C:\ti\ccs1281\ccs\tools\compiler\ti-cgt-arm_20.2.7.LTS\lib\</path>
         <kind>archive</kind>
         <file>rtsv7M4_T_le_v4SPD16_eabi.lib</file>
         <name>ctype.c.obj</name>
      </input_file>
      <input_file id="fl-db">
         <path>C:\ti\ccs1281\ccs\tools\compiler\ti-cgt-arm_20.2.7.LTS\lib\</path>
         <kind>archive</kind>
         <file>rtsv7M4_T_le_v4SPD16_eabi.lib</file>
         <name>defs.c.obj</name>
      </input_file>
      <input_file id="fl-dc">
         <path>C:\ti\ccs1281\ccs\tools\compiler\ti-cgt-arm_20.2.7.LTS\lib\</path>
         <kind>archive</kind>
         <file>rtsv7M4_T_le_v4SPD16_eabi.lib</file>
         <name>memccpy.c.obj</name>
      </input_file>
      <input_file id="fl-dd">
         <path>C:\ti\ccs1281\ccs\tools\compiler\ti-cgt-arm_20.2.7.LTS\lib\</path>
         <kind>archive</kind>
         <file>rtsv7M4_T_le_v4SPD16_eabi.lib</file>
         <name>memchr.c.obj</name>
      </input_file>
      <input_file id="fl-de">
         <path>C:\ti\ccs1281\ccs\tools\compiler\ti-cgt-arm_20.2.7.LTS\lib\</path>
         <kind>archive</kind>
         <file>rtsv7M4_T_le_v4SPD16_eabi.lib</file>
         <name>memory.c.obj</name>
      </input_file>
      <input_file id="fl-df">
         <path>C:\ti\ccs1281\ccs\tools\compiler\ti-cgt-arm_20.2.7.LTS\lib\</path>
         <kind>archive</kind>
         <file>rtsv7M4_T_le_v4SPD16_eabi.lib</file>
         <name>strchr.c.obj</name>
      </input_file>
      <input_file id="fl-e0">
         <path>C:\ti\ccs1281\ccs\tools\compiler\ti-cgt-arm_20.2.7.LTS\lib\</path>
         <kind>archive</kind>
         <file>rtsv7M4_T_le_v4SPD16_eabi.lib</file>
         <name>strlen.c.obj</name>
      </input_file>
      <input_file id="fl-e1">
         <path>C:\ti\ccs1281\ccs\tools\compiler\ti-cgt-arm_20.2.7.LTS\lib\</path>
         <kind>archive</kind>
         <file>rtsv7M4_T_le_v4SPD16_eabi.lib</file>
         <name>boot_cortex_m.c.obj</name>
      </input_file>
      <input_file id="fl-e2">
         <path>C:\ti\ccs1281\ccs\tools\compiler\ti-cgt-arm_20.2.7.LTS\lib\</path>
         <kind>archive</kind>
         <file>rtsv7M4_T_le_v4SPD16_eabi.lib</file>
         <name>write.c.obj</name>
      </input_file>
      <input_file id="fl-e3">
         <path>C:\ti\ccs1281\ccs\tools\compiler\ti-cgt-arm_20.2.7.LTS\lib\</path>
         <kind>archive</kind>
         <file>rtsv7M4_T_le_v4SPD16_eabi.lib</file>
         <name>host_device.c.obj</name>
      </input_file>
      <input_file id="fl-e4">
         <path>C:\ti\ccs1281\ccs\tools\compiler\ti-cgt-arm_20.2.7.LTS\lib\</path>
         <kind>archive</kind>
         <file>rtsv7M4_T_le_v4SPD16_eabi.lib</file>
         <name>errno.c.obj</name>
      </input_file>
      <input_file id="fl-e5">
         <path>C:\ti\ccs1281\ccs\tools\compiler\ti-cgt-arm_20.2.7.LTS\lib\</path>
         <kind>archive</kind>
         <file>rtsv7M4_T_le_v4SPD16_eabi.lib</file>
         <name>wcslen.c.obj</name>
      </input_file>
      <input_file id="fl-e6">
         <path>C:\ti\ccs1281\ccs\tools\compiler\ti-cgt-arm_20.2.7.LTS\lib\</path>
         <kind>archive</kind>
         <file>rtsv7M4_T_le_v4SPD16_eabi.lib</file>
         <name>s_frexp.c.obj</name>
      </input_file>
      <input_file id="fl-e7">
         <path>C:\ti\ccs1281\ccs\tools\compiler\ti-cgt-arm_20.2.7.LTS\lib\</path>
         <kind>archive</kind>
         <file>rtsv7M4_T_le_v4SPD16_eabi.lib</file>
         <name>s_scalbn.c.obj</name>
      </input_file>
      <input_file id="fl-e8">
         <path>C:\ti\ccs1281\ccs\tools\compiler\ti-cgt-arm_20.2.7.LTS\lib\</path>
         <kind>archive</kind>
         <file>rtsv7M4_T_le_v4SPD16_eabi.lib</file>
         <name>fopen.c.obj</name>
      </input_file>
      <input_file id="fl-e9">
         <path>C:\ti\ccs1281\ccs\tools\compiler\ti-cgt-arm_20.2.7.LTS\lib\</path>
         <kind>archive</kind>
         <file>rtsv7M4_T_le_v4SPD16_eabi.lib</file>
         <name>fseek.c.obj</name>
      </input_file>
      <input_file id="fl-ea">
         <path>C:\ti\ccs1281\ccs\tools\compiler\ti-cgt-arm_20.2.7.LTS\lib\</path>
         <kind>archive</kind>
         <file>rtsv7M4_T_le_v4SPD16_eabi.lib</file>
         <name>div0.asm.obj</name>
      </input_file>
      <input_file id="fl-eb">
         <path>C:\ti\ccs1281\ccs\tools\compiler\ti-cgt-arm_20.2.7.LTS\lib\</path>
         <kind>archive</kind>
         <file>rtsv7M4_T_le_v4SPD16_eabi.lib</file>
         <name>autoinit.c.obj</name>
      </input_file>
      <input_file id="fl-ec">
         <path>C:\ti\ccs1281\ccs\tools\compiler\ti-cgt-arm_20.2.7.LTS\lib\</path>
         <kind>archive</kind>
         <file>rtsv7M4_T_le_v4SPD16_eabi.lib</file>
         <name>pre_init.c.obj</name>
      </input_file>
      <input_file id="fl-ed">
         <path>C:\ti\ccs1281\ccs\tools\compiler\ti-cgt-arm_20.2.7.LTS\lib\</path>
         <kind>archive</kind>
         <file>rtsv7M4_T_le_v4SPD16_eabi.lib</file>
         <name>cpy_tbl.c.obj</name>
      </input_file>
      <input_file id="fl-ee">
         <path>C:\ti\ccs1281\ccs\tools\compiler\ti-cgt-arm_20.2.7.LTS\lib\</path>
         <kind>archive</kind>
         <file>rtsv7M4_T_le_v4SPD16_eabi.lib</file>
         <name>args_main.c.obj</name>
      </input_file>
      <input_file id="fl-ef">
         <path>C:\ti\ccs1281\ccs\tools\compiler\ti-cgt-arm_20.2.7.LTS\lib\</path>
         <kind>archive</kind>
         <file>rtsv7M4_T_le_v4SPD16_eabi.lib</file>
         <name>hostclose.c.obj</name>
      </input_file>
      <input_file id="fl-f0">
         <path>C:\ti\ccs1281\ccs\tools\compiler\ti-cgt-arm_20.2.7.LTS\lib\</path>
         <kind>archive</kind>
         <file>rtsv7M4_T_le_v4SPD16_eabi.lib</file>
         <name>hostlseek.c.obj</name>
      </input_file>
      <input_file id="fl-f1">
         <path>C:\ti\ccs1281\ccs\tools\compiler\ti-cgt-arm_20.2.7.LTS\lib\</path>
         <kind>archive</kind>
         <file>rtsv7M4_T_le_v4SPD16_eabi.lib</file>
         <name>hostopen.c.obj</name>
      </input_file>
      <input_file id="fl-f2">
         <path>C:\ti\ccs1281\ccs\tools\compiler\ti-cgt-arm_20.2.7.LTS\lib\</path>
         <kind>archive</kind>
         <file>rtsv7M4_T_le_v4SPD16_eabi.lib</file>
         <name>hostread.c.obj</name>
      </input_file>
      <input_file id="fl-f3">
         <path>C:\ti\ccs1281\ccs\tools\compiler\ti-cgt-arm_20.2.7.LTS\lib\</path>
         <kind>archive</kind>
         <file>rtsv7M4_T_le_v4SPD16_eabi.lib</file>
         <name>hostrename.c.obj</name>
      </input_file>
      <input_file id="fl-f4">
         <path>C:\ti\ccs1281\ccs\tools\compiler\ti-cgt-arm_20.2.7.LTS\lib\</path>
         <kind>archive</kind>
         <file>rtsv7M4_T_le_v4SPD16_eabi.lib</file>
         <name>hostunlink.c.obj</name>
      </input_file>
      <input_file id="fl-f5">
         <path>C:\ti\ccs1281\ccs\tools\compiler\ti-cgt-arm_20.2.7.LTS\lib\</path>
         <kind>archive</kind>
         <file>rtsv7M4_T_le_v4SPD16_eabi.lib</file>
         <name>hostwrite.c.obj</name>
      </input_file>
      <input_file id="fl-f6">
         <path>C:\ti\ccs1281\ccs\tools\compiler\ti-cgt-arm_20.2.7.LTS\lib\</path>
         <kind>archive</kind>
         <file>rtsv7M4_T_le_v4SPD16_eabi.lib</file>
         <name>trgmsg.c.obj</name>
      </input_file>
      <input_file id="fl-f7">
         <path>C:\ti\ccs1281\ccs\tools\compiler\ti-cgt-arm_20.2.7.LTS\lib\</path>
         <kind>archive</kind>
         <file>rtsv7M4_T_le_v4SPD16_eabi.lib</file>
         <name>open.c.obj</name>
      </input_file>
      <input_file id="fl-f8">
         <path>C:\ti\ccs1281\ccs\tools\compiler\ti-cgt-arm_20.2.7.LTS\lib\</path>
         <kind>archive</kind>
         <file>rtsv7M4_T_le_v4SPD16_eabi.lib</file>
         <name>lseek.c.obj</name>
      </input_file>
      <input_file id="fl-f9">
         <path>C:\ti\ccs1281\ccs\tools\compiler\ti-cgt-arm_20.2.7.LTS\lib\</path>
         <kind>archive</kind>
         <file>rtsv7M4_T_le_v4SPD16_eabi.lib</file>
         <name>s_copysign.c.obj</name>
      </input_file>
      <input_file id="fl-fa">
         <path>C:\ti\ccs1281\ccs\tools\compiler\ti-cgt-arm_20.2.7.LTS\lib\</path>
         <kind>archive</kind>
         <file>rtsv7M4_T_le_v4SPD16_eabi.lib</file>
         <name>fclose.c.obj</name>
      </input_file>
      <input_file id="fl-fb">
         <path>C:\ti\ccs1281\ccs\tools\compiler\ti-cgt-arm_20.2.7.LTS\lib\</path>
         <kind>archive</kind>
         <file>rtsv7M4_T_le_v4SPD16_eabi.lib</file>
         <name>getdevice.c.obj</name>
      </input_file>
      <input_file id="fl-fc">
         <path>C:\ti\ccs1281\ccs\tools\compiler\ti-cgt-arm_20.2.7.LTS\lib\</path>
         <kind>archive</kind>
         <file>rtsv7M4_T_le_v4SPD16_eabi.lib</file>
         <name>strcmp.c.obj</name>
      </input_file>
      <input_file id="fl-fd">
         <path>C:\ti\ccs1281\ccs\tools\compiler\ti-cgt-arm_20.2.7.LTS\lib\</path>
         <kind>archive</kind>
         <file>rtsv7M4_T_le_v4SPD16_eabi.lib</file>
         <name>strcpy.c.obj</name>
      </input_file>
      <input_file id="fl-fe">
         <path>C:\ti\ccs1281\ccs\tools\compiler\ti-cgt-arm_20.2.7.LTS\lib\</path>
         <kind>archive</kind>
         <file>rtsv7M4_T_le_v4SPD16_eabi.lib</file>
         <name>strncpy.c.obj</name>
      </input_file>
      <input_file id="fl-ff">
         <path>C:\ti\ccs1281\ccs\tools\compiler\ti-cgt-arm_20.2.7.LTS\lib\</path>
         <kind>archive</kind>
         <file>rtsv7M4_T_le_v4SPD16_eabi.lib</file>
         <name>remove.c.obj</name>
      </input_file>
      <input_file id="fl-100">
         <path>C:\ti\ccs1281\ccs\tools\compiler\ti-cgt-arm_20.2.7.LTS\lib\</path>
         <kind>archive</kind>
         <file>rtsv7M4_T_le_v4SPD16_eabi.lib</file>
         <name>close.c.obj</name>
      </input_file>
      <input_file id="fl-101">
         <path>C:\ti\ccs1281\ccs\tools\compiler\ti-cgt-arm_20.2.7.LTS\lib\</path>
         <kind>archive</kind>
         <file>rtsv7M4_T_le_v4SPD16_eabi.lib</file>
         <name>unlink.c.obj</name>
      </input_file>
      <input_file id="fl-102">
         <path>C:\ti\simplelink_msp432p4_sdk_3_40_01_02\source\ti\devices\msp432p4xx\driverlib\ccs\</path>
         <kind>archive</kind>
         <file>msp432p4xx_driverlib.lib</file>
         <name>gpio.o</name>
      </input_file>
      <input_file id="fl-103">
         <path>C:\ti\simplelink_msp432p4_sdk_3_40_01_02\source\ti\devices\msp432p4xx\driverlib\ccs\</path>
         <kind>archive</kind>
         <file>msp432p4xx_driverlib.lib</file>
         <name>interrupt.o</name>
      </input_file>
      <input_file id="fl-104">
         <path>C:\ti\simplelink_msp432p4_sdk_3_40_01_02\source\ti\devices\msp432p4xx\driverlib\ccs\</path>
         <kind>archive</kind>
         <file>msp432p4xx_driverlib.lib</file>
         <name>pcm.o</name>
      </input_file>
      <input_file id="fl-105">
         <path>C:\ti\simplelink_msp432p4_sdk_3_40_01_02\source\ti\devices\msp432p4xx\driverlib\ccs\</path>
         <kind>archive</kind>
         <file>msp432p4xx_driverlib.lib</file>
         <name>rtc_c.o</name>
      </input_file>
      <input_file id="fl-106">
         <path>C:\ti\simplelink_msp432p4_sdk_3_40_01_02\source\ti\devices\msp432p4xx\driverlib\ccs\</path>
         <kind>archive</kind>
         <file>msp432p4xx_driverlib.lib</file>
         <name>spi.o</name>
      </input_file>
      <input_file id="fl-107">
         <path>C:\ti\simplelink_msp432p4_sdk_3_40_01_02\source\ti\devices\msp432p4xx\driverlib\ccs\</path>
         <kind>archive</kind>
         <file>msp432p4xx_driverlib.lib</file>
         <name>wdt_a.o</name>
      </input_file>
      <input_file id="fl-108">
         <path>C:\ti\simplelink_msp432p4_sdk_3_40_01_02\source\ti\devices\msp432p4xx\driverlib\ccs\</path>
         <kind>archive</kind>
         <file>msp432p4xx_driverlib.lib</file>
         <name>cpu.o</name>
      </input_file>
      <input_file id="fl-109">
         <path>C:\ti\simplelink_msp432p4_sdk_3_40_01_02\source\ti\devices\msp432p4xx\driverlib\ccs\</path>
         <kind>archive</kind>
         <file>msp432p4xx_driverlib.lib</file>
         <name>sysctl_a.o</name>
      </input_file>
   </input_file_list>
   <object_component_list>
      <object_component id="oc-26">
         <name>.intvecs:retain</name>
         <load_address>0x0</load_address>
         <run_address>0x0</run_address>
         <size>0xe4</size>
         <input_file_ref idref="fl-3"/>
      </object_component>
      <object_component id="oc-120">
         <name>.text</name>
         <load_address>0xe4</load_address>
         <run_address>0xe4</run_address>
         <size>0x3458</size>
         <input_file_ref idref="fl-5"/>
      </object_component>
      <object_component id="oc-25a">
         <name>.text:__TI_printfi</name>
         <load_address>0x353c</load_address>
         <run_address>0x353c</run_address>
         <size>0xa4e</size>
         <input_file_ref idref="fl-c2"/>
      </object_component>
      <object_component id="oc-366">
         <name>.text:_nop</name>
         <load_address>0x3f8a</load_address>
         <run_address>0x3f8a</run_address>
         <size>0x2</size>
         <input_file_ref idref="fl-d7"/>
      </object_component>
      <object_component id="oc-b2">
         <name>.text</name>
         <load_address>0x3f8c</load_address>
         <run_address>0x3f8c</run_address>
         <size>0x334</size>
         <input_file_ref idref="fl-4"/>
      </object_component>
      <object_component id="oc-a0">
         <name>.text</name>
         <load_address>0x42c0</load_address>
         <run_address>0x42c0</run_address>
         <size>0x284</size>
         <input_file_ref idref="fl-2"/>
      </object_component>
      <object_component id="oc-342">
         <name>.text:_pconv_a</name>
         <load_address>0x4544</load_address>
         <run_address>0x4544</run_address>
         <size>0x270</size>
         <input_file_ref idref="fl-c2"/>
      </object_component>
      <object_component id="oc-330">
         <name>.text:_pconv_g</name>
         <load_address>0x47b4</load_address>
         <run_address>0x47b4</run_address>
         <size>0x1d0</size>
         <input_file_ref idref="fl-c2"/>
      </object_component>
      <object_component id="oc-1f0">
         <name>.text</name>
         <load_address>0x4984</load_address>
         <run_address>0x4984</run_address>
         <size>0x1b6</size>
         <input_file_ref idref="fl-c8"/>
      </object_component>
      <object_component id="oc-448">
         <name>.text</name>
         <load_address>0x4b3a</load_address>
         <run_address>0x4b3a</run_address>
         <size>0x2</size>
         <input_file_ref idref="fl-ea"/>
      </object_component>
      <object_component id="oc-33c">
         <name>.text:_pconv_e</name>
         <load_address>0x4b3c</load_address>
         <run_address>0x4b3c</run_address>
         <size>0x13c</size>
         <input_file_ref idref="fl-c2"/>
      </object_component>
      <object_component id="oc-1fa">
         <name>.text</name>
         <load_address>0x4c78</load_address>
         <run_address>0x4c78</run_address>
         <size>0x136</size>
         <input_file_ref idref="fl-ca"/>
      </object_component>
      <object_component id="oc-3dd">
         <name>.text:fcvt</name>
         <load_address>0x4db0</load_address>
         <run_address>0x4db0</run_address>
         <size>0x124</size>
         <input_file_ref idref="fl-c2"/>
      </object_component>
      <object_component id="oc-370">
         <name>.text:fputs</name>
         <load_address>0x4ed4</load_address>
         <run_address>0x4ed4</run_address>
         <size>0x114</size>
         <input_file_ref idref="fl-c5"/>
      </object_component>
      <object_component id="oc-3f1">
         <name>.text:scalbn</name>
         <load_address>0x4fe8</load_address>
         <run_address>0x4fe8</run_address>
         <size>0x110</size>
         <input_file_ref idref="fl-e7"/>
      </object_component>
      <object_component id="oc-515">
         <name>.text:aligned_alloc</name>
         <load_address>0x50f8</load_address>
         <run_address>0x50f8</run_address>
         <size>0x100</size>
         <input_file_ref idref="fl-de"/>
      </object_component>
      <object_component id="oc-1f5">
         <name>.text</name>
         <load_address>0x51f8</load_address>
         <run_address>0x51f8</run_address>
         <size>0xfc</size>
         <input_file_ref idref="fl-cb"/>
      </object_component>
      <object_component id="oc-4b9">
         <name>.text:free</name>
         <load_address>0x52f4</load_address>
         <run_address>0x52f4</run_address>
         <size>0xe4</size>
         <input_file_ref idref="fl-de"/>
      </object_component>
      <object_component id="oc-480">
         <name>.text:setvbuf</name>
         <load_address>0x53d8</load_address>
         <run_address>0x53d8</run_address>
         <size>0xdc</size>
         <input_file_ref idref="fl-c7"/>
      </object_component>
      <object_component id="oc-70">
         <name>.text</name>
         <load_address>0x54b4</load_address>
         <run_address>0x54b4</run_address>
         <size>0xd0</size>
         <input_file_ref idref="fl-6"/>
      </object_component>
      <object_component id="oc-325">
         <name>.text:_ltostr</name>
         <load_address>0x5584</load_address>
         <run_address>0x5584</run_address>
         <size>0xb1</size>
         <input_file_ref idref="fl-c2"/>
      </object_component>
      <object_component id="oc-102">
         <name>.text:SPI_initMaster</name>
         <load_address>0x5636</load_address>
         <run_address>0x5636</run_address>
         <size>0xb0</size>
         <input_file_ref idref="fl-106"/>
      </object_component>
      <object_component id="oc-3a">
         <name>.text</name>
         <load_address>0x56e6</load_address>
         <run_address>0x56e6</run_address>
         <size>0x9c</size>
         <input_file_ref idref="fl-cf"/>
      </object_component>
      <object_component id="oc-3b4">
         <name>.text</name>
         <load_address>0x5782</load_address>
         <run_address>0x5782</run_address>
         <size>0x96</size>
         <input_file_ref idref="fl-d2"/>
      </object_component>
      <object_component id="oc-377">
         <name>.text:fputc</name>
         <load_address>0x5818</load_address>
         <run_address>0x5818</run_address>
         <size>0x8c</size>
         <input_file_ref idref="fl-c4"/>
      </object_component>
      <object_component id="oc-fc">
         <name>.text:GPIO_setAsPeripheralModuleFunctionInputPin</name>
         <load_address>0x58a4</load_address>
         <run_address>0x58a4</run_address>
         <size>0x88</size>
         <input_file_ref idref="fl-102"/>
      </object_component>
      <object_component id="oc-32b">
         <name>.text:__aeabi_cdcmple</name>
         <load_address>0x592c</load_address>
         <run_address>0x592c</run_address>
         <size>0x86</size>
         <input_file_ref idref="fl-c9"/>
      </object_component>
      <object_component id="oc-3bb">
         <name>.text:__aeabi_cdrcmple</name>
         <load_address>0x59b2</load_address>
         <run_address>0x59b2</run_address>
         <size>0x86</size>
         <input_file_ref idref="fl-c9"/>
      </object_component>
      <object_component id="oc-114">
         <name>.text:Interrupt_enableInterrupt</name>
         <load_address>0x5a38</load_address>
         <run_address>0x5a38</run_address>
         <size>0x80</size>
         <input_file_ref idref="fl-103"/>
      </object_component>
      <object_component id="oc-12c">
         <name>.text:fflush</name>
         <load_address>0x5ab8</load_address>
         <run_address>0x5ab8</run_address>
         <size>0x7c</size>
         <input_file_ref idref="fl-c3"/>
      </object_component>
      <object_component id="oc-94">
         <name>.text</name>
         <load_address>0x5b34</load_address>
         <run_address>0x5b34</run_address>
         <size>0x7a</size>
         <input_file_ref idref="fl-d1"/>
      </object_component>
      <object_component id="oc-51c">
         <name>.text:__TI_closefile</name>
         <load_address>0x5bb0</load_address>
         <run_address>0x5bb0</run_address>
         <size>0x74</size>
         <input_file_ref idref="fl-fa"/>
      </object_component>
      <object_component id="oc-54e">
         <name>.text:split</name>
         <load_address>0x5c24</load_address>
         <run_address>0x5c24</run_address>
         <size>0x70</size>
         <input_file_ref idref="fl-de"/>
      </object_component>
      <object_component id="oc-3d6">
         <name>.text:_mcpy</name>
         <load_address>0x5c94</load_address>
         <run_address>0x5c94</run_address>
         <size>0x6e</size>
         <input_file_ref idref="fl-c2"/>
      </object_component>
      <object_component id="oc-4fa">
         <name>.text:HOSTrename</name>
         <load_address>0x5d04</load_address>
         <run_address>0x5d04</run_address>
         <size>0x6c</size>
         <input_file_ref idref="fl-f3"/>
      </object_component>
      <object_component id="oc-4ee">
         <name>.text:HOSTlseek</name>
         <load_address>0x5d70</load_address>
         <run_address>0x5d70</run_address>
         <size>0x68</size>
         <input_file_ref idref="fl-f0"/>
      </object_component>
      <object_component id="oc-17">
         <name>.text:decompress:lzss:__TI_decompress_lzss</name>
         <load_address>0x5dd8</load_address>
         <run_address>0x5dd8</run_address>
         <size>0x68</size>
         <input_file_ref idref="fl-d5"/>
      </object_component>
      <object_component id="oc-126">
         <name>.text:printf</name>
         <load_address>0x5e40</load_address>
         <run_address>0x5e40</run_address>
         <size>0x68</size>
         <input_file_ref idref="fl-c1"/>
      </object_component>
      <object_component id="oc-3eb">
         <name>.text:frexp</name>
         <load_address>0x5ea8</load_address>
         <run_address>0x5ea8</run_address>
         <size>0x64</size>
         <input_file_ref idref="fl-e6"/>
      </object_component>
      <object_component id="oc-47a">
         <name>.text:fseek</name>
         <load_address>0x5f0c</load_address>
         <run_address>0x5f0c</run_address>
         <size>0x64</size>
         <input_file_ref idref="fl-e9"/>
      </object_component>
      <object_component id="oc-420">
         <name>.text:__TI_wrt_ok</name>
         <load_address>0x5f70</load_address>
         <run_address>0x5f70</run_address>
         <size>0x62</size>
         <input_file_ref idref="fl-c6"/>
      </object_component>
      <object_component id="oc-4d6">
         <name>.text:HOSTopen</name>
         <load_address>0x5fd4</load_address>
         <run_address>0x5fd4</run_address>
         <size>0x60</size>
         <input_file_ref idref="fl-f1"/>
      </object_component>
      <object_component id="oc-555">
         <name>.text:close</name>
         <load_address>0x6034</load_address>
         <run_address>0x6034</run_address>
         <size>0x5c</size>
         <input_file_ref idref="fl-100"/>
      </object_component>
      <object_component id="oc-4e2">
         <name>.text:HOSTread</name>
         <load_address>0x6090</load_address>
         <run_address>0x6090</run_address>
         <size>0x58</size>
         <input_file_ref idref="fl-f2"/>
      </object_component>
      <object_component id="oc-4e8">
         <name>.text:HOSTwrite</name>
         <load_address>0x60e8</load_address>
         <run_address>0x60e8</run_address>
         <size>0x58</size>
         <input_file_ref idref="fl-f5"/>
      </object_component>
      <object_component id="oc-336">
         <name>.text:_pconv_f</name>
         <load_address>0x6140</load_address>
         <run_address>0x6140</run_address>
         <size>0x56</size>
         <input_file_ref idref="fl-c2"/>
      </object_component>
      <object_component id="oc-3c5">
         <name>.text:__TI_ltoa</name>
         <load_address>0x6196</load_address>
         <run_address>0x6196</run_address>
         <size>0x54</size>
         <input_file_ref idref="fl-d8"/>
      </object_component>
      <object_component id="oc-3d0">
         <name>.text:_ecpy</name>
         <load_address>0x61ea</load_address>
         <run_address>0x61ea</run_address>
         <size>0x52</size>
         <input_file_ref idref="fl-c2"/>
      </object_component>
      <object_component id="oc-f6">
         <name>.text:GPIO_setAsInputPin</name>
         <load_address>0x623c</load_address>
         <run_address>0x623c</run_address>
         <size>0x4c</size>
         <input_file_ref idref="fl-102"/>
      </object_component>
      <object_component id="oc-276">
         <name>.text:__TI_doflush</name>
         <load_address>0x6288</load_address>
         <run_address>0x6288</run_address>
         <size>0x4c</size>
         <input_file_ref idref="fl-c3"/>
      </object_component>
      <object_component id="oc-31f">
         <name>.text:atoi</name>
         <load_address>0x62d4</load_address>
         <run_address>0x62d4</run_address>
         <size>0x4c</size>
         <input_file_ref idref="fl-d9"/>
      </object_component>
      <object_component id="oc-153">
         <name>.text:exit</name>
         <load_address>0x6320</load_address>
         <run_address>0x6320</run_address>
         <size>0x48</size>
         <input_file_ref idref="fl-d6"/>
      </object_component>
      <object_component id="oc-3c0">
         <name>.text</name>
         <load_address>0x6368</load_address>
         <run_address>0x6368</run_address>
         <size>0x48</size>
         <input_file_ref idref="fl-cc"/>
      </object_component>
      <object_component id="oc-4dc">
         <name>.text:HOSTclose</name>
         <load_address>0x63b0</load_address>
         <run_address>0x63b0</run_address>
         <size>0x44</size>
         <input_file_ref idref="fl-ef"/>
      </object_component>
      <object_component id="oc-4f4">
         <name>.text:HOSTunlink</name>
         <load_address>0x63f4</load_address>
         <run_address>0x63f4</run_address>
         <size>0x44</size>
         <input_file_ref idref="fl-f4"/>
      </object_component>
      <object_component id="oc-159">
         <name>.text:__TI_auto_init_nobinit_nopinit:__TI_auto_init_nobinit_nopinit</name>
         <load_address>0x6438</load_address>
         <run_address>0x6438</run_address>
         <size>0x44</size>
         <input_file_ref idref="fl-eb"/>
      </object_component>
      <object_component id="oc-57f">
         <name>.text:getdevice</name>
         <load_address>0x647c</load_address>
         <run_address>0x647c</run_address>
         <size>0x44</size>
         <input_file_ref idref="fl-fb"/>
      </object_component>
      <object_component id="oc-1ff">
         <name>.text</name>
         <load_address>0x64c0</load_address>
         <run_address>0x64c0</run_address>
         <size>0x44</size>
         <input_file_ref idref="fl-cd"/>
      </object_component>
      <object_component id="oc-f0">
         <name>.text:GPIO_setAsOutputPin</name>
         <load_address>0x6504</load_address>
         <run_address>0x6504</run_address>
         <size>0x40</size>
         <input_file_ref idref="fl-102"/>
      </object_component>
      <object_component id="oc-1b8">
         <name>.text:is_A_Module</name>
         <load_address>0x6544</load_address>
         <run_address>0x6544</run_address>
         <size>0x40</size>
         <input_file_ref idref="fl-106"/>
      </object_component>
      <object_component id="oc-3e3">
         <name>.text:_fcpy</name>
         <load_address>0x6584</load_address>
         <run_address>0x6584</run_address>
         <size>0x3e</size>
         <input_file_ref idref="fl-c2"/>
      </object_component>
      <object_component id="oc-204">
         <name>.text:GPIO_interruptEdgeSelect</name>
         <load_address>0x65c4</load_address>
         <run_address>0x65c4</run_address>
         <size>0x3c</size>
         <input_file_ref idref="fl-102"/>
      </object_component>
      <object_component id="oc-525">
         <name>.text:__TI_writemsg</name>
         <load_address>0x6600</load_address>
         <run_address>0x6600</run_address>
         <size>0x38</size>
         <input_file_ref idref="fl-f6"/>
      </object_component>
      <object_component id="oc-591">
         <name>.text:strncpy</name>
         <load_address>0x6638</load_address>
         <run_address>0x6638</run_address>
         <size>0x36</size>
         <input_file_ref idref="fl-fe"/>
      </object_component>
      <object_component id="oc-4c5">
         <name>.text:__TI_cleanup</name>
         <load_address>0x6670</load_address>
         <run_address>0x6670</run_address>
         <size>0x34</size>
         <input_file_ref idref="fl-e8"/>
      </object_component>
      <object_component id="oc-52b">
         <name>.text:__TI_readmsg</name>
         <load_address>0x66a4</load_address>
         <run_address>0x66a4</run_address>
         <size>0x34</size>
         <input_file_ref idref="fl-f6"/>
      </object_component>
      <object_component id="oc-58">
         <name>.text:_c_int00_noargs:_c_int00_noargs</name>
         <load_address>0x66d8</load_address>
         <run_address>0x66d8</run_address>
         <size>0x34</size>
         <input_file_ref idref="fl-e1"/>
      </object_component>
      <object_component id="oc-597">
         <name>.text:finddevice</name>
         <load_address>0x670c</load_address>
         <run_address>0x670c</run_address>
         <size>0x30</size>
         <input_file_ref idref="fl-fb"/>
      </object_component>
      <object_component id="oc-3cb">
         <name>.text</name>
         <load_address>0x673c</load_address>
         <run_address>0x673c</run_address>
         <size>0x2e</size>
         <input_file_ref idref="fl-ce"/>
      </object_component>
      <object_component id="oc-55b">
         <name>.text:unlink</name>
         <load_address>0x676c</load_address>
         <run_address>0x676c</run_address>
         <size>0x2c</size>
         <input_file_ref idref="fl-101"/>
      </object_component>
      <object_component id="oc-20a">
         <name>.text:GPIO_clearInterruptFlag</name>
         <load_address>0x6798</load_address>
         <run_address>0x6798</run_address>
         <size>0x28</size>
         <input_file_ref idref="fl-102"/>
      </object_component>
      <object_component id="oc-216">
         <name>.text:GPIO_disableInterrupt</name>
         <load_address>0x67c0</load_address>
         <run_address>0x67c0</run_address>
         <size>0x28</size>
         <input_file_ref idref="fl-102"/>
      </object_component>
      <object_component id="oc-210">
         <name>.text:GPIO_enableInterrupt</name>
         <load_address>0x67e8</load_address>
         <run_address>0x67e8</run_address>
         <size>0x28</size>
         <input_file_ref idref="fl-102"/>
      </object_component>
      <object_component id="oc-132">
         <name>.text:GPIO_setOutputHighOnPin</name>
         <load_address>0x6810</load_address>
         <run_address>0x6810</run_address>
         <size>0x28</size>
         <input_file_ref idref="fl-102"/>
      </object_component>
      <object_component id="oc-138">
         <name>.text:GPIO_setOutputLowOnPin</name>
         <load_address>0x6838</load_address>
         <run_address>0x6838</run_address>
         <size>0x28</size>
         <input_file_ref idref="fl-102"/>
      </object_component>
      <object_component id="oc-b9">
         <name>.text:PCM_gotoLPM0</name>
         <load_address>0x6860</load_address>
         <run_address>0x6860</run_address>
         <size>0x28</size>
         <input_file_ref idref="fl-104"/>
      </object_component>
      <object_component id="oc-11a">
         <name>.text:SPI_getInterruptStatus</name>
         <load_address>0x6888</load_address>
         <run_address>0x6888</run_address>
         <size>0x28</size>
         <input_file_ref idref="fl-106"/>
      </object_component>
      <object_component id="oc-50e">
         <name>.text:free_list_insert</name>
         <load_address>0x68b0</load_address>
         <run_address>0x68b0</run_address>
         <size>0x28</size>
         <input_file_ref idref="fl-de"/>
      </object_component>
      <object_component id="oc-4b1">
         <name>.text:lseek</name>
         <load_address>0x68d8</load_address>
         <run_address>0x68d8</run_address>
         <size>0x28</size>
         <input_file_ref idref="fl-f8"/>
      </object_component>
      <object_component id="oc-385">
         <name>.text:write</name>
         <load_address>0x6900</load_address>
         <run_address>0x6900</run_address>
         <size>0x28</size>
         <input_file_ref idref="fl-e2"/>
      </object_component>
      <object_component id="oc-10e">
         <name>.text:SPI_enableInterrupt</name>
         <load_address>0x6928</load_address>
         <run_address>0x6928</run_address>
         <size>0x26</size>
         <input_file_ref idref="fl-106"/>
      </object_component>
      <object_component id="oc-426">
         <name>.text:memchr</name>
         <load_address>0x694e</load_address>
         <run_address>0x694e</run_address>
         <size>0x20</size>
         <input_file_ref idref="fl-dd"/>
      </object_component>
      <object_component id="oc-1eb">
         <name>.text</name>
         <load_address>0x696e</load_address>
         <run_address>0x696e</run_address>
         <size>0x20</size>
         <input_file_ref idref="fl-d0"/>
      </object_component>
      <object_component id="oc-108">
         <name>.text:SPI_enableModule</name>
         <load_address>0x698e</load_address>
         <run_address>0x698e</run_address>
         <size>0x1c</size>
         <input_file_ref idref="fl-106"/>
      </object_component>
      <object_component id="oc-508">
         <name>.text:free_list_remove</name>
         <load_address>0x69ac</load_address>
         <run_address>0x69ac</run_address>
         <size>0x1c</size>
         <input_file_ref idref="fl-de"/>
      </object_component>
      <object_component id="oc-348">
         <name>.text:memccpy</name>
         <load_address>0x69c8</load_address>
         <run_address>0x69c8</run_address>
         <size>0x1c</size>
         <input_file_ref idref="fl-dc"/>
      </object_component>
      <object_component id="oc-1cd">
         <name>.text:EUSCI_A_SPI_enableInterrupt</name>
         <load_address>0x69e4</load_address>
         <run_address>0x69e4</run_address>
         <size>0x1a</size>
         <input_file_ref idref="fl-106"/>
      </object_component>
      <object_component id="oc-1d3">
         <name>.text:EUSCI_B_SPI_enableInterrupt</name>
         <load_address>0x69fe</load_address>
         <run_address>0x69fe</run_address>
         <size>0x1a</size>
         <input_file_ref idref="fl-106"/>
      </object_component>
      <object_component id="oc-45e">
         <name>.text:copysign</name>
         <load_address>0x6a18</load_address>
         <run_address>0x6a18</run_address>
         <size>0x1a</size>
         <input_file_ref idref="fl-f9"/>
      </object_component>
      <object_component id="oc-1de">
         <name>.text:EUSCI_A_SPI_getInterruptStatus</name>
         <load_address>0x6a32</load_address>
         <run_address>0x6a32</run_address>
         <size>0x18</size>
         <input_file_ref idref="fl-106"/>
      </object_component>
      <object_component id="oc-1e4">
         <name>.text:EUSCI_B_SPI_getInterruptStatus</name>
         <load_address>0x6a4a</load_address>
         <run_address>0x6a4a</run_address>
         <size>0x18</size>
         <input_file_ref idref="fl-106"/>
      </object_component>
      <object_component id="oc-5a8">
         <name>.text:strcmp</name>
         <load_address>0x6a62</load_address>
         <run_address>0x6a62</run_address>
         <size>0x18</size>
         <input_file_ref idref="fl-fc"/>
      </object_component>
      <object_component id="oc-1c0">
         <name>.text:EUSCI_A_SPI_enable</name>
         <load_address>0x6a7a</load_address>
         <run_address>0x6a7a</run_address>
         <size>0x16</size>
         <input_file_ref idref="fl-106"/>
      </object_component>
      <object_component id="oc-1c6">
         <name>.text:EUSCI_B_SPI_enable</name>
         <load_address>0x6a90</load_address>
         <run_address>0x6a90</run_address>
         <size>0x16</size>
         <input_file_ref idref="fl-106"/>
      </object_component>
      <object_component id="oc-3f7">
         <name>.text:strchr</name>
         <load_address>0x6aa6</load_address>
         <run_address>0x6aa6</run_address>
         <size>0x16</size>
         <input_file_ref idref="fl-df"/>
      </object_component>
      <object_component id="oc-53f">
         <name>.text:strcpy</name>
         <load_address>0x6abc</load_address>
         <run_address>0x6abc</run_address>
         <size>0x14</size>
         <input_file_ref idref="fl-fd"/>
      </object_component>
      <object_component id="oc-319">
         <name>.text:strlen</name>
         <load_address>0x6ad0</load_address>
         <run_address>0x6ad0</run_address>
         <size>0x14</size>
         <input_file_ref idref="fl-e0"/>
      </object_component>
      <object_component id="oc-34e">
         <name>.text:wcslen</name>
         <load_address>0x6ae4</load_address>
         <run_address>0x6ae4</run_address>
         <size>0x12</size>
         <input_file_ref idref="fl-e5"/>
      </object_component>
      <object_component id="oc-1d">
         <name>.text:decompress:none:__TI_decompress_none</name>
         <load_address>0x6af6</load_address>
         <run_address>0x6af6</run_address>
         <size>0xe</size>
         <input_file_ref idref="fl-d4"/>
      </object_component>
      <object_component id="oc-6a">
         <name>.text</name>
         <load_address>0x6b04</load_address>
         <run_address>0x6b04</run_address>
         <size>0xe</size>
         <input_file_ref idref="fl-3"/>
      </object_component>
      <object_component id="oc-4c">
         <name>.text:decompress:ZI:__TI_zero_init</name>
         <load_address>0x6b12</load_address>
         <run_address>0x6b12</run_address>
         <size>0xc</size>
         <input_file_ref idref="fl-d3"/>
      </object_component>
      <object_component id="oc-354">
         <name>.text:__aeabi_errno_addr</name>
         <load_address>0x6b20</load_address>
         <run_address>0x6b20</run_address>
         <size>0x8</size>
         <input_file_ref idref="fl-e4"/>
      </object_component>
      <object_component id="oc-4bf">
         <name>.text:malloc</name>
         <load_address>0x6b28</load_address>
         <run_address>0x6b28</run_address>
         <size>0x8</size>
         <input_file_ref idref="fl-de"/>
      </object_component>
      <object_component id="oc-18f">
         <name>.text:CPU_wfi</name>
         <load_address>0x6b30</load_address>
         <run_address>0x6b30</run_address>
         <size>0x4</size>
         <input_file_ref idref="fl-108"/>
      </object_component>
      <object_component id="oc-269">
         <name>.text:_outc</name>
         <load_address>0x6b34</load_address>
         <run_address>0x6b34</run_address>
         <size>0x4</size>
         <input_file_ref idref="fl-c1"/>
      </object_component>
      <object_component id="oc-263">
         <name>.text:_outs</name>
         <load_address>0x6b38</load_address>
         <run_address>0x6b38</run_address>
         <size>0x4</size>
         <input_file_ref idref="fl-c1"/>
      </object_component>
      <object_component id="oc-9a">
         <name>.text:_system_pre_init</name>
         <load_address>0x6b3c</load_address>
         <run_address>0x6b3c</run_address>
         <size>0x4</size>
         <input_file_ref idref="fl-ec"/>
      </object_component>
      <object_component id="oc-14d">
         <name>.text:abort:abort</name>
         <load_address>0x6b40</load_address>
         <run_address>0x6b40</run_address>
         <size>0x4</size>
         <input_file_ref idref="fl-d6"/>
      </object_component>
      <object_component id="oc-3af">
         <name>.const:.string:_ctypes_</name>
         <load_address>0x6b44</load_address>
         <run_address>0x6b44</run_address>
         <size>0x101</size>
         <input_file_ref idref="fl-da"/>
      </object_component>
      <object_component id="oc-246">
         <name>.const:.string:$P$T2$1</name>
         <load_address>0x6c45</load_address>
         <run_address>0x6c45</run_address>
         <size>0x2</size>
         <input_file_ref idref="fl-5"/>
      </object_component>
      <object_component id="oc-1a8">
         <name>.const:GPIO_PORT_TO_BASE</name>
         <load_address>0x6c48</load_address>
         <run_address>0x6c48</run_address>
         <size>0x30</size>
         <input_file_ref idref="fl-102"/>
      </object_component>
      <object_component id="oc-1da">
         <name>.const:g_pulEnRegs</name>
         <load_address>0x6c78</load_address>
         <run_address>0x6c78</run_address>
         <size>0x8</size>
         <input_file_ref idref="fl-103"/>
      </object_component>
      <object_component id="oc-234">
         <name>.const:.string:fsk_rx_conf_ifs_midx1_09</name>
         <load_address>0x6c80</load_address>
         <run_address>0x6c80</run_address>
         <size>0x6</size>
         <input_file_ref idref="fl-5"/>
      </object_component>
      <object_component id="oc-23d">
         <name>.const:.string:fsk_rx_conf_ifs_midx1_24</name>
         <load_address>0x6c86</load_address>
         <run_address>0x6c86</run_address>
         <size>0x6</size>
         <input_file_ref idref="fl-5"/>
      </object_component>
      <object_component id="oc-222">
         <name>.const:.string:fsk_rx_conf_ifs_midx3_09</name>
         <load_address>0x6c8c</load_address>
         <run_address>0x6c8c</run_address>
         <size>0x6</size>
         <input_file_ref idref="fl-5"/>
      </object_component>
      <object_component id="oc-22b">
         <name>.const:.string:fsk_rx_conf_ifs_midx3_24</name>
         <load_address>0x6c92</load_address>
         <run_address>0x6c92</run_address>
         <size>0x6</size>
         <input_file_ref idref="fl-5"/>
      </object_component>
      <object_component id="oc-231">
         <name>.const:fsk_rx_conf_rbw_midx1_09</name>
         <load_address>0x6c98</load_address>
         <run_address>0x6c98</run_address>
         <size>0x6</size>
         <input_file_ref idref="fl-5"/>
      </object_component>
      <object_component id="oc-23a">
         <name>.const:fsk_rx_conf_rbw_midx1_24</name>
         <load_address>0x6c9e</load_address>
         <run_address>0x6c9e</run_address>
         <size>0x6</size>
         <input_file_ref idref="fl-5"/>
      </object_component>
      <object_component id="oc-21f">
         <name>.const:fsk_rx_conf_rbw_midx3_09</name>
         <load_address>0x6ca4</load_address>
         <run_address>0x6ca4</run_address>
         <size>0x6</size>
         <input_file_ref idref="fl-5"/>
      </object_component>
      <object_component id="oc-228">
         <name>.const:fsk_rx_conf_rbw_midx3_24</name>
         <load_address>0x6caa</load_address>
         <run_address>0x6caa</run_address>
         <size>0x6</size>
         <input_file_ref idref="fl-5"/>
      </object_component>
      <object_component id="oc-22e">
         <name>.const:fsk_rx_conf_rcut_midx1_09</name>
         <load_address>0x6cb0</load_address>
         <run_address>0x6cb0</run_address>
         <size>0x6</size>
         <input_file_ref idref="fl-5"/>
      </object_component>
      <object_component id="oc-237">
         <name>.const:fsk_rx_conf_rcut_midx1_24</name>
         <load_address>0x6cb6</load_address>
         <run_address>0x6cb6</run_address>
         <size>0x6</size>
         <input_file_ref idref="fl-5"/>
      </object_component>
      <object_component id="oc-21c">
         <name>.const:fsk_rx_conf_rcut_midx3_09</name>
         <load_address>0x6cbc</load_address>
         <run_address>0x6cbc</run_address>
         <size>0x6</size>
         <input_file_ref idref="fl-5"/>
      </object_component>
      <object_component id="oc-225">
         <name>.const:fsk_rx_conf_rcut_midx3_24</name>
         <load_address>0x6cc2</load_address>
         <run_address>0x6cc2</run_address>
         <size>0x6</size>
         <input_file_ref idref="fl-5"/>
      </object_component>
      <object_component id="oc-243">
         <name>.const:fsk_tx_conf_rcut_midx1</name>
         <load_address>0x6cc8</load_address>
         <run_address>0x6cc8</run_address>
         <size>0x6</size>
         <input_file_ref idref="fl-5"/>
      </object_component>
      <object_component id="oc-240">
         <name>.const:fsk_tx_conf_rcut_midx3</name>
         <load_address>0x6cce</load_address>
         <run_address>0x6cce</run_address>
         <size>0x6</size>
         <input_file_ref idref="fl-5"/>
      </object_component>
      <object_component id="oc-249">
         <name>.const:.string:$P$T3$2</name>
         <load_address>0x6cd4</load_address>
         <run_address>0x6cd4</run_address>
         <size>0x2</size>
         <input_file_ref idref="fl-5"/>
      </object_component>
      <object_component id="oc-5e8">
         <name>.cinit..data.load</name>
         <load_address>0x6cd8</load_address>
         <run_address>0x6cd8</run_address>
         <size>0x7f</size>
      </object_component>
      <object_component id="oc-5e6">
         <name>__TI_handler_table</name>
         <load_address>0x6d58</load_address>
         <run_address>0x6d58</run_address>
         <size>0xc</size>
      </object_component>
      <object_component id="oc-5e9">
         <name>.cinit..bss.load</name>
         <load_address>0x6d68</load_address>
         <run_address>0x6d68</run_address>
         <size>0x8</size>
      </object_component>
      <object_component id="oc-5e7">
         <name>__TI_cinit_table</name>
         <load_address>0x6d70</load_address>
         <run_address>0x6d70</run_address>
         <size>0x10</size>
      </object_component>
      <object_component id="oc-5ba">
         <name>.binit</name>
         <load_address>0x0</load_address>
         <run_address>0x0</run_address>
         <size>0x0</size>
      </object_component>
      <object_component id="oc-13e">
         <name>.data:spiMasterConfig</name>
         <load_address>0x20000f88</load_address>
         <run_address>0x20000f88</run_address>
         <size>0x1c</size>
         <input_file_ref idref="fl-2"/>
      </object_component>
      <object_component id="oc-18b">
         <name>.data</name>
         <load_address>0x20000fd4</load_address>
         <run_address>0x20000fd4</run_address>
         <size>0x4</size>
         <input_file_ref idref="fl-4"/>
      </object_component>
      <object_component id="oc-2a0">
         <name>.data:$O1$$</name>
         <load_address>0x20000fb4</load_address>
         <run_address>0x20000fb4</run_address>
         <size>0xc</size>
         <input_file_ref idref="fl-d6"/>
      </object_component>
      <object_component id="oc-260">
         <name>.data:$O1$$</name>
         <load_address>0x20000fc0</load_address>
         <run_address>0x20000fc0</run_address>
         <size>0x8</size>
         <input_file_ref idref="fl-d7"/>
      </object_component>
      <object_component id="oc-141">
         <name>.data:_ftable</name>
         <load_address>0x20000dd0</load_address>
         <run_address>0x20000dd0</run_address>
         <size>0xf0</size>
         <input_file_ref idref="fl-db"/>
      </object_component>
      <object_component id="oc-27c">
         <name>.data</name>
         <load_address>0x20000fa4</load_address>
         <run_address>0x20000fa4</run_address>
         <size>0x10</size>
         <input_file_ref idref="fl-db"/>
      </object_component>
      <object_component id="oc-549">
         <name>.data:$O1$$</name>
         <load_address>0x20000fc8</load_address>
         <run_address>0x20000fc8</run_address>
         <size>0x8</size>
         <input_file_ref idref="fl-de"/>
      </object_component>
      <object_component id="oc-48e">
         <name>.data:_device</name>
         <load_address>0x20000ec0</load_address>
         <run_address>0x20000ec0</run_address>
         <size>0x78</size>
         <input_file_ref idref="fl-e3"/>
      </object_component>
      <object_component id="oc-430">
         <name>.data:_stream</name>
         <load_address>0x20000f38</load_address>
         <run_address>0x20000f38</run_address>
         <size>0x50</size>
         <input_file_ref idref="fl-e3"/>
      </object_component>
      <object_component id="oc-407">
         <name>.data</name>
         <load_address>0x20000fd0</load_address>
         <run_address>0x20000fd0</run_address>
         <size>0x4</size>
         <input_file_ref idref="fl-e4"/>
      </object_component>
      <object_component id="oc-24c">
         <name>.bss:spi_buffer</name>
         <uninitialized>true</uninitialized>
         <run_address>0x20000000</run_address>
         <size>0x804</size>
         <input_file_ref idref="fl-5"/>
      </object_component>
      <object_component id="oc-564">
         <name>.bss:_CIOBUF_</name>
         <uninitialized>true</uninitialized>
         <run_address>0x20000804</run_address>
         <size>0x120</size>
         <input_file_ref idref="fl-f6"/>
      </object_component>
      <object_component id="oc-144">
         <name>.common:modem_state</name>
         <uninitialized>true</uninitialized>
         <run_address>0x200009cd</run_address>
         <size>0x1</size>
      </object_component>
      <object_component id="oc-bf">
         <name>.common:SPI_RXData_IQ</name>
         <uninitialized>true</uninitialized>
         <run_address>0x200009cc</run_address>
         <size>0x1</size>
      </object_component>
      <object_component id="oc-561">
         <name>.common:__TI_tmpnams</name>
         <uninitialized>true</uninitialized>
         <run_address>0x20000924</run_address>
         <size>0xa0</size>
      </object_component>
      <object_component id="oc-531">
         <name>.common:parmbuf</name>
         <uninitialized>true</uninitialized>
         <run_address>0x200009c4</run_address>
         <size>0x8</size>
      </object_component>
      <object_component id="oc-29">
         <name>.sysmem</name>
         <uninitialized>true</uninitialized>
         <run_address>0x200009d0</run_address>
         <size>0x10</size>
         <input_file_ref idref="fl-de"/>
      </object_component>
      <object_component id="oc-5ec">
         <name>.sysmem</name>
         <uninitialized>true</uninitialized>
         <run_address>0x200009d0</run_address>
         <size>0x0</size>
      </object_component>
      <object_component id="oc-2c">
         <name>.stack</name>
         <uninitialized>true</uninitialized>
         <run_address>0x2000fe00</run_address>
         <size>0x4</size>
         <input_file_ref idref="fl-e1"/>
      </object_component>
      <object_component id="oc-5eb">
         <name>.stack</name>
         <uninitialized>true</uninitialized>
         <run_address>0x2000fe00</run_address>
         <size>0x0</size>
      </object_component>
      <object_component id="oc-1a7">
         <name>.debug_info</name>
         <load_address>0x0</load_address>
         <run_address>0x0</run_address>
         <size>0x9b1</size>
         <input_file_ref idref="fl-2"/>
      </object_component>
      <object_component id="oc-13f">
         <name>.debug_info</name>
         <load_address>0x9b1</load_address>
         <run_address>0x9b1</run_address>
         <size>0xd7</size>
         <input_file_ref idref="fl-2"/>
      </object_component>
      <object_component id="oc-a1">
         <name>.debug_info</name>
         <load_address>0xa88</load_address>
         <run_address>0xa88</run_address>
         <size>0x6ff</size>
         <input_file_ref idref="fl-2"/>
      </object_component>
      <object_component id="oc-2c1">
         <name>.debug_info</name>
         <load_address>0x1187</load_address>
         <run_address>0x1187</run_address>
         <size>0x128c</size>
         <input_file_ref idref="fl-2"/>
      </object_component>
      <object_component id="oc-cf">
         <name>.debug_info</name>
         <load_address>0x2413</load_address>
         <run_address>0x2413</run_address>
         <size>0x26b</size>
         <input_file_ref idref="fl-2"/>
      </object_component>
      <object_component id="oc-19d">
         <name>.debug_info</name>
         <load_address>0x267e</load_address>
         <run_address>0x267e</run_address>
         <size>0x1055</size>
         <input_file_ref idref="fl-2"/>
      </object_component>
      <object_component id="oc-198">
         <name>.debug_info</name>
         <load_address>0x36d3</load_address>
         <run_address>0x36d3</run_address>
         <size>0x37e2</size>
         <input_file_ref idref="fl-2"/>
      </object_component>
      <object_component id="oc-255">
         <name>.debug_info</name>
         <load_address>0x6eb5</load_address>
         <run_address>0x6eb5</run_address>
         <size>0x110</size>
         <input_file_ref idref="fl-2"/>
      </object_component>
      <object_component id="oc-c8">
         <name>.debug_info</name>
         <load_address>0x6fc5</load_address>
         <run_address>0x6fc5</run_address>
         <size>0x8b</size>
         <input_file_ref idref="fl-2"/>
      </object_component>
      <object_component id="oc-1a2">
         <name>.debug_info</name>
         <load_address>0x7050</load_address>
         <run_address>0x7050</run_address>
         <size>0x2a4</size>
         <input_file_ref idref="fl-2"/>
      </object_component>
      <object_component id="oc-148">
         <name>.debug_info</name>
         <load_address>0x72f4</load_address>
         <run_address>0x72f4</run_address>
         <size>0xef</size>
         <input_file_ref idref="fl-2"/>
      </object_component>
      <object_component id="oc-c3">
         <name>.debug_info</name>
         <load_address>0x73e3</load_address>
         <run_address>0x73e3</run_address>
         <size>0xbb</size>
         <input_file_ref idref="fl-2"/>
      </object_component>
      <object_component id="oc-295">
         <name>.debug_info</name>
         <load_address>0x749e</load_address>
         <run_address>0x749e</run_address>
         <size>0xbf</size>
         <input_file_ref idref="fl-2"/>
      </object_component>
      <object_component id="oc-271">
         <name>.debug_info</name>
         <load_address>0x755d</load_address>
         <run_address>0x755d</run_address>
         <size>0x2c</size>
         <input_file_ref idref="fl-2"/>
      </object_component>
      <object_component id="oc-285">
         <name>.debug_info</name>
         <load_address>0x7589</load_address>
         <run_address>0x7589</run_address>
         <size>0x131</size>
         <input_file_ref idref="fl-2"/>
      </object_component>
      <object_component id="oc-78">
         <name>.debug_info</name>
         <load_address>0x76ba</load_address>
         <run_address>0x76ba</run_address>
         <size>0x2c0</size>
         <input_file_ref idref="fl-3"/>
      </object_component>
      <object_component id="oc-27">
         <name>.debug_info</name>
         <load_address>0x797a</load_address>
         <run_address>0x797a</run_address>
         <size>0xec</size>
         <input_file_ref idref="fl-3"/>
      </object_component>
      <object_component id="oc-6b">
         <name>.debug_info</name>
         <load_address>0x7a66</load_address>
         <run_address>0x7a66</run_address>
         <size>0x1b3</size>
         <input_file_ref idref="fl-3"/>
      </object_component>
      <object_component id="oc-35">
         <name>.debug_info</name>
         <load_address>0x7c19</load_address>
         <run_address>0x7c19</run_address>
         <size>0x84</size>
         <input_file_ref idref="fl-3"/>
      </object_component>
      <object_component id="oc-18c">
         <name>.debug_info</name>
         <load_address>0x7c9d</load_address>
         <run_address>0x7c9d</run_address>
         <size>0xe5</size>
         <input_file_ref idref="fl-4"/>
      </object_component>
      <object_component id="oc-b4">
         <name>.debug_info</name>
         <load_address>0x7d82</load_address>
         <run_address>0x7d82</run_address>
         <size>0x257</size>
         <input_file_ref idref="fl-4"/>
      </object_component>
      <object_component id="oc-145">
         <name>.debug_info</name>
         <load_address>0x7fd9</load_address>
         <run_address>0x7fd9</run_address>
         <size>0x9ce</size>
         <input_file_ref idref="fl-5"/>
      </object_component>
      <object_component id="oc-24d">
         <name>.debug_info</name>
         <load_address>0x89a7</load_address>
         <run_address>0x89a7</run_address>
         <size>0xd5</size>
         <input_file_ref idref="fl-5"/>
      </object_component>
      <object_component id="oc-244">
         <name>.debug_info</name>
         <load_address>0x8a7c</load_address>
         <run_address>0x8a7c</run_address>
         <size>0xed</size>
         <input_file_ref idref="fl-5"/>
      </object_component>
      <object_component id="oc-241">
         <name>.debug_info</name>
         <load_address>0x8b69</load_address>
         <run_address>0x8b69</run_address>
         <size>0xed</size>
         <input_file_ref idref="fl-5"/>
      </object_component>
      <object_component id="oc-22f">
         <name>.debug_info</name>
         <load_address>0x8c56</load_address>
         <run_address>0x8c56</run_address>
         <size>0xf3</size>
         <input_file_ref idref="fl-5"/>
      </object_component>
      <object_component id="oc-238">
         <name>.debug_info</name>
         <load_address>0x8d49</load_address>
         <run_address>0x8d49</run_address>
         <size>0xf3</size>
         <input_file_ref idref="fl-5"/>
      </object_component>
      <object_component id="oc-21d">
         <name>.debug_info</name>
         <load_address>0x8e3c</load_address>
         <run_address>0x8e3c</run_address>
         <size>0xf3</size>
         <input_file_ref idref="fl-5"/>
      </object_component>
      <object_component id="oc-226">
         <name>.debug_info</name>
         <load_address>0x8f2f</load_address>
         <run_address>0x8f2f</run_address>
         <size>0xf3</size>
         <input_file_ref idref="fl-5"/>
      </object_component>
      <object_component id="oc-232">
         <name>.debug_info</name>
         <load_address>0x9022</load_address>
         <run_address>0x9022</run_address>
         <size>0xf1</size>
         <input_file_ref idref="fl-5"/>
      </object_component>
      <object_component id="oc-23b">
         <name>.debug_info</name>
         <load_address>0x9113</load_address>
         <run_address>0x9113</run_address>
         <size>0xf1</size>
         <input_file_ref idref="fl-5"/>
      </object_component>
      <object_component id="oc-220">
         <name>.debug_info</name>
         <load_address>0x9204</load_address>
         <run_address>0x9204</run_address>
         <size>0xf1</size>
         <input_file_ref idref="fl-5"/>
      </object_component>
      <object_component id="oc-229">
         <name>.debug_info</name>
         <load_address>0x92f5</load_address>
         <run_address>0x92f5</run_address>
         <size>0xf1</size>
         <input_file_ref idref="fl-5"/>
      </object_component>
      <object_component id="oc-235">
         <name>.debug_info</name>
         <load_address>0x93e6</load_address>
         <run_address>0x93e6</run_address>
         <size>0xf1</size>
         <input_file_ref idref="fl-5"/>
      </object_component>
      <object_component id="oc-23e">
         <name>.debug_info</name>
         <load_address>0x94d7</load_address>
         <run_address>0x94d7</run_address>
         <size>0xf1</size>
         <input_file_ref idref="fl-5"/>
      </object_component>
      <object_component id="oc-223">
         <name>.debug_info</name>
         <load_address>0x95c8</load_address>
         <run_address>0x95c8</run_address>
         <size>0xf1</size>
         <input_file_ref idref="fl-5"/>
      </object_component>
      <object_component id="oc-22c">
         <name>.debug_info</name>
         <load_address>0x96b9</load_address>
         <run_address>0x96b9</run_address>
         <size>0xf1</size>
         <input_file_ref idref="fl-5"/>
      </object_component>
      <object_component id="oc-247">
         <name>.debug_info</name>
         <load_address>0x97aa</load_address>
         <run_address>0x97aa</run_address>
         <size>0xd0</size>
         <input_file_ref idref="fl-5"/>
      </object_component>
      <object_component id="oc-24a">
         <name>.debug_info</name>
         <load_address>0x987a</load_address>
         <run_address>0x987a</run_address>
         <size>0xd0</size>
         <input_file_ref idref="fl-5"/>
      </object_component>
      <object_component id="oc-121">
         <name>.debug_info</name>
         <load_address>0x994a</load_address>
         <run_address>0x994a</run_address>
         <size>0x6ee8</size>
         <input_file_ref idref="fl-5"/>
      </object_component>
      <object_component id="oc-250">
         <name>.debug_info</name>
         <load_address>0x10832</load_address>
         <run_address>0x10832</run_address>
         <size>0x128c</size>
         <input_file_ref idref="fl-5"/>
      </object_component>
      <object_component id="oc-290">
         <name>.debug_info</name>
         <load_address>0x11abe</load_address>
         <run_address>0x11abe</run_address>
         <size>0x37e2</size>
         <input_file_ref idref="fl-5"/>
      </object_component>
      <object_component id="oc-29a">
         <name>.debug_info</name>
         <load_address>0x152a0</load_address>
         <run_address>0x152a0</run_address>
         <size>0x35</size>
         <input_file_ref idref="fl-5"/>
      </object_component>
      <object_component id="oc-c0">
         <name>.debug_info</name>
         <load_address>0x152d5</load_address>
         <run_address>0x152d5</run_address>
         <size>0x61f</size>
         <input_file_ref idref="fl-6"/>
      </object_component>
      <object_component id="oc-72">
         <name>.debug_info</name>
         <load_address>0x158f4</load_address>
         <run_address>0x158f4</run_address>
         <size>0x304</size>
         <input_file_ref idref="fl-6"/>
      </object_component>
      <object_component id="oc-270">
         <name>.debug_info</name>
         <load_address>0x15bf8</load_address>
         <run_address>0x15bf8</run_address>
         <size>0x3e5</size>
         <input_file_ref idref="fl-c1"/>
      </object_component>
      <object_component id="oc-26d">
         <name>.debug_info</name>
         <load_address>0x15fdd</load_address>
         <run_address>0x15fdd</run_address>
         <size>0x157</size>
         <input_file_ref idref="fl-c1"/>
      </object_component>
      <object_component id="oc-264">
         <name>.debug_info</name>
         <load_address>0x16134</load_address>
         <run_address>0x16134</run_address>
         <size>0x166</size>
         <input_file_ref idref="fl-c1"/>
      </object_component>
      <object_component id="oc-127">
         <name>.debug_info</name>
         <load_address>0x1629a</load_address>
         <run_address>0x1629a</run_address>
         <size>0x1ac</size>
         <input_file_ref idref="fl-c1"/>
      </object_component>
      <object_component id="oc-380">
         <name>.debug_info</name>
         <load_address>0x16446</load_address>
         <run_address>0x16446</run_address>
         <size>0xb2</size>
         <input_file_ref idref="fl-c1"/>
      </object_component>
      <object_component id="oc-35b">
         <name>.debug_info</name>
         <load_address>0x164f8</load_address>
         <run_address>0x164f8</run_address>
         <size>0x590</size>
         <input_file_ref idref="fl-c2"/>
      </object_component>
      <object_component id="oc-328">
         <name>.debug_info</name>
         <load_address>0x16a88</load_address>
         <run_address>0x16a88</run_address>
         <size>0x21e</size>
         <input_file_ref idref="fl-c2"/>
      </object_component>
      <object_component id="oc-3d3">
         <name>.debug_info</name>
         <load_address>0x16ca6</load_address>
         <run_address>0x16ca6</run_address>
         <size>0x1b3</size>
         <input_file_ref idref="fl-c2"/>
      </object_component>
      <object_component id="oc-3d9">
         <name>.debug_info</name>
         <load_address>0x16e59</load_address>
         <run_address>0x16e59</run_address>
         <size>0x21b</size>
         <input_file_ref idref="fl-c2"/>
      </object_component>
      <object_component id="oc-333">
         <name>.debug_info</name>
         <load_address>0x17074</load_address>
         <run_address>0x17074</run_address>
         <size>0x3c0</size>
         <input_file_ref idref="fl-c2"/>
      </object_component>
      <object_component id="oc-3e0">
         <name>.debug_info</name>
         <load_address>0x17434</load_address>
         <run_address>0x17434</run_address>
         <size>0x30a</size>
         <input_file_ref idref="fl-c2"/>
      </object_component>
      <object_component id="oc-3e6">
         <name>.debug_info</name>
         <load_address>0x1773e</load_address>
         <run_address>0x1773e</run_address>
         <size>0x215</size>
         <input_file_ref idref="fl-c2"/>
      </object_component>
      <object_component id="oc-339">
         <name>.debug_info</name>
         <load_address>0x17953</load_address>
         <run_address>0x17953</run_address>
         <size>0x215</size>
         <input_file_ref idref="fl-c2"/>
      </object_component>
      <object_component id="oc-33f">
         <name>.debug_info</name>
         <load_address>0x17b68</load_address>
         <run_address>0x17b68</run_address>
         <size>0x304</size>
         <input_file_ref idref="fl-c2"/>
      </object_component>
      <object_component id="oc-345">
         <name>.debug_info</name>
         <load_address>0x17e6c</load_address>
         <run_address>0x17e6c</run_address>
         <size>0x4b5</size>
         <input_file_ref idref="fl-c2"/>
      </object_component>
      <object_component id="oc-25d">
         <name>.debug_info</name>
         <load_address>0x18321</load_address>
         <run_address>0x18321</run_address>
         <size>0x5f4</size>
         <input_file_ref idref="fl-c2"/>
      </object_component>
      <object_component id="oc-35c">
         <name>.debug_info</name>
         <load_address>0x18915</load_address>
         <run_address>0x18915</run_address>
         <size>0x86</size>
         <input_file_ref idref="fl-c2"/>
      </object_component>
      <object_component id="oc-413">
         <name>.debug_info</name>
         <load_address>0x1899b</load_address>
         <run_address>0x1899b</run_address>
         <size>0x39</size>
         <input_file_ref idref="fl-c2"/>
      </object_component>
      <object_component id="oc-475">
         <name>.debug_info</name>
         <load_address>0x189d4</load_address>
         <run_address>0x189d4</run_address>
         <size>0xb6</size>
         <input_file_ref idref="fl-c2"/>
      </object_component>
      <object_component id="oc-418">
         <name>.debug_info</name>
         <load_address>0x18a8a</load_address>
         <run_address>0x18a8a</run_address>
         <size>0x46</size>
         <input_file_ref idref="fl-c2"/>
      </object_component>
      <object_component id="oc-361">
         <name>.debug_info</name>
         <load_address>0x18ad0</load_address>
         <run_address>0x18ad0</run_address>
         <size>0x46</size>
         <input_file_ref idref="fl-c2"/>
      </object_component>
      <object_component id="oc-40e">
         <name>.debug_info</name>
         <load_address>0x18b16</load_address>
         <run_address>0x18b16</run_address>
         <size>0x2c</size>
         <input_file_ref idref="fl-c2"/>
      </object_component>
      <object_component id="oc-280">
         <name>.debug_info</name>
         <load_address>0x18b42</load_address>
         <run_address>0x18b42</run_address>
         <size>0x347</size>
         <input_file_ref idref="fl-c3"/>
      </object_component>
      <object_component id="oc-278">
         <name>.debug_info</name>
         <load_address>0x18e89</load_address>
         <run_address>0x18e89</run_address>
         <size>0x18a</size>
         <input_file_ref idref="fl-c3"/>
      </object_component>
      <object_component id="oc-12e">
         <name>.debug_info</name>
         <load_address>0x19013</load_address>
         <run_address>0x19013</run_address>
         <size>0x1c8</size>
         <input_file_ref idref="fl-c3"/>
      </object_component>
      <object_component id="oc-42f">
         <name>.debug_info</name>
         <load_address>0x191db</load_address>
         <run_address>0x191db</run_address>
         <size>0x383</size>
         <input_file_ref idref="fl-c4"/>
      </object_component>
      <object_component id="oc-378">
         <name>.debug_info</name>
         <load_address>0x1955e</load_address>
         <run_address>0x1955e</run_address>
         <size>0x1ea</size>
         <input_file_ref idref="fl-c4"/>
      </object_component>
      <object_component id="oc-42d">
         <name>.debug_info</name>
         <load_address>0x19748</load_address>
         <run_address>0x19748</run_address>
         <size>0x3fc</size>
         <input_file_ref idref="fl-c5"/>
      </object_component>
      <object_component id="oc-373">
         <name>.debug_info</name>
         <load_address>0x19b44</load_address>
         <run_address>0x19b44</run_address>
         <size>0x2e2</size>
         <input_file_ref idref="fl-c5"/>
      </object_component>
      <object_component id="oc-e7">
         <name>.debug_info</name>
         <load_address>0x19e26</load_address>
         <run_address>0x19e26</run_address>
         <size>0x2c</size>
         <input_file_ref idref="fl-c5"/>
      </object_component>
      <object_component id="oc-487">
         <name>.debug_info</name>
         <load_address>0x19e52</load_address>
         <run_address>0x19e52</run_address>
         <size>0x300</size>
         <input_file_ref idref="fl-c6"/>
      </object_component>
      <object_component id="oc-424">
         <name>.debug_info</name>
         <load_address>0x1a152</load_address>
         <run_address>0x1a152</run_address>
         <size>0x19c</size>
         <input_file_ref idref="fl-c6"/>
      </object_component>
      <object_component id="oc-4cd">
         <name>.debug_info</name>
         <load_address>0x1a2ee</load_address>
         <run_address>0x1a2ee</run_address>
         <size>0xbf</size>
         <input_file_ref idref="fl-c6"/>
      </object_component>
      <object_component id="oc-4cc">
         <name>.debug_info</name>
         <load_address>0x1a3ad</load_address>
         <run_address>0x1a3ad</run_address>
         <size>0x374</size>
         <input_file_ref idref="fl-c7"/>
      </object_component>
      <object_component id="oc-482">
         <name>.debug_info</name>
         <load_address>0x1a721</load_address>
         <run_address>0x1a721</run_address>
         <size>0x20b</size>
         <input_file_ref idref="fl-c7"/>
      </object_component>
      <object_component id="oc-1f2">
         <name>.debug_info</name>
         <load_address>0x1a92c</load_address>
         <run_address>0x1a92c</run_address>
         <size>0x14c</size>
         <input_file_ref idref="fl-c8"/>
      </object_component>
      <object_component id="oc-32e">
         <name>.debug_info</name>
         <load_address>0x1aa78</load_address>
         <run_address>0x1aa78</run_address>
         <size>0x128</size>
         <input_file_ref idref="fl-c9"/>
      </object_component>
      <object_component id="oc-3be">
         <name>.debug_info</name>
[...]
      </symbol>
      <symbol id="sm-813">
         <name>__TI_enable_exit_profile_output</name>
         <value>0x20000fbc</value>
         <object_component_ref idref="oc-2a0"/>
      </symbol>
      <symbol id="sm-814">
         <name>exit</name>
         <value>0x6321</value>
         <object_component_ref idref="oc-153"/>
      </symbol>
      <symbol id="sm-829">
         <name>_nop</name>
         <value>0x3f8b</value>
         <object_component_ref idref="oc-366"/>
      </symbol>
      <symbol id="sm-82a">
         <name>_lock</name>
         <value>0x20000fc0</value>
         <object_component_ref idref="oc-260"/>
      </symbol>
      <symbol id="sm-82b">
         <name>_unlock</name>
         <value>0x20000fc4</value>
         <object_component_ref idref="oc-260"/>
      </symbol>
      <symbol id="sm-83a">
         <name>__TI_ltoa</name>
         <value>0x6197</value>
         <object_component_ref idref="oc-3c5"/>
      </symbol>
      <symbol id="sm-850">
         <name>atoi</name>
         <value>0x62d5</value>
         <object_component_ref idref="oc-31f"/>
      </symbol>
      <symbol id="sm-85b">
         <name>_ctypes_</name>
         <value>0x6b44</value>
         <object_component_ref idref="oc-3af"/>
      </symbol>
      <symbol id="sm-870">
         <name>__TI_tmpnams</name>
         <value>0x20000924</value>
      </symbol>
      <symbol id="sm-871">
         <name>__aeabi_stdout</name>
         <value>0x20000fac</value>
         <object_component_ref idref="oc-27c"/>
      </symbol>
      <symbol id="sm-872">
         <name>__aeabi_stderr</name>
         <value>0x20000fb0</value>
         <object_component_ref idref="oc-27c"/>
      </symbol>
      <symbol id="sm-873">
         <name>__aeabi_stdin</name>
         <value>0x20000fa8</value>
         <object_component_ref idref="oc-27c"/>
      </symbol>
      <symbol id="sm-874">
         <name>_ftable</name>
         <value>0x20000dd0</value>
         <object_component_ref idref="oc-141"/>
      </symbol>
      <symbol id="sm-875">
         <name>__TI_ft_end</name>
         <value>0x20000fa4</value>
         <object_component_ref idref="oc-27c"/>
      </symbol>
      <symbol id="sm-885">
         <name>memccpy</name>
         <value>0x69c9</value>
         <object_component_ref idref="oc-348"/>
      </symbol>
      <symbol id="sm-895">
         <name>memchr</name>
         <value>0x694f</value>
         <object_component_ref idref="oc-426"/>
      </symbol>
      <symbol id="sm-91e">
         <name>_sys_memory</name>
         <value>0x200009d0</value>
         <object_component_ref idref="oc-29"/>
      </symbol>
      <symbol id="sm-91f">
         <name>free</name>
         <value>0x52f5</value>
         <object_component_ref idref="oc-4b9"/>
      </symbol>
      <symbol id="sm-920">
         <name>memalign</name>
         <value>0x50f9</value>
         <object_component_ref idref="oc-515"/>
      </symbol>
      <symbol id="sm-921">
         <name>malloc</name>
         <value>0x6b29</value>
         <object_component_ref idref="oc-4bf"/>
      </symbol>
      <symbol id="sm-922">
         <name>aligned_alloc</name>
         <value>0x50f9</value>
         <object_component_ref idref="oc-515"/>
      </symbol>
      <symbol id="sm-932">
         <name>strchr</name>
         <value>0x6aa7</value>
         <object_component_ref idref="oc-3f7"/>
      </symbol>
      <symbol id="sm-940">
         <name>strlen</name>
         <value>0x6ad1</value>
         <object_component_ref idref="oc-319"/>
      </symbol>
      <symbol id="sm-953">
         <name>__stack</name>
         <value>0x2000fe00</value>
         <object_component_ref idref="oc-2c"/>
      </symbol>
      <symbol id="sm-954">
         <name>_c_int00_noargs</name>
         <value>0x66d9</value>
         <object_component_ref idref="oc-58"/>
      </symbol>
      <symbol id="sm-96e">
         <name>write</name>
         <value>0x6901</value>
         <object_component_ref idref="oc-385"/>
      </symbol>
      <symbol id="sm-97f">
         <name>_stream</name>
         <value>0x20000f38</value>
         <object_component_ref idref="oc-430"/>
      </symbol>
      <symbol id="sm-980">
         <name>_device</name>
         <value>0x20000ec0</value>
         <object_component_ref idref="oc-48e"/>
      </symbol>
      <symbol id="sm-996">
         <name>__aeabi_errno_addr</name>
         <value>0x6b21</value>
         <object_component_ref idref="oc-354"/>
      </symbol>
      <symbol id="sm-997">
         <name>errno</name>
         <value>0x20000fd0</value>
         <object_component_ref idref="oc-407"/>
      </symbol>
      <symbol id="sm-9b0">
         <name>wcslen</name>
         <value>0x6ae5</value>
         <object_component_ref idref="oc-34e"/>
      </symbol>
      <symbol id="sm-9d0">
         <name>frexpl</name>
         <value>0x5ea9</value>
         <object_component_ref idref="oc-3eb"/>
      </symbol>
      <symbol id="sm-9d1">
         <name>frexp</name>
         <value>0x5ea9</value>
         <object_component_ref idref="oc-3eb"/>
      </symbol>
      <symbol id="sm-9ee">
         <name>scalbn</name>
         <value>0x4fe9</value>
         <object_component_ref idref="oc-3f1"/>
      </symbol>
      <symbol id="sm-9ef">
         <name>scalbnl</name>
         <value>0x4fe9</value>
         <object_component_ref idref="oc-3f1"/>
      </symbol>
      <symbol id="sm-9f0">
         <name>ldexpl</name>
         <value>0x4fe9</value>
         <object_component_ref idref="oc-3f1"/>
      </symbol>
      <symbol id="sm-9f1">
         <name>ldexp</name>
         <value>0x4fe9</value>
         <object_component_ref idref="oc-3f1"/>
      </symbol>
      <symbol id="sm-a01">
         <name>__TI_cleanup</name>
         <value>0x6671</value>
         <object_component_ref idref="oc-4c5"/>
      </symbol>
      <symbol id="sm-a13">
         <name>fseek</name>
         <value>0x5f0d</value>
         <object_component_ref idref="oc-47a"/>
      </symbol>
      <symbol id="sm-a1d">
         <name>__aeabi_idiv0</name>
         <value>0x4b3b</value>
         <object_component_ref idref="oc-448"/>
      </symbol>
      <symbol id="sm-a1e">
         <name>__aeabi_ldiv0</name>
         <value>0x4b3b</value>
         <object_component_ref idref="oc-448"/>
      </symbol>
      <symbol id="sm-a46">
         <name>__TI_auto_init_nobinit_nopinit</name>
         <value>0x6439</value>
         <object_component_ref idref="oc-159"/>
      </symbol>
      <symbol id="sm-a50">
         <name>_system_pre_init</name>
         <value>0x6b3d</value>
         <object_component_ref idref="oc-9a"/>
      </symbol>
      <symbol id="sm-a63">
         <name>HOSTclose</name>
         <value>0x63b1</value>
         <object_component_ref idref="oc-4dc"/>
      </symbol>
      <symbol id="sm-a74">
         <name>HOSTlseek</name>
         <value>0x5d71</value>
         <object_component_ref idref="oc-4ee"/>
      </symbol>
      <symbol id="sm-a86">
         <name>parmbuf</name>
         <value>0x200009c4</value>
      </symbol>
      <symbol id="sm-a87">
         <name>HOSTopen</name>
         <value>0x5fd5</value>
         <object_component_ref idref="oc-4d6"/>
      </symbol>
      <symbol id="sm-a98">
         <name>HOSTread</name>
         <value>0x6091</value>
         <object_component_ref idref="oc-4e2"/>
      </symbol>
      <symbol id="sm-aa9">
         <name>HOSTrename</name>
         <value>0x5d05</value>
         <object_component_ref idref="oc-4fa"/>
      </symbol>
      <symbol id="sm-aba">
         <name>HOSTunlink</name>
         <value>0x63f5</value>
         <object_component_ref idref="oc-4f4"/>
      </symbol>
      <symbol id="sm-acb">
         <name>HOSTwrite</name>
         <value>0x60e9</value>
         <object_component_ref idref="oc-4e8"/>
      </symbol>
      <symbol id="sm-aef">
         <name>__TI_readmsg</name>
         <value>0x66a5</value>
         <object_component_ref idref="oc-52b"/>
      </symbol>
      <symbol id="sm-af0">
         <name>C$$IO$$</name>
         <value>0x662f</value>
         <object_component_ref idref="oc-525"/>
      </symbol>
      <symbol id="sm-af1">
         <name>__CIOBUF_</name>
         <value>0x20000804</value>
         <object_component_ref idref="oc-564"/>
      </symbol>
      <symbol id="sm-af2">
         <name>__TI_writemsg</name>
         <value>0x6601</value>
         <object_component_ref idref="oc-525"/>
      </symbol>
      <symbol id="sm-b03">
         <name>lseek</name>
         <value>0x68d9</value>
         <object_component_ref idref="oc-4b1"/>
      </symbol>
      <symbol id="sm-b0d">
         <name>copysign</name>
         <value>0x6a19</value>
         <object_component_ref idref="oc-45e"/>
      </symbol>
      <symbol id="sm-b0e">
         <name>copysignl</name>
         <value>0x6a19</value>
         <object_component_ref idref="oc-45e"/>
      </symbol>
      <symbol id="sm-b23">
         <name>__TI_closefile</name>
         <value>0x5bb1</value>
         <object_component_ref idref="oc-51c"/>
      </symbol>
      <symbol id="sm-b46">
         <name>finddevice</name>
         <value>0x670d</value>
         <object_component_ref idref="oc-597"/>
      </symbol>
      <symbol id="sm-b47">
         <name>getdevice</name>
         <value>0x647d</value>
         <object_component_ref idref="oc-57f"/>
      </symbol>
      <symbol id="sm-b56">
         <name>strcmp</name>
         <value>0x6a63</value>
         <object_component_ref idref="oc-5a8"/>
      </symbol>
      <symbol id="sm-b64">
         <name>strcpy</name>
         <value>0x6abd</value>
         <object_component_ref idref="oc-53f"/>
      </symbol>
      <symbol id="sm-b74">
         <name>strncpy</name>
         <value>0x6639</value>
         <object_component_ref idref="oc-591"/>
      </symbol>
      <symbol id="sm-b89">
         <name>close</name>
         <value>0x6035</value>
         <object_component_ref idref="oc-555"/>
      </symbol>
      <symbol id="sm-b99">
         <name>unlink</name>
         <value>0x676d</value>
         <object_component_ref idref="oc-55b"/>
      </symbol>
      <symbol id="sm-c24">
         <name>GPIO_setAsInputPin</name>
         <value>0x623d</value>
         <object_component_ref idref="oc-f6"/>
      </symbol>
      <symbol id="sm-c25">
         <name>GPIO_setOutputHighOnPin</name>
         <value>0x6811</value>
         <object_component_ref idref="oc-132"/>
      </symbol>
      <symbol id="sm-c26">
         <name>GPIO_enableInterrupt</name>
         <value>0x67e9</value>
         <object_component_ref idref="oc-210"/>
      </symbol>
      <symbol id="sm-c27">
         <name>GPIO_setAsOutputPin</name>
         <value>0x6505</value>
         <object_component_ref idref="oc-f0"/>
      </symbol>
      <symbol id="sm-c28">
         <name>GPIO_interruptEdgeSelect</name>
         <value>0x65c5</value>
         <object_component_ref idref="oc-204"/>
      </symbol>
      <symbol id="sm-c29">
         <name>GPIO_setOutputLowOnPin</name>
         <value>0x6839</value>
         <object_component_ref idref="oc-138"/>
      </symbol>
      <symbol id="sm-c2a">
         <name>GPIO_clearInterruptFlag</name>
         <value>0x6799</value>
         <object_component_ref idref="oc-20a"/>
      </symbol>
      <symbol id="sm-c2b">
         <name>GPIO_setAsPeripheralModuleFunctionInputPin</name>
         <value>0x58a5</value>
         <object_component_ref idref="oc-fc"/>
      </symbol>
      <symbol id="sm-c2c">
         <name>GPIO_disableInterrupt</name>
         <value>0x67c1</value>
         <object_component_ref idref="oc-216"/>
      </symbol>
      <symbol id="sm-c49">
         <name>Interrupt_enableInterrupt</name>
         <value>0x5a39</value>
         <object_component_ref idref="oc-114"/>
      </symbol>
      <symbol id="sm-c58">
         <name>PCM_gotoLPM0</name>
         <value>0x6861</value>
         <object_component_ref idref="oc-b9"/>
      </symbol>
      <symbol id="sm-ccc">
         <name>EUSCI_A_SPI_enableInterrupt</name>
         <value>0x69e5</value>
         <object_component_ref idref="oc-1cd"/>
      </symbol>
      <symbol id="sm-ccd">
         <name>EUSCI_A_SPI_getInterruptStatus</name>
         <value>0x6a33</value>
         <object_component_ref idref="oc-1de"/>
      </symbol>
      <symbol id="sm-cce">
         <name>EUSCI_B_SPI_getInterruptStatus</name>
         <value>0x6a4b</value>
         <object_component_ref idref="oc-1e4"/>
      </symbol>
      <symbol id="sm-ccf">
         <name>EUSCI_B_SPI_enable</name>
         <value>0x6a91</value>
         <object_component_ref idref="oc-1c6"/>
      </symbol>
      <symbol id="sm-cd0">
         <name>SPI_enableModule</name>
         <value>0x698f</value>
         <object_component_ref idref="oc-108"/>
      </symbol>
      <symbol id="sm-cd1">
         <name>EUSCI_A_SPI_enable</name>
         <value>0x6a7b</value>
         <object_component_ref idref="oc-1c0"/>
      </symbol>
      <symbol id="sm-cd2">
         <name>EUSCI_B_SPI_enableInterrupt</name>
         <value>0x69ff</value>
         <object_component_ref idref="oc-1d3"/>
      </symbol>
      <symbol id="sm-cd3">
         <name>SPI_getInterruptStatus</name>
         <value>0x6889</value>
         <object_component_ref idref="oc-11a"/>
      </symbol>
      <symbol id="sm-cd4">
         <name>SPI_initMaster</name>
         <value>0x5637</value>
         <object_component_ref idref="oc-102"/>
      </symbol>
      <symbol id="sm-cd5">
         <name>SPI_enableInterrupt</name>
         <value>0x6929</value>
         <object_component_ref idref="oc-10e"/>
      </symbol>
      <symbol id="sm-ce0">
         <name>CPU_wfi</name>
         <value>0x6b31</value>
         <object_component_ref idref="oc-18f"/>
      </symbol>
      <symbol id="sm-ce2">
         <name>__TI_static_base__</name>
         <value>0x0</value>
      </symbol>
      <symbol id="sm-ce5">
         <name>__mpu_init</name>
         <value>0x0</value>
      </symbol>
      <symbol id="sm-ce6">
         <name>_system_post_cinit</name>
         <value>0x0</value>
      </symbol>
      <symbol id="sm-ce7">
         <name>NMI_Handler</name>
         <value>0x6b11</value>
      </symbol>
      <symbol id="sm-ce8">
         <name>HardFault_Handler</name>
         <value>0x6b11</value>
      </symbol>
      <symbol id="sm-ce9">
         <name>MemManage_Handler</name>
         <value>0x6b11</value>
      </symbol>
      <symbol id="sm-cea">
         <name>BusFault_Handler</name>
         <value>0x6b11</value>
      </symbol>
      <symbol id="sm-ceb">
         <name>UsageFault_Handler</name>
         <value>0x6b11</value>
      </symbol>
      <symbol id="sm-cec">
         <name>SVC_Handler</name>
         <value>0x6b11</value>
      </symbol>
      <symbol id="sm-ced">
         <name>DebugMon_Handler</name>
         <value>0x6b11</value>
      </symbol>
      <symbol id="sm-cee">
         <name>PendSV_Handler</name>
         <value>0x6b11</value>
      </symbol>
      <symbol id="sm-cef">
         <name>SysTick_Handler</name>
         <value>0x6b11</value>
      </symbol>
      <symbol id="sm-cf0">
         <name>PSS_IRQHandler</name>
         <value>0x6b11</value>
      </symbol>
      <symbol id="sm-cf1">
         <name>CS_IRQHandler</name>
         <value>0x6b11</value>
      </symbol>
      <symbol id="sm-cf2">
         <name>PCM_IRQHandler</name>
         <value>0x6b11</value>
      </symbol>
      <symbol id="sm-cf3">
         <name>WDT_A_IRQHandler</name>
         <value>0x6b11</value>
      </symbol>
      <symbol id="sm-cf4">
         <name>FPU_IRQHandler</name>
         <value>0x6b11</value>
      </symbol>
      <symbol id="sm-cf5">
         <name>FLCTL_IRQHandler</name>
         <value>0x6b11</value>
      </symbol>
      <symbol id="sm-cf6">
         <name>COMP_E0_IRQHandler</name>
         <value>0x6b11</value>
      </symbol>
      <symbol id="sm-cf7">
         <name>COMP_E1_IRQHandler</name>
         <value>0x6b11</value>
      </symbol>
      <symbol id="sm-cf8">
         <name>TA0_0_IRQHandler</name>
         <value>0x6b11</value>
      </symbol>
      <symbol id="sm-cf9">
         <name>TA0_N_IRQHandler</name>
         <value>0x6b11</value>
      </symbol>
      <symbol id="sm-cfa">
         <name>TA1_0_IRQHandler</name>
         <value>0x6b11</value>
      </symbol>
      <symbol id="sm-cfb">
         <name>TA1_N_IRQHandler</name>
         <value>0x6b11</value>
      </symbol>
      <symbol id="sm-cfc">
         <name>TA2_0_IRQHandler</name>
         <value>0x6b11</value>
      </symbol>
      <symbol id="sm-cfd">
         <name>TA2_N_IRQHandler</name>
         <value>0x6b11</value>
      </symbol>
      <symbol id="sm-cfe">
         <name>TA3_0_IRQHandler</name>
         <value>0x6b11</value>
      </symbol>
      <symbol id="sm-cff">
         <name>TA3_N_IRQHandler</name>
         <value>0x6b11</value>
      </symbol>
      <symbol id="sm-d00">
         <name>EUSCIA0_IRQHandler</name>
         <value>0x6b11</value>
      </symbol>
      <symbol id="sm-d01">
         <name>EUSCIA1_IRQHandler</name>
         <value>0x6b11</value>
      </symbol>
      <symbol id="sm-d02">
         <name>EUSCIA2_IRQHandler</name>
         <value>0x6b11</value>
      </symbol>
      <symbol id="sm-d03">
         <name>EUSCIA3_IRQHandler</name>
         <value>0x6b11</value>
      </symbol>
      <symbol id="sm-d04">
         <name>EUSCIB0_IRQHandler</name>
         <value>0x54d1</value>
      </symbol>
      <symbol id="sm-d05">
         <name>EUSCIB1_IRQHandler</name>
         <value>0x6b11</value>
      </symbol>
      <symbol id="sm-d06">
         <name>EUSCIB2_IRQHandler</name>
         <value>0x6b11</value>
      </symbol>
      <symbol id="sm-d07">
         <name>EUSCIB3_IRQHandler</name>
         <value>0x6b11</value>
      </symbol>
      <symbol id="sm-d08">
         <name>ADC14_IRQHandler</name>
         <value>0x6b11</value>
      </symbol>
      <symbol id="sm-d09">
         <name>T32_INT1_IRQHandler</name>
         <value>0x6b11</value>
      </symbol>
      <symbol id="sm-d0a">
         <name>T32_INT2_IRQHandler</name>
         <value>0x6b11</value>
      </symbol>
      <symbol id="sm-d0b">
         <name>T32_INTC_IRQHandler</name>
         <value>0x6b11</value>
      </symbol>
      <symbol id="sm-d0c">
         <name>AES256_IRQHandler</name>
         <value>0x6b11</value>
      </symbol>
      <symbol id="sm-d0d">
         <name>RTC_C_IRQHandler</name>
         <value>0x6b11</value>
      </symbol>
      <symbol id="sm-d0e">
         <name>DMA_ERR_IRQHandler</name>
         <value>0x6b11</value>
      </symbol>
      <symbol id="sm-d0f">
         <name>DMA_INT3_IRQHandler</name>
         <value>0x6b11</value>
      </symbol>
      <symbol id="sm-d10">
         <name>DMA_INT2_IRQHandler</name>
         <value>0x6b11</value>
      </symbol>
      <symbol id="sm-d11">
         <name>DMA_INT1_IRQHandler</name>
         <value>0x6b11</value>
      </symbol>
      <symbol id="sm-d12">
         <name>DMA_INT0_IRQHandler</name>
         <value>0x6b11</value>
      </symbol>
      <symbol id="sm-d13">
         <name>PORT1_IRQHandler</name>
         <value>0x6b11</value>
      </symbol>
      <symbol id="sm-d14">
         <name>PORT2_IRQHandler</name>
         <value>0x6b11</value>
      </symbol>
      <symbol id="sm-d15">
         <name>PORT3_IRQHandler</name>
         <value>0x6b11</value>
      </symbol>
      <symbol id="sm-d16">
         <name>PORT4_IRQHandler</name>
         <value>0x6b11</value>
      </symbol>
      <symbol id="sm-d17">
         <name>PORT5_IRQHandler</name>
         <value>0x6b11</value>
      </symbol>
      <symbol id="sm-d18">
         <name>PORT6_IRQHandler</name>
         <value>0x6b11</value>
      </symbol>
      <symbol id="sm-d19">
         <name>remove</name>
         <value>0x676d</value>
      </symbol>
   </symbol_table>
   <title>Link successful</title>
</link_info>
