******************************************************************************
                  TI ARM Linker Unix v20.2.7                   
******************************************************************************
>> Linked Fri Aug 29 23:01:16 2025

OUTPUT FILE NAME:   <MySDR.out>
ENTRY POINT SYMBOL: "_c_int00_noargs"  address: 0000662d


MEMORY CONFIGURATION

         name            origin    length      used     unused   attr    fill
----------------------  --------  ---------  --------  --------  ----  --------
  MAIN                  00000000   00040000  00006cd2  0003932e  R  X
  INFO                  00200000   00004000  00000000  00004000  R  X
  SRAM_CODE             01000000   00010000  000011d6  0000ee2a  RW X
  SRAM_DATA             20000000   00010000  000011d6  0000ee2a  RW  


SEGMENT ALLOCATION MAP

run origin  load origin   length   init length attrs members
----------  ----------- ---------- ----------- ----- -------
00000000    00000000    00006cd8   00006cd8    r-x
  00000000    00000000    000000e4   000000e4    r-- .intvecs
  000000e4    000000e4    000069b4   000069b4    r-x .text
  00006a98    00006a98    00000192   00000192    r-- .const
  00006c30    00006c30    000000a8   000000a8    r-- .cinit
20000000    20000000    00000fd8   00000000    rw-
  20000000    20000000    000009ce   00000000    rw- .bss
  200009d0    200009d0    00000400   00000000    rw- .sysmem
  20000dd0    20000dd0    00000208   00000000    rw- .data
2000fe00    2000fe00    00000200   00000000    rw-
  2000fe00    2000fe00    00000200   00000000    rw- .stack


SECTION ALLOCATION MAP

 output                                  attributes/
section   page    origin      length       input sections
--------  ----  ----------  ----------   ----------------
.intvecs   0    00000000    000000e4     
                  00000000    000000e4     startup_msp432p401r_ccs.obj (.intvecs:retain)

.text      0    000000e4    000069b4     
                  000000e4    000033fc     at86rf215.obj (.text)
                  000034e0    00000a4e     rtsv7M4_T_le_v4SPD16_eabi.lib : _printfi.c.obj (.text:__TI_printfi)
                  00003f2e    00000002                                   : _lock.c.obj (.text:_nop)
                  00003f30    00000334     system_msp432p401r.obj (.text)
                  00004264    00000270     rtsv7M4_T_le_v4SPD16_eabi.lib : _printfi.c.obj (.text:_pconv_a)
                  000044d4    00000234     main.obj (.text)
                  00004708    000001d0     rtsv7M4_T_le_v4SPD16_eabi.lib : _printfi.c.obj (.text:_pconv_g)
                  000048d8    000001b6                                   : fd_add_t2.asm.obj (.text)
                  00004a8e    00000002                                   : div0.asm.obj (.text)
                  00004a90    0000013c                                   : _printfi.c.obj (.text:_pconv_e)
                  00004bcc    00000136                                   : fd_div_t2.asm.obj (.text)
                  00004d02    00000002     --HOLE-- [fill = 0]
                  00004d04    00000124                                   : _printfi.c.obj (.text:fcvt)
                  00004e28    00000114                                   : fputs.c.obj (.text:fputs)
                  00004f3c    00000110                                   : s_scalbn.c.obj (.text:scalbn)
                  0000504c    00000100                                   : memory.c.obj (.text:aligned_alloc)
                  0000514c    000000fc                                   : fd_mul_t2.asm.obj (.text)
                  00005248    000000e4                                   : memory.c.obj (.text:free)
                  0000532c    000000dc                                   : setvbuf.c.obj (.text:setvbuf)
                  00005408    000000d0     spi_helper.obj (.text)
                  000054d8    000000b1     rtsv7M4_T_le_v4SPD16_eabi.lib : _printfi.c.obj (.text:_ltostr)
                  00005589    00000001     --HOLE-- [fill = 0]
                  0000558a    000000b0     msp432p4xx_driverlib.lib : spi.o (.text:SPI_initMaster)
                  0000563a    0000009c     rtsv7M4_T_le_v4SPD16_eabi.lib : memcpy_t2.asm.obj (.text)
                  000056d6    00000096                                   : ull_div_t2.asm.obj (.text)
                  0000576c    0000008c                                   : fputc.c.obj (.text:fputc)
                  000057f8    00000088     msp432p4xx_driverlib.lib : gpio.o (.text:GPIO_setAsPeripheralModuleFunctionInputPin)
                  00005880    00000086     rtsv7M4_T_le_v4SPD16_eabi.lib : fd_cmp_t2.asm.obj (.text:__aeabi_cdcmple)
                  00005906    00000086                                   : fd_cmp_t2.asm.obj (.text:__aeabi_cdrcmple)
                  0000598c    00000080     msp432p4xx_driverlib.lib : interrupt.o (.text:Interrupt_enableInterrupt)
                  00005a0c    0000007c     rtsv7M4_T_le_v4SPD16_eabi.lib : fflush.c.obj (.text:fflush)
                  00005a88    0000007a                                   : memset_t2.asm.obj (.text)
                  00005b02    00000002     --HOLE-- [fill = 0]
                  00005b04    00000074                                   : fclose.c.obj (.text:__TI_closefile)
                  00005b78    00000070                                   : memory.c.obj (.text:split)
                  00005be8    0000006e                                   : _printfi.c.obj (.text:_mcpy)
                  00005c56    00000002     --HOLE-- [fill = 0]
                  00005c58    0000006c                                   : hostrename.c.obj (.text:HOSTrename)
                  00005cc4    00000068                                   : hostlseek.c.obj (.text:HOSTlseek)
                  00005d2c    00000068                                   : copy_decompress_lzss.c.obj (.text:decompress:lzss:__TI_decompress_lzss)
                  00005d94    00000068                                   : printf.c.obj (.text:printf)
                  00005dfc    00000064                                   : s_frexp.c.obj (.text:frexp)
                  00005e60    00000064                                   : fseek.c.obj (.text:fseek)
                  00005ec4    00000062                                   : _io_perm.c.obj (.text:__TI_wrt_ok)
                  00005f26    00000002     --HOLE-- [fill = 0]
                  00005f28    00000060                                   : hostopen.c.obj (.text:HOSTopen)
                  00005f88    0000005c                                   : close.c.obj (.text:close)
                  00005fe4    00000058                                   : hostread.c.obj (.text:HOSTread)
                  0000603c    00000058                                   : hostwrite.c.obj (.text:HOSTwrite)
                  00006094    00000056                                   : _printfi.c.obj (.text:_pconv_f)
                  000060ea    00000054                                   : _ltoa.c.obj (.text:__TI_ltoa)
                  0000613e    00000052                                   : _printfi.c.obj (.text:_ecpy)
                  00006190    0000004c     msp432p4xx_driverlib.lib : gpio.o (.text:GPIO_setAsInputPin)
                  000061dc    0000004c     rtsv7M4_T_le_v4SPD16_eabi.lib : fflush.c.obj (.text:__TI_doflush)
                  00006228    0000004c                                   : atoi.c.obj (.text:atoi)
                  00006274    00000048                                   : exit.c.obj (.text:exit)
                  000062bc    00000048                                   : fd_toi_t2.asm.obj (.text)
                  00006304    00000044                                   : hostclose.c.obj (.text:HOSTclose)
                  00006348    00000044                                   : hostunlink.c.obj (.text:HOSTunlink)
                  0000638c    00000044                                   : autoinit.c.obj (.text:__TI_auto_init_nobinit_nopinit:__TI_auto_init_nobinit_nopinit)
                  000063d0    00000044                                   : getdevice.c.obj (.text:getdevice)
                  00006414    00000044                                   : fd_tou_t2.asm.obj (.text)
                  00006458    00000040     msp432p4xx_driverlib.lib : gpio.o (.text:GPIO_setAsOutputPin)
                  00006498    00000040                              : spi.o (.text:is_A_Module)
                  000064d8    0000003e     rtsv7M4_T_le_v4SPD16_eabi.lib : _printfi.c.obj (.text:_fcpy)
                  00006516    00000002     --HOLE-- [fill = 0]
                  00006518    0000003c     msp432p4xx_driverlib.lib : gpio.o (.text:GPIO_interruptEdgeSelect)
                  00006554    00000038     rtsv7M4_T_le_v4SPD16_eabi.lib : trgmsg.c.obj (.text:__TI_writemsg)
                  0000658c    00000036                                   : strncpy.c.obj (.text:strncpy)
                  000065c2    00000002     --HOLE-- [fill = 0]
                  000065c4    00000034                                   : fopen.c.obj (.text:__TI_cleanup)
                  000065f8    00000034                                   : trgmsg.c.obj (.text:__TI_readmsg)
                  0000662c    00000034                                   : boot_cortex_m.c.obj (.text:_c_int00_noargs:_c_int00_noargs)
                  00006660    00000030                                   : getdevice.c.obj (.text:finddevice)
                  00006690    0000002e                                   : i_tofd_t2.asm.obj (.text)
                  000066be    00000002     --HOLE-- [fill = 0]
                  000066c0    0000002c                                   : unlink.c.obj (.text:unlink)
                  000066ec    00000028     msp432p4xx_driverlib.lib : gpio.o (.text:GPIO_clearInterruptFlag)
                  00006714    00000028                              : gpio.o (.text:GPIO_disableInterrupt)
                  0000673c    00000028                              : gpio.o (.text:GPIO_enableInterrupt)
                  00006764    00000028                              : gpio.o (.text:GPIO_setOutputHighOnPin)
                  0000678c    00000028                              : gpio.o (.text:GPIO_setOutputLowOnPin)
                  000067b4    00000028                              : pcm.o (.text:PCM_gotoLPM0)
                  000067dc    00000028                              : spi.o (.text:SPI_getInterruptStatus)
                  00006804    00000028     rtsv7M4_T_le_v4SPD16_eabi.lib : memory.c.obj (.text:free_list_insert)
                  0000682c    00000028                                   : lseek.c.obj (.text:lseek)
                  00006854    00000028                                   : write.c.obj (.text:write)
                  0000687c    00000026     msp432p4xx_driverlib.lib : spi.o (.text:SPI_enableInterrupt)
                  000068a2    00000020     rtsv7M4_T_le_v4SPD16_eabi.lib : memchr.c.obj (.text:memchr)
                  000068c2    00000020                                   : u_tofd_t2.asm.obj (.text)
                  000068e2    0000001c     msp432p4xx_driverlib.lib : spi.o (.text:SPI_enableModule)
                  000068fe    00000002     --HOLE-- [fill = 0]
                  00006900    0000001c     rtsv7M4_T_le_v4SPD16_eabi.lib : memory.c.obj (.text:free_list_remove)
                  0000691c    0000001c                                   : memccpy.c.obj (.text:memccpy)
                  00006938    0000001a     msp432p4xx_driverlib.lib : spi.o (.text:EUSCI_A_SPI_enableInterrupt)
                  00006952    0000001a                              : spi.o (.text:EUSCI_B_SPI_enableInterrupt)
                  0000696c    0000001a     rtsv7M4_T_le_v4SPD16_eabi.lib : s_copysign.c.obj (.text:copysign)
                  00006986    00000018     msp432p4xx_driverlib.lib : spi.o (.text:EUSCI_A_SPI_getInterruptStatus)
                  0000699e    00000018                              : spi.o (.text:EUSCI_B_SPI_getInterruptStatus)
                  000069b6    00000018     rtsv7M4_T_le_v4SPD16_eabi.lib : strcmp.c.obj (.text:strcmp)
                  000069ce    00000016     msp432p4xx_driverlib.lib : spi.o (.text:EUSCI_A_SPI_enable)
                  000069e4    00000016                              : spi.o (.text:EUSCI_B_SPI_enable)
                  000069fa    00000016     rtsv7M4_T_le_v4SPD16_eabi.lib : strchr.c.obj (.text:strchr)
                  00006a10    00000014                                   : strcpy.c.obj (.text:strcpy)
                  00006a24    00000014                                   : strlen.c.obj (.text:strlen)
                  00006a38    00000012                                   : wcslen.c.obj (.text:wcslen)
                  00006a4a    0000000e                                   : copy_decompress_none.c.obj (.text:decompress:none:__TI_decompress_none)
                  00006a58    0000000e     startup_msp432p401r_ccs.obj (.text)
                  00006a66    0000000c     rtsv7M4_T_le_v4SPD16_eabi.lib : copy_zero_init.c.obj (.text:decompress:ZI:__TI_zero_init)
                  00006a72    00000002     --HOLE-- [fill = 0]
                  00006a74    00000008                                   : errno.c.obj (.text:__aeabi_errno_addr)
                  00006a7c    00000008                                   : memory.c.obj (.text:malloc)
                  00006a84    00000004     msp432p4xx_driverlib.lib : cpu.o (.text:CPU_wfi)
                  00006a88    00000004     rtsv7M4_T_le_v4SPD16_eabi.lib : printf.c.obj (.text:_outc)
                  00006a8c    00000004                                   : printf.c.obj (.text:_outs)
                  00006a90    00000004                                   : pre_init.c.obj (.text:_system_pre_init)
                  00006a94    00000004                                   : exit.c.obj (.text:abort:abort)

.const     0    00006a98    00000192     
                  00006a98    00000101     rtsv7M4_T_le_v4SPD16_eabi.lib : ctype.c.obj (.const:.string:_ctypes_)
                  00006b99    00000002     at86rf215.obj (.const:.string:$P$T2$1)
                  00006b9b    00000001     --HOLE-- [fill = 0]
                  00006b9c    00000030     msp432p4xx_driverlib.lib : gpio.o (.const:GPIO_PORT_TO_BASE)
                  00006bcc    00000008                              : interrupt.o (.const:g_pulEnRegs)
                  00006bd4    00000006     at86rf215.obj (.const:.string:fsk_rx_conf_ifs_midx1_09)
                  00006bda    00000006     at86rf215.obj (.const:.string:fsk_rx_conf_ifs_midx1_24)
                  00006be0    00000006     at86rf215.obj (.const:.string:fsk_rx_conf_ifs_midx3_09)
                  00006be6    00000006     at86rf215.obj (.const:.string:fsk_rx_conf_ifs_midx3_24)
                  00006bec    00000006     at86rf215.obj (.const:fsk_rx_conf_rbw_midx1_09)
                  00006bf2    00000006     at86rf215.obj (.const:fsk_rx_conf_rbw_midx1_24)
                  00006bf8    00000006     at86rf215.obj (.const:fsk_rx_conf_rbw_midx3_09)
                  00006bfe    00000006     at86rf215.obj (.const:fsk_rx_conf_rbw_midx3_24)
                  00006c04    00000006     at86rf215.obj (.const:fsk_rx_conf_rcut_midx1_09)
                  00006c0a    00000006     at86rf215.obj (.const:fsk_rx_conf_rcut_midx1_24)
                  00006c10    00000006     at86rf215.obj (.const:fsk_rx_conf_rcut_midx3_09)
                  00006c16    00000006     at86rf215.obj (.const:fsk_rx_conf_rcut_midx3_24)
                  00006c1c    00000006     at86rf215.obj (.const:fsk_tx_conf_rcut_midx1)
                  00006c22    00000006     at86rf215.obj (.const:fsk_tx_conf_rcut_midx3)
                  00006c28    00000002     at86rf215.obj (.const:.string:$P$T3$2)

.cinit     0    00006c30    000000a8     
                  00006c30    0000007f     (.cinit..data.load) [load image, compression = lzss]
                  00006caf    00000001     --HOLE-- [fill = 0]
                  00006cb0    0000000c     (__TI_handler_table)
                  00006cbc    00000004     --HOLE-- [fill = 0]
                  00006cc0    00000008     (.cinit..bss.load) [load image, compression = zero_init]
                  00006cc8    00000010     (__TI_cinit_table)

.init_array 
*          0    00000000    00000000     UNINITIALIZED

.binit     0    00000000    00000000     

.bss       0    20000000    000009ce     UNINITIALIZED
                  20000000    00000804     at86rf215.obj (.bss:spi_buffer)
                  20000804    00000120     rtsv7M4_T_le_v4SPD16_eabi.lib : trgmsg.c.obj (.bss:_CIOBUF_)
                  20000924    000000a0     (.common:__TI_tmpnams)
                  200009c4    00000008     (.common:parmbuf)
                  200009cc    00000001     (.common:SPI_RXData_IQ)
                  200009cd    00000001     (.common:modem_state)

.sysmem    0    200009d0    00000400     UNINITIALIZED
                  200009d0    00000010     rtsv7M4_T_le_v4SPD16_eabi.lib : memory.c.obj (.sysmem)
                  200009e0    000003f0     --HOLE--

.data      0    20000dd0    00000208     UNINITIALIZED
                  20000dd0    000000f0     rtsv7M4_T_le_v4SPD16_eabi.lib : defs.c.obj (.data:_ftable)
                  20000ec0    00000078                                   : host_device.c.obj (.data:_device)
                  20000f38    00000050                                   : host_device.c.obj (.data:_stream)
                  20000f88    0000001c     main.obj (.data:spiMasterConfig)
                  20000fa4    00000010     rtsv7M4_T_le_v4SPD16_eabi.lib : defs.c.obj (.data)
                  20000fb4    0000000c                                   : exit.c.obj (.data:$O1$$)
                  20000fc0    00000008                                   : _lock.c.obj (.data:$O1$$)
                  20000fc8    00000008                                   : memory.c.obj (.data:$O1$$)
                  20000fd0    00000004                                   : errno.c.obj (.data)
                  20000fd4    00000004     system_msp432p401r.obj (.data)

.stack     0    2000fe00    00000200     UNINITIALIZED
                  2000fe00    00000004     rtsv7M4_T_le_v4SPD16_eabi.lib : boot_cortex_m.c.obj (.stack)
                  2000fe04    000001fc     --HOLE--

__llvm_prf_cnts 
*          0    20000000    00000000     UNINITIALIZED

MODULE SUMMARY

       Module                        code    ro data   rw data
       ------                        ----    -------   -------
    ./
       system_msp432p401r.obj        820     0         8      
       main.obj                      564     0         56     
       startup_msp432p401r_ccs.obj   14      228       0      
    +--+-----------------------------+-------+---------+---------+
       Total:                        1398    228       64     
                                                              
    ./Src/
       at86rf215.obj                 13308   88        4106   
       spi_helper.obj                208     0         2      
    +--+-----------------------------+-------+---------+---------+
       Total:                        13516   88        4108   
                                                              
    /home/supriya/ti/ccs1281/ccs/tools/compiler/ti-cgt-arm_20.2.7.LTS/lib/rtsv7M4_T_le_v4SPD16_eabi.lib
       _printfi.c.obj                4851    0         0      
       defs.c.obj                    0       0         832    
       memory.c.obj                  672     0         16     
       trgmsg.c.obj                  108     0         576    
       fd_add_t2.asm.obj             438     0         0      
       host_device.c.obj             0       0         400    
       fd_div_t2.asm.obj             310     0         0      
       fputs.c.obj                   276     0         0      
       s_scalbn.c.obj                272     0         0      
       fd_cmp_t2.asm.obj             268     0         0      
       ctype.c.obj                   0       257       0      
       fd_mul_t2.asm.obj             252     0         0      
       setvbuf.c.obj                 220     0         0      
       fflush.c.obj                  200     0         0      
       memcpy_t2.asm.obj             156     0         0      
       ull_div_t2.asm.obj            150     0         0      
       fputc.c.obj                   140     0         0      
       memset_t2.asm.obj             122     0         0      
       fclose.c.obj                  116     0         0      
       getdevice.c.obj               116     0         0      
       hostopen.c.obj                96      0         16     
       printf.c.obj                  112     0         0      
       hostrename.c.obj              108     0         0      
       copy_decompress_lzss.c.obj    104     0         0      
       hostlseek.c.obj               104     0         0      
       exit.c.obj                    76      0         24     
       fseek.c.obj                   100     0         0      
       s_frexp.c.obj                 100     0         0      
       _io_perm.c.obj                98      0         0      
       close.c.obj                   92      0         0      
       hostread.c.obj                88      0         0      
       hostwrite.c.obj               88      0         0      
       _ltoa.c.obj                   84      0         0      
       atoi.c.obj                    76      0         0      
       fd_toi_t2.asm.obj             72      0         0      
       autoinit.c.obj                68      0         0      
       fd_tou_t2.asm.obj             68      0         0      
       hostclose.c.obj               68      0         0      
       hostunlink.c.obj              68      0         0      
       strncpy.c.obj                 54      0         0      
       boot_cortex_m.c.obj           52      0         0      
       fopen.c.obj                   52      0         0      
       i_tofd_t2.asm.obj             46      0         0      
       unlink.c.obj                  44      0         0      
       lseek.c.obj                   40      0         0      
       write.c.obj                   40      0         0      
       memchr.c.obj                  32      0         0      
       u_tofd_t2.asm.obj             32      0         0      
       memccpy.c.obj                 28      0         0      
       s_copysign.c.obj              26      0         0      
       strcmp.c.obj                  24      0         0      
       strchr.c.obj                  22      0         0      
       strcpy.c.obj                  20      0         0      
       strlen.c.obj                  20      0         0      
       _lock.c.obj                   2       0         16     
       wcslen.c.obj                  18      0         0      
       errno.c.obj                   8       0         8      
       copy_decompress_none.c.obj    14      0         0      
       copy_zero_init.c.obj          12      0         0      
       pre_init.c.obj                4       0         0      
       div0.asm.obj                  2       0         0      
    +--+-----------------------------+-------+---------+---------+
       Total:                        10929   257       1888   
                                                              
    /home/supriya/ti/simplelink_msp432p4_sdk_3_40_01_02/source/ti/devices/msp432p4xx/driverlib/ccs/msp432p4xx_driverlib.lib
       gpio.o                        536     48        0      
       spi.o                         490     0         0      
       interrupt.o                   128     8         0      
       pcm.o                         40      0         0      
       cpu.o                         4       0         0      
    +--+-----------------------------+-------+---------+---------+
       Total:                        1198    56        0      
                                                              
       Heap:                         0       0         2048   
       Stack:                        0       0         1024   
       Linker Generated:             0       163       0      
    +--+-----------------------------+-------+---------+---------+
       Grand Total:                  27041   792       9132   


LINKER GENERATED COPY TABLES

__TI_cinit_table @ 00006cc8 records: 2, size/record: 8, table size: 16
	.data: load addr=00006c30, load size=0000007f bytes, run addr=20000dd0, run size=00000208 bytes, compression=lzss
	.bss: load addr=00006cc0, load size=00000008 bytes, run addr=20000000, run size=000009ce bytes, compression=zero_init


LINKER GENERATED HANDLER TABLE

__TI_handler_table @ 00006cb0 records: 3, size/record: 4, table size: 12
	index: 0, handler: __TI_decompress_lzss
	index: 1, handler: __TI_decompress_none
	index: 2, handler: __TI_zero_init


GLOBAL SYMBOLS: SORTED ALPHABETICALLY BY Name 

address   name                                      
-------   ----                                      
00006a65  ADC14_IRQHandler                          
00006a65  AES256_IRQHandler                         
00002b7b  AT86RF215GetState                         
000029e3  AT86RF215Read                             
00002a71  AT86RF215ReadBuffer                       
0000468d  AT86RF215Reset                            
000033f5  AT86RF215Set09CWSingleToneTest            
00002c43  AT86RF215SetChannel                       
000030cd  AT86RF215SetIRQMask                       
00003241  AT86RF215SetPHYType                       
00002c03  AT86RF215SetRFMode                        
00002bc9  AT86RF215SetState                         
000032d5  AT86RF215TxSetContinuous                  
00002f7d  AT86RF215TxSetCutOff                      
000033a1  AT86RF215TxSetDataWhite                   
000032fd  AT86RF215TxSetDirectMod                   
00003349  AT86RF215TxSetFrameLength                 
00002ae3  AT86RF215TxSetIQ                          
00002dd5  AT86RF215TxSetPAC                         
00002e5f  AT86RF215TxSetPAVC                        
00002ee5  AT86RF215TxSetPwr                         
00003021  AT86RF215TxSetSR                          
000029c9  AT86RF215Write                            
000029fd  AT86RF215WriteBuffer                      
00003187  AT86RF215_TX_Alt01_Test                   
00006a65  BusFault_Handler                          
00006a95  C$$EXIT                                   
00006583  C$$IO$$                                   
00006a65  COMP_E0_IRQHandler                        
00006a65  COMP_E1_IRQHandler                        
00006a85  CPU_wfi                                   
00006a65  CS_IRQHandler                             
000045bf  ClockInit                                 
00006a65  DMA_ERR_IRQHandler                        
00006a65  DMA_INT0_IRQHandler                       
00006a65  DMA_INT1_IRQHandler                       
00006a65  DMA_INT2_IRQHandler                       
00006a65  DMA_INT3_IRQHandler                       
00006a65  DebugMon_Handler                          
00006a65  Default_Handler                           
00006a65  EUSCIA0_IRQHandler                        
00006a65  EUSCIA1_IRQHandler                        
00006a65  EUSCIA2_IRQHandler                        
00006a65  EUSCIA3_IRQHandler                        
00005425  EUSCIB0_IRQHandler                        
00005425  EUSCIB0_IRQHandler                        
00006a65  EUSCIB1_IRQHandler                        
00006a65  EUSCIB2_IRQHandler                        
00006a65  EUSCIB3_IRQHandler                        
000069cf  EUSCI_A_SPI_enable                        
00006939  EUSCI_A_SPI_enableInterrupt               
00006987  EUSCI_A_SPI_getInterruptStatus            
000069e5  EUSCI_B_SPI_enable                        
00006953  EUSCI_B_SPI_enableInterrupt               
0000699f  EUSCI_B_SPI_getInterruptStatus            
00006a65  FLCTL_IRQHandler                          
00006a65  FPU_IRQHandler                            
000066ed  GPIO_clearInterruptFlag                   
00006715  GPIO_disableInterrupt                     
0000673d  GPIO_enableInterrupt                      
00006519  GPIO_interruptEdgeSelect                  
00006191  GPIO_setAsInputPin                        
00006459  GPIO_setAsOutputPin                       
000057f9  GPIO_setAsPeripheralModuleFunctionInputPin
00006765  GPIO_setOutputHighOnPin                   
0000678d  GPIO_setOutputLowOnPin                    
00004619  GpioSetInterrupt                          
00006305  HOSTclose                                 
00005cc5  HOSTlseek                                 
00005f29  HOSTopen                                  
00005fe5  HOSTread                                  
00005c59  HOSTrename                                
00006349  HOSTunlink                                
0000603d  HOSTwrite                                 
00006a65  HardFault_Handler                         
0000598d  Interrupt_enableInterrupt                 
00006a65  MemManage_Handler                         
00006a65  NMI_Handler                               
00006a65  PCM_IRQHandler                            
000067b5  PCM_gotoLPM0                              
00006a65  PORT1_IRQHandler                          
00006a65  PORT2_IRQHandler                          
00006a65  PORT3_IRQHandler                          
00006a65  PORT4_IRQHandler                          
00006a65  PORT5_IRQHandler                          
00006a65  PORT6_IRQHandler                          
00006a65  PSS_IRQHandler                            
00006a65  PendSV_Handler                            
00006a65  RTC_C_IRQHandler                          
00006a59  Reset_Handler                             
200009cc  SPI_RXData_IQ                             
0000687d  SPI_enableInterrupt                       
000068e3  SPI_enableModule                          
000067dd  SPI_getInterruptStatus                    
0000558b  SPI_initMaster                            
00006a65  SVC_Handler                               
00005409  SpiInOut_IQRadio                          
00006a65  SysTick_Handler                           
20000fd4  SystemCoreClock                           
00003f31  SystemCoreClockUpdate                     
000041a9  SystemInit                                
00006a65  T32_INT1_IRQHandler                       
00006a65  T32_INT2_IRQHandler                       
00006a65  T32_INTC_IRQHandler                       
00006a65  TA0_0_IRQHandler                          
00006a65  TA0_N_IRQHandler                          
00006a65  TA1_0_IRQHandler                          
00006a65  TA1_N_IRQHandler                          
00006a65  TA2_0_IRQHandler                          
00006a65  TA2_N_IRQHandler                          
00006a65  TA3_0_IRQHandler                          
00006a65  TA3_N_IRQHandler                          
00006a65  UsageFault_Handler                        
4000480c  WDTCTL_SYM                                
00006a65  WDT_A_IRQHandler                          
20000804  __CIOBUF_                                 
20010000  __STACK_END                               
00000200  __STACK_SIZE                              
00000400  __SYSMEM_SIZE                             
00006cc8  __TI_CINIT_Base                           
00006cd8  __TI_CINIT_Limit                          
00006cb0  __TI_Handler_Table_Base                   
00006cbc  __TI_Handler_Table_Limit                  
0000638d  __TI_auto_init_nobinit_nopinit            
000065c5  __TI_cleanup                              
20000fb4  __TI_cleanup_ptr                          
00005b05  __TI_closefile                            
00005d2d  __TI_decompress_lzss                      
00006a4b  __TI_decompress_none                      
000061dd  __TI_doflush                              
20000fb8  __TI_dtors_ptr                            
20000fbc  __TI_enable_exit_profile_output           
20000fa4  __TI_ft_end                               
000060eb  __TI_ltoa                                 
ffffffff  __TI_pprof_out_hndl                       
000034e1  __TI_printfi                              
ffffffff  __TI_prof_data_size                       
ffffffff  __TI_prof_data_start                      
000065f9  __TI_readmsg                              
00000000  __TI_static_base__                        
20000924  __TI_tmpnams                              
00006555  __TI_writemsg                             
00005ec5  __TI_wrt_ok                               
00006a67  __TI_zero_init                            
00005881  __aeabi_cdcmpeq                           
00005881  __aeabi_cdcmple                           
00005907  __aeabi_cdrcmple                          
000062bd  __aeabi_d2iz                              
00006415  __aeabi_d2uiz                             
000048e3  __aeabi_dadd                              
00004bcd  __aeabi_ddiv                              
0000514d  __aeabi_dmul                              
000048d9  __aeabi_dsub                              
00006a75  __aeabi_errno_addr                        
00006691  __aeabi_i2d                               
00004a8f  __aeabi_idiv0                             
00004a8f  __aeabi_ldiv0                             
00005a89  __aeabi_memclr                            
00005a89  __aeabi_memclr4                           
00005a89  __aeabi_memclr8                           
0000563b  __aeabi_memcpy                            
0000563b  __aeabi_memcpy4                           
0000563b  __aeabi_memcpy8                           
00005a8b  __aeabi_memset                            
00005a8b  __aeabi_memset4                           
00005a8b  __aeabi_memset8                           
20000fb0  __aeabi_stderr                            
20000fa8  __aeabi_stdin                             
20000fac  __aeabi_stdout                            
000068c3  __aeabi_ui2d                              
000056d7  __aeabi_uldivmod                          
ffffffff  __binit__                                 
ffffffff  __c_args__                                
UNDEFED   __mpu_init                                
2000fe00  __stack                                   
20000000  __start___llvm_prf_cnts                   
20000000  __stop___llvm_prf_cnts                    
0000662d  _c_int00_noargs                           
00006a98  _ctypes_                                  
20000ec0  _device                                   
20000dd0  _ftable                                   
20000fc0  _lock                                     
00003f2f  _nop                                      
20000f38  _stream                                   
200009d0  _sys_memory                               
UNDEFED   _system_post_cinit                        
00006a91  _system_pre_init                          
20000fc4  _unlock                                   
00006a95  abort                                     
0000504d  aligned_alloc                             
0000227f  at86rf215_bb_conf                         
00002371  at86rf215_bb_enable                       
00000261  at86rf215_conn_check                      
00000571  at86rf215_delay_us                        
00001843  at86rf215_get_agc_gain                    
00001481  at86rf215_get_edv                         
00001279  at86rf215_get_pll_ls                      
000013e1  at86rf215_get_rssi                        
000008f9  at86rf215_get_state                       
000005a1  at86rf215_get_time_ms                     
000001c5  at86rf215_init                            
0000288d  at86rf215_iq_conf                         
000019f3  at86rf215_irq_callback                    
00001a8f  at86rf215_irq_clear                       
00001225  at86rf215_irq_enable                      
00001b33  at86rf215_irq_user_callback               
000002f5  at86rf215_radio_conf                      
00001acf  at86rf215_radio_irq_clear                 
00000719  at86rf215_reg_read_32                     
0000068d  at86rf215_reg_read_8                      
00000863  at86rf215_reg_write_16                    
000007d9  at86rf215_reg_write_8                     
00002769  at86rf215_rx                              
00002591  at86rf215_rx_frame                        
0000150f  at86rf215_set_agc                         
000016e5  at86rf215_set_agc_control                 
00001791  at86rf215_set_agc_gain                    
00001615  at86rf215_set_agc_target                  
000018bd  at86rf215_set_aux_settings                
00000b19  at86rf215_set_bbc_irq_mask                
0000131d  at86rf215_set_bw                          
00000f37  at86rf215_set_channel                     
000009b5  at86rf215_set_cmd                         
00001023  at86rf215_set_freq                        
00000a95  at86rf215_set_mode                        
00000eaf  at86rf215_set_pac                         
00000b79  at86rf215_set_radio_irq_mask              
00000529  at86rf215_set_rstn                        
00000e25  at86rf215_set_rx_rcut                     
0000054d  at86rf215_set_seln                        
00000a39  at86rf215_set_trxoff                      
00000c43  at86rf215_set_txcutc                      
000005ad  at86rf215_spi_read                        
00000635  at86rf215_spi_write                       
00000b03  at86rf215_transceiver_reset               
00002641  at86rf215_tx_frame                        
00006229  atoi                                      
ffffffff  binit                                     
0000311f  bitWrite                                  
00005f89  close                                     
0000696d  copysign                                  
0000696d  copysignl                                 
00005461  delay_ms                                  
00005491  delay_us                                  
20000fd0  errno                                     
00006275  exit                                      
00005a0d  fflush                                    
00006661  finddevice                                
0000576d  fputc                                     
00004e29  fputs                                     
00005249  free                                      
00005dfd  frexp                                     
00005dfd  frexpl                                    
00005e61  fseek                                     
000063d1  getdevice                                 
000044d5  gpio_init                                 
00000000  interruptVectors                          
00004f3d  ldexp                                     
00004f3d  ldexpl                                    
0000682d  lseek                                     
000044ff  main                                      
00006a7d  malloc                                    
0000504d  memalign                                  
0000691d  memccpy                                   
000068a3  memchr                                    
0000563b  memcpy                                    
00005a91  memset                                    
200009cd  modem_state                               
200009c4  parmbuf                                   
00005d95  printf                                    
0000576d  putc                                      
000066c1  remove                                    
00004f3d  scalbn                                    
00004f3d  scalbnl                                   
0000532d  setvbuf                                   
20000f88  spiMasterConfig                           
000069fb  strchr                                    
000069b7  strcmp                                    
00006a11  strcpy                                    
00006a25  strlen                                    
0000658d  strncpy                                   
000066c1  unlink                                    
00006a39  wcslen                                    
00006855  write                                     


GLOBAL SYMBOLS: SORTED BY Symbol Address 

address   name                                      
-------   ----                                      
00000000  __TI_static_base__                        
00000000  interruptVectors                          
000001c5  at86rf215_init                            
00000200  __STACK_SIZE                              
00000261  at86rf215_conn_check                      
000002f5  at86rf215_radio_conf                      
00000400  __SYSMEM_SIZE                             
00000529  at86rf215_set_rstn                        
0000054d  at86rf215_set_seln                        
00000571  at86rf215_delay_us                        
000005a1  at86rf215_get_time_ms                     
000005ad  at86rf215_spi_read                        
00000635  at86rf215_spi_write                       
0000068d  at86rf215_reg_read_8                      
00000719  at86rf215_reg_read_32                     
000007d9  at86rf215_reg_write_8                     
00000863  at86rf215_reg_write_16                    
000008f9  at86rf215_get_state                       
000009b5  at86rf215_set_cmd                         
00000a39  at86rf215_set_trxoff                      
00000a95  at86rf215_set_mode                        
00000b03  at86rf215_transceiver_reset               
00000b19  at86rf215_set_bbc_irq_mask                
00000b79  at86rf215_set_radio_irq_mask              
00000c43  at86rf215_set_txcutc                      
00000e25  at86rf215_set_rx_rcut                     
00000eaf  at86rf215_set_pac                         
00000f37  at86rf215_set_channel                     
00001023  at86rf215_set_freq                        
00001225  at86rf215_irq_enable                      
00001279  at86rf215_get_pll_ls                      
0000131d  at86rf215_set_bw                          
000013e1  at86rf215_get_rssi                        
00001481  at86rf215_get_edv                         
0000150f  at86rf215_set_agc                         
00001615  at86rf215_set_agc_target                  
000016e5  at86rf215_set_agc_control                 
00001791  at86rf215_set_agc_gain                    
00001843  at86rf215_get_agc_gain                    
000018bd  at86rf215_set_aux_settings                
000019f3  at86rf215_irq_callback                    
00001a8f  at86rf215_irq_clear                       
00001acf  at86rf215_radio_irq_clear                 
00001b33  at86rf215_irq_user_callback               
0000227f  at86rf215_bb_conf                         
00002371  at86rf215_bb_enable                       
00002591  at86rf215_rx_frame                        
00002641  at86rf215_tx_frame                        
00002769  at86rf215_rx                              
0000288d  at86rf215_iq_conf                         
000029c9  AT86RF215Write                            
000029e3  AT86RF215Read                             
000029fd  AT86RF215WriteBuffer                      
00002a71  AT86RF215ReadBuffer                       
00002ae3  AT86RF215TxSetIQ                          
00002b7b  AT86RF215GetState                         
00002bc9  AT86RF215SetState                         
00002c03  AT86RF215SetRFMode                        
00002c43  AT86RF215SetChannel                       
00002dd5  AT86RF215TxSetPAC                         
00002e5f  AT86RF215TxSetPAVC                        
00002ee5  AT86RF215TxSetPwr                         
00002f7d  AT86RF215TxSetCutOff                      
00003021  AT86RF215TxSetSR                          
000030cd  AT86RF215SetIRQMask                       
0000311f  bitWrite                                  
00003187  AT86RF215_TX_Alt01_Test                   
00003241  AT86RF215SetPHYType                       
000032d5  AT86RF215TxSetContinuous                  
000032fd  AT86RF215TxSetDirectMod                   
00003349  AT86RF215TxSetFrameLength                 
000033a1  AT86RF215TxSetDataWhite                   
000033f5  AT86RF215Set09CWSingleToneTest            
000034e1  __TI_printfi                              
00003f2f  _nop                                      
00003f31  SystemCoreClockUpdate                     
000041a9  SystemInit                                
000044d5  gpio_init                                 
000044ff  main                                      
000045bf  ClockInit                                 
00004619  GpioSetInterrupt                          
0000468d  AT86RF215Reset                            
000048d9  __aeabi_dsub                              
000048e3  __aeabi_dadd                              
00004a8f  __aeabi_idiv0                             
00004a8f  __aeabi_ldiv0                             
00004bcd  __aeabi_ddiv                              
00004e29  fputs                                     
00004f3d  ldexp                                     
00004f3d  ldexpl                                    
00004f3d  scalbn                                    
00004f3d  scalbnl                                   
0000504d  aligned_alloc                             
0000504d  memalign                                  
0000514d  __aeabi_dmul                              
00005249  free                                      
0000532d  setvbuf                                   
00005409  SpiInOut_IQRadio                          
00005425  EUSCIB0_IRQHandler                        
00005425  EUSCIB0_IRQHandler                        
00005461  delay_ms                                  
00005491  delay_us                                  
0000558b  SPI_initMaster                            
0000563b  __aeabi_memcpy                            
0000563b  __aeabi_memcpy4                           
0000563b  __aeabi_memcpy8                           
0000563b  memcpy                                    
000056d7  __aeabi_uldivmod                          
0000576d  fputc                                     
0000576d  putc                                      
000057f9  GPIO_setAsPeripheralModuleFunctionInputPin
00005881  __aeabi_cdcmpeq                           
00005881  __aeabi_cdcmple                           
00005907  __aeabi_cdrcmple                          
0000598d  Interrupt_enableInterrupt                 
00005a0d  fflush                                    
00005a89  __aeabi_memclr                            
00005a89  __aeabi_memclr4                           
00005a89  __aeabi_memclr8                           
00005a8b  __aeabi_memset                            
00005a8b  __aeabi_memset4                           
00005a8b  __aeabi_memset8                           
00005a91  memset                                    
00005b05  __TI_closefile                            
00005c59  HOSTrename                                
00005cc5  HOSTlseek                                 
00005d2d  __TI_decompress_lzss                      
00005d95  printf                                    
00005dfd  frexp                                     
00005dfd  frexpl                                    
00005e61  fseek                                     
00005ec5  __TI_wrt_ok                               
00005f29  HOSTopen                                  
00005f89  close                                     
00005fe5  HOSTread                                  
0000603d  HOSTwrite                                 
000060eb  __TI_ltoa                                 
00006191  GPIO_setAsInputPin                        
000061dd  __TI_doflush                              
00006229  atoi                                      
00006275  exit                                      
000062bd  __aeabi_d2iz                              
00006305  HOSTclose                                 
00006349  HOSTunlink                                
0000638d  __TI_auto_init_nobinit_nopinit            
000063d1  getdevice                                 
00006415  __aeabi_d2uiz                             
00006459  GPIO_setAsOutputPin                       
00006519  GPIO_interruptEdgeSelect                  
00006555  __TI_writemsg                             
00006583  C$$IO$$                                   
0000658d  strncpy                                   
000065c5  __TI_cleanup                              
000065f9  __TI_readmsg                              
0000662d  _c_int00_noargs                           
00006661  finddevice                                
00006691  __aeabi_i2d                               
000066c1  remove                                    
000066c1  unlink                                    
000066ed  GPIO_clearInterruptFlag                   
00006715  GPIO_disableInterrupt                     
0000673d  GPIO_enableInterrupt                      
00006765  GPIO_setOutputHighOnPin                   
0000678d  GPIO_setOutputLowOnPin                    
000067b5  PCM_gotoLPM0                              
000067dd  SPI_getInterruptStatus                    
0000682d  lseek                                     
00006855  write                                     
0000687d  SPI_enableInterrupt                       
000068a3  memchr                                    
000068c3  __aeabi_ui2d                              
000068e3  SPI_enableModule                          
0000691d  memccpy                                   
00006939  EUSCI_A_SPI_enableInterrupt               
00006953  EUSCI_B_SPI_enableInterrupt               
0000696d  copysign                                  
0000696d  copysignl                                 
00006987  EUSCI_A_SPI_getInterruptStatus            
0000699f  EUSCI_B_SPI_getInterruptStatus            
000069b7  strcmp                                    
000069cf  EUSCI_A_SPI_enable                        
000069e5  EUSCI_B_SPI_enable                        
000069fb  strchr                                    
00006a11  strcpy                                    
00006a25  strlen                                    
00006a39  wcslen                                    
00006a4b  __TI_decompress_none                      
00006a59  Reset_Handler                             
00006a65  ADC14_IRQHandler                          
00006a65  AES256_IRQHandler                         
00006a65  BusFault_Handler                          
00006a65  COMP_E0_IRQHandler                        
00006a65  COMP_E1_IRQHandler                        
00006a65  CS_IRQHandler                             
00006a65  DMA_ERR_IRQHandler                        
00006a65  DMA_INT0_IRQHandler                       
00006a65  DMA_INT1_IRQHandler                       
00006a65  DMA_INT2_IRQHandler                       
00006a65  DMA_INT3_IRQHandler                       
00006a65  DebugMon_Handler                          
00006a65  Default_Handler                           
00006a65  EUSCIA0_IRQHandler                        
00006a65  EUSCIA1_IRQHandler                        
00006a65  EUSCIA2_IRQHandler                        
00006a65  EUSCIA3_IRQHandler                        
00006a65  EUSCIB1_IRQHandler                        
00006a65  EUSCIB2_IRQHandler                        
00006a65  EUSCIB3_IRQHandler                        
00006a65  FLCTL_IRQHandler                          
00006a65  FPU_IRQHandler                            
00006a65  HardFault_Handler                         
00006a65  MemManage_Handler                         
00006a65  NMI_Handler                               
00006a65  PCM_IRQHandler                            
00006a65  PORT1_IRQHandler                          
00006a65  PORT2_IRQHandler                          
00006a65  PORT3_IRQHandler                          
00006a65  PORT4_IRQHandler                          
00006a65  PORT5_IRQHandler                          
00006a65  PORT6_IRQHandler                          
00006a65  PSS_IRQHandler                            
00006a65  PendSV_Handler                            
00006a65  RTC_C_IRQHandler                          
00006a65  SVC_Handler                               
00006a65  SysTick_Handler                           
00006a65  T32_INT1_IRQHandler                       
00006a65  T32_INT2_IRQHandler                       
00006a65  T32_INTC_IRQHandler                       
00006a65  TA0_0_IRQHandler                          
00006a65  TA0_N_IRQHandler                          
00006a65  TA1_0_IRQHandler                          
00006a65  TA1_N_IRQHandler                          
00006a65  TA2_0_IRQHandler                          
00006a65  TA2_N_IRQHandler                          
00006a65  TA3_0_IRQHandler                          
00006a65  TA3_N_IRQHandler                          
00006a65  UsageFault_Handler                        
00006a65  WDT_A_IRQHandler                          
00006a67  __TI_zero_init                            
00006a75  __aeabi_errno_addr                        
00006a7d  malloc                                    
00006a85  CPU_wfi                                   
00006a91  _system_pre_init                          
00006a95  C$$EXIT                                   
00006a95  abort                                     
00006a98  _ctypes_                                  
00006cb0  __TI_Handler_Table_Base                   
00006cbc  __TI_Handler_Table_Limit                  
00006cc8  __TI_CINIT_Base                           
00006cd8  __TI_CINIT_Limit                          
20000000  __start___llvm_prf_cnts                   
20000000  __stop___llvm_prf_cnts                    
20000804  __CIOBUF_                                 
20000924  __TI_tmpnams                              
200009c4  parmbuf                                   
200009cc  SPI_RXData_IQ                             
200009cd  modem_state                               
200009d0  _sys_memory                               
20000dd0  _ftable                                   
20000ec0  _device                                   
20000f38  _stream                                   
20000f88  spiMasterConfig                           
20000fa4  __TI_ft_end                               
20000fa8  __aeabi_stdin                             
20000fac  __aeabi_stdout                            
20000fb0  __aeabi_stderr                            
20000fb4  __TI_cleanup_ptr                          
20000fb8  __TI_dtors_ptr                            
20000fbc  __TI_enable_exit_profile_output           
20000fc0  _lock                                     
20000fc4  _unlock                                   
20000fd0  errno                                     
20000fd4  SystemCoreClock                           
2000fe00  __stack                                   
20010000  __STACK_END                               
4000480c  WDTCTL_SYM                                
ffffffff  __TI_pprof_out_hndl                       
ffffffff  __TI_prof_data_size                       
ffffffff  __TI_prof_data_start                      
ffffffff  __binit__                                 
ffffffff  __c_args__                                
ffffffff  binit                                     
UNDEFED   __mpu_init                                
UNDEFED   _system_post_cinit                        

[284 symbols]
