<?xml version="1.0" encoding="ISO-8859-1" ?>
<link_info>
   <banner>TI ARM Linker PC v20.2.7.LTS</banner>
   <copyright>Copyright (c) 1996-2018 Texas Instruments Incorporated</copyright>
   <link_time>0x6911f61f</link_time>
   <link_errors>0x0</link_errors>
   <output_file>MySDR.out</output_file>
   <entry_point>
      <name>_c_int00_noargs</name>
      <address>0x6ba9</address>
   </entry_point>
   <input_file_list>
      <input_file id="fl-2">
         <path>.\</path>
         <kind>object</kind>
         <file>main.obj</file>
         <name>main.obj</name>
      </input_file>
      <input_file id="fl-3">
         <path>.\</path>
         <kind>object</kind>
         <file>startup_msp432p401r_ccs.obj</file>
         <name>startup_msp432p401r_ccs.obj</name>
      </input_file>
      <input_file id="fl-4">
         <path>.\</path>
         <kind>object</kind>
         <file>system_msp432p401r.obj</file>
         <name>system_msp432p401r.obj</name>
      </input_file>
      <input_file id="fl-5">
         <path>.\Src\</path>
         <kind>object</kind>
         <file>at86rf215.obj</file>
         <name>at86rf215.obj</name>
      </input_file>
      <input_file id="fl-6">
         <path>.\Src\</path>
         <kind>object</kind>
         <file>spi_helper.obj</file>
         <name>spi_helper.obj</name>
      </input_file>
      <input_file id="fl-b">
         <kind>object</kind>
         <file>&lt;internal&gt;</file>
         <name>&lt;internal&gt;</name>
      </input_file>
      <input_file id="fl-c1">
         <path>C:\ti\ccs1281\ccs\tools\compiler\ti-cgt-arm_20.2.7.LTS\lib\</path>
         <kind>archive</kind>
         <file>rtsv7M4_T_le_v4SPD16_eabi.lib</file>
         <name>printf.c.obj</name>
      </input_file>
      <input_file id="fl-c2">
         <path>C:\ti\ccs1281\ccs\tools\compiler\ti-cgt-arm_20.2.7.LTS\lib\</path>
         <kind>archive</kind>
         <file>rtsv7M4_T_le_v4SPD16_eabi.lib</file>
         <name>_printfi.c.obj</name>
      </input_file>
      <input_file id="fl-c3">
         <path>C:\ti\ccs1281\ccs\tools\compiler\ti-cgt-arm_20.2.7.LTS\lib\</path>
         <kind>archive</kind>
         <file>rtsv7M4_T_le_v4SPD16_eabi.lib</file>
         <name>fflush.c.obj</name>
      </input_file>
      <input_file id="fl-c4">
         <path>C:\ti\ccs1281\ccs\tools\compiler\ti-cgt-arm_20.2.7.LTS\lib\</path>
         <kind>archive</kind>
         <file>rtsv7M4_T_le_v4SPD16_eabi.lib</file>
         <name>fputc.c.obj</name>
      </input_file>
      <input_file id="fl-c5">
         <path>C:\ti\ccs1281\ccs\tools\compiler\ti-cgt-arm_20.2.7.LTS\lib\</path>
         <kind>archive</kind>
         <file>rtsv7M4_T_le_v4SPD16_eabi.lib</file>
         <name>fputs.c.obj</name>
      </input_file>
      <input_file id="fl-c6">
         <path>C:\ti\ccs1281\ccs\tools\compiler\ti-cgt-arm_20.2.7.LTS\lib\</path>
         <kind>archive</kind>
         <file>rtsv7M4_T_le_v4SPD16_eabi.lib</file>
         <name>_io_perm.c.obj</name>
      </input_file>
      <input_file id="fl-c7">
         <path>C:\ti\ccs1281\ccs\tools\compiler\ti-cgt-arm_20.2.7.LTS\lib\</path>
         <kind>archive</kind>
         <file>rtsv7M4_T_le_v4SPD16_eabi.lib</file>
         <name>setvbuf.c.obj</name>
      </input_file>
      <input_file id="fl-c8">
         <path>C:\ti\ccs1281\ccs\tools\compiler\ti-cgt-arm_20.2.7.LTS\lib\</path>
         <kind>archive</kind>
         <file>rtsv7M4_T_le_v4SPD16_eabi.lib</file>
         <name>fd_add_t2.asm.obj</name>
      </input_file>
      <input_file id="fl-c9">
         <path>C:\ti\ccs1281\ccs\tools\compiler\ti-cgt-arm_20.2.7.LTS\lib\</path>
         <kind>archive</kind>
         <file>rtsv7M4_T_le_v4SPD16_eabi.lib</file>
         <name>fd_cmp_t2.asm.obj</name>
      </input_file>
      <input_file id="fl-ca">
         <path>C:\ti\ccs1281\ccs\tools\compiler\ti-cgt-arm_20.2.7.LTS\lib\</path>
         <kind>archive</kind>
         <file>rtsv7M4_T_le_v4SPD16_eabi.lib</file>
         <name>fd_div_t2.asm.obj</name>
      </input_file>
      <input_file id="fl-cb">
         <path>C:\ti\ccs1281\ccs\tools\compiler\ti-cgt-arm_20.2.7.LTS\lib\</path>
         <kind>archive</kind>
         <file>rtsv7M4_T_le_v4SPD16_eabi.lib</file>
         <name>fd_mul_t2.asm.obj</name>
      </input_file>
      <input_file id="fl-cc">
         <path>C:\ti\ccs1281\ccs\tools\compiler\ti-cgt-arm_20.2.7.LTS\lib\</path>
         <kind>archive</kind>
         <file>rtsv7M4_T_le_v4SPD16_eabi.lib</file>
         <name>fd_toi_t2.asm.obj</name>
      </input_file>
      <input_file id="fl-cd">
         <path>C:\ti\ccs1281\ccs\tools\compiler\ti-cgt-arm_20.2.7.LTS\lib\</path>
         <kind>archive</kind>
         <file>rtsv7M4_T_le_v4SPD16_eabi.lib</file>
         <name>fd_tou_t2.asm.obj</name>
      </input_file>
      <input_file id="fl-ce">
         <path>C:\ti\ccs1281\ccs\tools\compiler\ti-cgt-arm_20.2.7.LTS\lib\</path>
         <kind>archive</kind>
         <file>rtsv7M4_T_le_v4SPD16_eabi.lib</file>
         <name>i_tofd_t2.asm.obj</name>
      </input_file>
      <input_file id="fl-cf">
         <path>C:\ti\ccs1281\ccs\tools\compiler\ti-cgt-arm_20.2.7.LTS\lib\</path>
         <kind>archive</kind>
         <file>rtsv7M4_T_le_v4SPD16_eabi.lib</file>
         <name>memcpy_t2.asm.obj</name>
      </input_file>
      <input_file id="fl-d0">
         <path>C:\ti\ccs1281\ccs\tools\compiler\ti-cgt-arm_20.2.7.LTS\lib\</path>
         <kind>archive</kind>
         <file>rtsv7M4_T_le_v4SPD16_eabi.lib</file>
         <name>u_tofd_t2.asm.obj</name>
      </input_file>
      <input_file id="fl-d1">
         <path>C:\ti\ccs1281\ccs\tools\compiler\ti-cgt-arm_20.2.7.LTS\lib\</path>
         <kind>archive</kind>
         <file>rtsv7M4_T_le_v4SPD16_eabi.lib</file>
         <name>memset_t2.asm.obj</name>
      </input_file>
      <input_file id="fl-d2">
         <path>C:\ti\ccs1281\ccs\tools\compiler\ti-cgt-arm_20.2.7.LTS\lib\</path>
         <kind>archive</kind>
         <file>rtsv7M4_T_le_v4SPD16_eabi.lib</file>
         <name>ull_div_t2.asm.obj</name>
      </input_file>
      <input_file id="fl-d3">
         <path>C:\ti\ccs1281\ccs\tools\compiler\ti-cgt-arm_20.2.7.LTS\lib\</path>
         <kind>archive</kind>
         <file>rtsv7M4_T_le_v4SPD16_eabi.lib</file>
         <name>copy_zero_init.c.obj</name>
      </input_file>
      <input_file id="fl-d4">
         <path>C:\ti\ccs1281\ccs\tools\compiler\ti-cgt-arm_20.2.7.LTS\lib\</path>
         <kind>archive</kind>
         <file>rtsv7M4_T_le_v4SPD16_eabi.lib</file>
         <name>copy_decompress_none.c.obj</name>
      </input_file>
      <input_file id="fl-d5">
         <path>C:\ti\ccs1281\ccs\tools\compiler\ti-cgt-arm_20.2.7.LTS\lib\</path>
         <kind>archive</kind>
         <file>rtsv7M4_T_le_v4SPD16_eabi.lib</file>
         <name>copy_decompress_lzss.c.obj</name>
      </input_file>
      <input_file id="fl-d6">
         <path>C:\ti\ccs1281\ccs\tools\compiler\ti-cgt-arm_20.2.7.LTS\lib\</path>
         <kind>archive</kind>
         <file>rtsv7M4_T_le_v4SPD16_eabi.lib</file>
         <name>exit.c.obj</name>
      </input_file>
      <input_file id="fl-d7">
         <path>C:\ti\ccs1281\ccs\tools\compiler\ti-cgt-arm_20.2.7.LTS\lib\</path>
         <kind>archive</kind>
         <file>rtsv7M4_T_le_v4SPD16_eabi.lib</file>
         <name>_lock.c.obj</name>
      </input_file>
      <input_file id="fl-d8">
         <path>C:\ti\ccs1281\ccs\tools\compiler\ti-cgt-arm_20.2.7.LTS\lib\</path>
         <kind>archive</kind>
         <file>rtsv7M4_T_le_v4SPD16_eabi.lib</file>
         <name>_ltoa.c.obj</name>
      </input_file>
      <input_file id="fl-d9">
         <path>C:\ti\ccs1281\ccs\tools\compiler\ti-cgt-arm_20.2.7.LTS\lib\</path>
         <kind>archive</kind>
         <file>rtsv7M4_T_le_v4SPD16_eabi.lib</file>
         <name>atoi.c.obj</name>
      </input_file>
      <input_file id="fl-da">
         <path>C:\ti\ccs1281\ccs\tools\compiler\ti-cgt-arm_20.2.7.LTS\lib\</path>
         <kind>archive</kind>
         <file>rtsv7M4_T_le_v4SPD16_eabi.lib</file>
         <name>ctype.c.obj</name>
      </input_file>
      <input_file id="fl-db">
         <path>C:\ti\ccs1281\ccs\tools\compiler\ti-cgt-arm_20.2.7.LTS\lib\</path>
         <kind>archive</kind>
         <file>rtsv7M4_T_le_v4SPD16_eabi.lib</file>
         <name>defs.c.obj</name>
      </input_file>
      <input_file id="fl-dc">
         <path>C:\ti\ccs1281\ccs\tools\compiler\ti-cgt-arm_20.2.7.LTS\lib\</path>
         <kind>archive</kind>
         <file>rtsv7M4_T_le_v4SPD16_eabi.lib</file>
         <name>memccpy.c.obj</name>
      </input_file>
      <input_file id="fl-dd">
         <path>C:\ti\ccs1281\ccs\tools\compiler\ti-cgt-arm_20.2.7.LTS\lib\</path>
         <kind>archive</kind>
         <file>rtsv7M4_T_le_v4SPD16_eabi.lib</file>
         <name>memchr.c.obj</name>
      </input_file>
      <input_file id="fl-de">
         <path>C:\ti\ccs1281\ccs\tools\compiler\ti-cgt-arm_20.2.7.LTS\lib\</path>
         <kind>archive</kind>
         <file>rtsv7M4_T_le_v4SPD16_eabi.lib</file>
         <name>memory.c.obj</name>
      </input_file>
      <input_file id="fl-df">
         <path>C:\ti\ccs1281\ccs\tools\compiler\ti-cgt-arm_20.2.7.LTS\lib\</path>
         <kind>archive</kind>
         <file>rtsv7M4_T_le_v4SPD16_eabi.lib</file>
         <name>strchr.c.obj</name>
      </input_file>
      <input_file id="fl-e0">
         <path>C:\ti\ccs1281\ccs\tools\compiler\ti-cgt-arm_20.2.7.LTS\lib\</path>
         <kind>archive</kind>
         <file>rtsv7M4_T_le_v4SPD16_eabi.lib</file>
         <name>strlen.c.obj</name>
      </input_file>
      <input_file id="fl-e1">
         <path>C:\ti\ccs1281\ccs\tools\compiler\ti-cgt-arm_20.2.7.LTS\lib\</path>
         <kind>archive</kind>
         <file>rtsv7M4_T_le_v4SPD16_eabi.lib</file>
         <name>boot_cortex_m.c.obj</name>
      </input_file>
      <input_file id="fl-e2">
         <path>C:\ti\ccs1281\ccs\tools\compiler\ti-cgt-arm_20.2.7.LTS\lib\</path>
         <kind>archive</kind>
         <file>rtsv7M4_T_le_v4SPD16_eabi.lib</file>
         <name>write.c.obj</name>
      </input_file>
      <input_file id="fl-e3">
         <path>C:\ti\ccs1281\ccs\tools\compiler\ti-cgt-arm_20.2.7.LTS\lib\</path>
         <kind>archive</kind>
         <file>rtsv7M4_T_le_v4SPD16_eabi.lib</file>
         <name>host_device.c.obj</name>
      </input_file>
      <input_file id="fl-e4">
         <path>C:\ti\ccs1281\ccs\tools\compiler\ti-cgt-arm_20.2.7.LTS\lib\</path>
         <kind>archive</kind>
         <file>rtsv7M4_T_le_v4SPD16_eabi.lib</file>
         <name>errno.c.obj</name>
      </input_file>
      <input_file id="fl-e5">
         <path>C:\ti\ccs1281\ccs\tools\compiler\ti-cgt-arm_20.2.7.LTS\lib\</path>
         <kind>archive</kind>
         <file>rtsv7M4_T_le_v4SPD16_eabi.lib</file>
         <name>wcslen.c.obj</name>
      </input_file>
      <input_file id="fl-e6">
         <path>C:\ti\ccs1281\ccs\tools\compiler\ti-cgt-arm_20.2.7.LTS\lib\</path>
         <kind>archive</kind>
         <file>rtsv7M4_T_le_v4SPD16_eabi.lib</file>
         <name>s_frexp.c.obj</name>
      </input_file>
      <input_file id="fl-e7">
         <path>C:\ti\ccs1281\ccs\tools\compiler\ti-cgt-arm_20.2.7.LTS\lib\</path>
         <kind>archive</kind>
         <file>rtsv7M4_T_le_v4SPD16_eabi.lib</file>
         <name>s_scalbn.c.obj</name>
      </input_file>
      <input_file id="fl-e8">
         <path>C:\ti\ccs1281\ccs\tools\compiler\ti-cgt-arm_20.2.7.LTS\lib\</path>
         <kind>archive</kind>
         <file>rtsv7M4_T_le_v4SPD16_eabi.lib</file>
         <name>fopen.c.obj</name>
      </input_file>
      <input_file id="fl-e9">
         <path>C:\ti\ccs1281\ccs\tools\compiler\ti-cgt-arm_20.2.7.LTS\lib\</path>
         <kind>archive</kind>
         <file>rtsv7M4_T_le_v4SPD16_eabi.lib</file>
         <name>fseek.c.obj</name>
      </input_file>
      <input_file id="fl-ea">
         <path>C:\ti\ccs1281\ccs\tools\compiler\ti-cgt-arm_20.2.7.LTS\lib\</path>
         <kind>archive</kind>
         <file>rtsv7M4_T_le_v4SPD16_eabi.lib</file>
         <name>div0.asm.obj</name>
      </input_file>
      <input_file id="fl-eb">
         <path>C:\ti\ccs1281\ccs\tools\compiler\ti-cgt-arm_20.2.7.LTS\lib\</path>
         <kind>archive</kind>
         <file>rtsv7M4_T_le_v4SPD16_eabi.lib</file>
         <name>autoinit.c.obj</name>
      </input_file>
      <input_file id="fl-ec">
         <path>C:\ti\ccs1281\ccs\tools\compiler\ti-cgt-arm_20.2.7.LTS\lib\</path>
         <kind>archive</kind>
         <file>rtsv7M4_T_le_v4SPD16_eabi.lib</file>
         <name>pre_init.c.obj</name>
      </input_file>
      <input_file id="fl-ed">
         <path>C:\ti\ccs1281\ccs\tools\compiler\ti-cgt-arm_20.2.7.LTS\lib\</path>
         <kind>archive</kind>
         <file>rtsv7M4_T_le_v4SPD16_eabi.lib</file>
         <name>cpy_tbl.c.obj</name>
      </input_file>
      <input_file id="fl-ee">
         <path>C:\ti\ccs1281\ccs\tools\compiler\ti-cgt-arm_20.2.7.LTS\lib\</path>
         <kind>archive</kind>
         <file>rtsv7M4_T_le_v4SPD16_eabi.lib</file>
         <name>args_main.c.obj</name>
      </input_file>
      <input_file id="fl-ef">
         <path>C:\ti\ccs1281\ccs\tools\compiler\ti-cgt-arm_20.2.7.LTS\lib\</path>
         <kind>archive</kind>
         <file>rtsv7M4_T_le_v4SPD16_eabi.lib</file>
         <name>hostclose.c.obj</name>
      </input_file>
      <input_file id="fl-f0">
         <path>C:\ti\ccs1281\ccs\tools\compiler\ti-cgt-arm_20.2.7.LTS\lib\</path>
         <kind>archive</kind>
         <file>rtsv7M4_T_le_v4SPD16_eabi.lib</file>
         <name>hostlseek.c.obj</name>
      </input_file>
      <input_file id="fl-f1">
         <path>C:\ti\ccs1281\ccs\tools\compiler\ti-cgt-arm_20.2.7.LTS\lib\</path>
         <kind>archive</kind>
         <file>rtsv7M4_T_le_v4SPD16_eabi.lib</file>
         <name>hostopen.c.obj</name>
      </input_file>
      <input_file id="fl-f2">
         <path>C:\ti\ccs1281\ccs\tools\compiler\ti-cgt-arm_20.2.7.LTS\lib\</path>
         <kind>archive</kind>
         <file>rtsv7M4_T_le_v4SPD16_eabi.lib</file>
         <name>hostread.c.obj</name>
      </input_file>
      <input_file id="fl-f3">
         <path>C:\ti\ccs1281\ccs\tools\compiler\ti-cgt-arm_20.2.7.LTS\lib\</path>
         <kind>archive</kind>
         <file>rtsv7M4_T_le_v4SPD16_eabi.lib</file>
         <name>hostrename.c.obj</name>
      </input_file>
      <input_file id="fl-f4">
         <path>C:\ti\ccs1281\ccs\tools\compiler\ti-cgt-arm_20.2.7.LTS\lib\</path>
         <kind>archive</kind>
         <file>rtsv7M4_T_le_v4SPD16_eabi.lib</file>
         <name>hostunlink.c.obj</name>
      </input_file>
      <input_file id="fl-f5">
         <path>C:\ti\ccs1281\ccs\tools\compiler\ti-cgt-arm_20.2.7.LTS\lib\</path>
         <kind>archive</kind>
         <file>rtsv7M4_T_le_v4SPD16_eabi.lib</file>
         <name>hostwrite.c.obj</name>
      </input_file>
      <input_file id="fl-f6">
         <path>C:\ti\ccs1281\ccs\tools\compiler\ti-cgt-arm_20.2.7.LTS\lib\</path>
         <kind>archive</kind>
         <file>rtsv7M4_T_le_v4SPD16_eabi.lib</file>
         <name>trgmsg.c.obj</name>
      </input_file>
      <input_file id="fl-f7">
         <path>C:\ti\ccs1281\ccs\tools\compiler\ti-cgt-arm_20.2.7.LTS\lib\</path>
         <kind>archive</kind>
         <file>rtsv7M4_T_le_v4SPD16_eabi.lib</file>
         <name>open.c.obj</name>
      </input_file>
      <input_file id="fl-f8">
         <path>C:\ti\ccs1281\ccs\tools\compiler\ti-cgt-arm_20.2.7.LTS\lib\</path>
         <kind>archive</kind>
         <file>rtsv7M4_T_le_v4SPD16_eabi.lib</file>
         <name>lseek.c.obj</name>
      </input_file>
      <input_file id="fl-f9">
         <path>C:\ti\ccs1281\ccs\tools\compiler\ti-cgt-arm_20.2.7.LTS\lib\</path>
         <kind>archive</kind>
         <file>rtsv7M4_T_le_v4SPD16_eabi.lib</file>
         <name>s_copysign.c.obj</name>
      </input_file>
      <input_file id="fl-fa">
         <path>C:\ti\ccs1281\ccs\tools\compiler\ti-cgt-arm_20.2.7.LTS\lib\</path>
         <kind>archive</kind>
         <file>rtsv7M4_T_le_v4SPD16_eabi.lib</file>
         <name>fclose.c.obj</name>
      </input_file>
      <input_file id="fl-fb">
         <path>C:\ti\ccs1281\ccs\tools\compiler\ti-cgt-arm_20.2.7.LTS\lib\</path>
         <kind>archive</kind>
         <file>rtsv7M4_T_le_v4SPD16_eabi.lib</file>
         <name>getdevice.c.obj</name>
      </input_file>
      <input_file id="fl-fc">
         <path>C:\ti\ccs1281\ccs\tools\compiler\ti-cgt-arm_20.2.7.LTS\lib\</path>
         <kind>archive</kind>
         <file>rtsv7M4_T_le_v4SPD16_eabi.lib</file>
         <name>strcmp.c.obj</name>
      </input_file>
      <input_file id="fl-fd">
         <path>C:\ti\ccs1281\ccs\tools\compiler\ti-cgt-arm_20.2.7.LTS\lib\</path>
         <kind>archive</kind>
         <file>rtsv7M4_T_le_v4SPD16_eabi.lib</file>
         <name>strcpy.c.obj</name>
      </input_file>
      <input_file id="fl-fe">
         <path>C:\ti\ccs1281\ccs\tools\compiler\ti-cgt-arm_20.2.7.LTS\lib\</path>
         <kind>archive</kind>
         <file>rtsv7M4_T_le_v4SPD16_eabi.lib</file>
         <name>strncpy.c.obj</name>
      </input_file>
      <input_file id="fl-ff">
         <path>C:\ti\ccs1281\ccs\tools\compiler\ti-cgt-arm_20.2.7.LTS\lib\</path>
         <kind>archive</kind>
         <file>rtsv7M4_T_le_v4SPD16_eabi.lib</file>
         <name>remove.c.obj</name>
      </input_file>
      <input_file id="fl-100">
         <path>C:\ti\ccs1281\ccs\tools\compiler\ti-cgt-arm_20.2.7.LTS\lib\</path>
         <kind>archive</kind>
         <file>rtsv7M4_T_le_v4SPD16_eabi.lib</file>
         <name>close.c.obj</name>
      </input_file>
      <input_file id="fl-101">
         <path>C:\ti\ccs1281\ccs\tools\compiler\ti-cgt-arm_20.2.7.LTS\lib\</path>
         <kind>archive</kind>
         <file>rtsv7M4_T_le_v4SPD16_eabi.lib</file>
         <name>unlink.c.obj</name>
      </input_file>
      <input_file id="fl-102">
         <path>C:\ti\simplelink_msp432p4_sdk_3_40_01_02\source\ti\devices\msp432p4xx\driverlib\ccs\</path>
         <kind>archive</kind>
         <file>msp432p4xx_driverlib.lib</file>
         <name>gpio.o</name>
      </input_file>
      <input_file id="fl-103">
         <path>C:\ti\simplelink_msp432p4_sdk_3_40_01_02\source\ti\devices\msp432p4xx\driverlib\ccs\</path>
         <kind>archive</kind>
         <file>msp432p4xx_driverlib.lib</file>
         <name>interrupt.o</name>
      </input_file>
      <input_file id="fl-104">
         <path>C:\ti\simplelink_msp432p4_sdk_3_40_01_02\source\ti\devices\msp432p4xx\driverlib\ccs\</path>
         <kind>archive</kind>
         <file>msp432p4xx_driverlib.lib</file>
         <name>pcm.o</name>
      </input_file>
      <input_file id="fl-105">
         <path>C:\ti\simplelink_msp432p4_sdk_3_40_01_02\source\ti\devices\msp432p4xx\driverlib\ccs\</path>
         <kind>archive</kind>
         <file>msp432p4xx_driverlib.lib</file>
         <name>rtc_c.o</name>
      </input_file>
      <input_file id="fl-106">
         <path>C:\ti\simplelink_msp432p4_sdk_3_40_01_02\source\ti\devices\msp432p4xx\driverlib\ccs\</path>
         <kind>archive</kind>
         <file>msp432p4xx_driverlib.lib</file>
         <name>spi.o</name>
      </input_file>
      <input_file id="fl-107">
         <path>C:\ti\simplelink_msp432p4_sdk_3_40_01_02\source\ti\devices\msp432p4xx\driverlib\ccs\</path>
         <kind>archive</kind>
         <file>msp432p4xx_driverlib.lib</file>
         <name>wdt_a.o</name>
      </input_file>
      <input_file id="fl-108">
         <path>C:\ti\simplelink_msp432p4_sdk_3_40_01_02\source\ti\devices\msp432p4xx\driverlib\ccs\</path>
         <kind>archive</kind>
         <file>msp432p4xx_driverlib.lib</file>
         <name>cpu.o</name>
      </input_file>
      <input_file id="fl-109">
         <path>C:\ti\simplelink_msp432p4_sdk_3_40_01_02\source\ti\devices\msp432p4xx\driverlib\ccs\</path>
         <kind>archive</kind>
         <file>msp432p4xx_driverlib.lib</file>
         <name>sysctl_a.o</name>
      </input_file>
   </input_file_list>
   <object_component_list>
      <object_component id="oc-26">
         <name>.intvecs:retain</name>
         <load_address>0x0</load_address>
         <run_address>0x0</run_address>
         <size>0xe4</size>
         <input_file_ref idref="fl-3"/>
      </object_component>
      <object_component id="oc-120">
         <name>.text</name>
         <load_address>0xe4</load_address>
         <run_address>0xe4</run_address>
         <size>0x3828</size>
         <input_file_ref idref="fl-5"/>
      </object_component>
      <object_component id="oc-263">
         <name>.text:__TI_printfi</name>
         <load_address>0x390c</load_address>
         <run_address>0x390c</run_address>
         <size>0xa4e</size>
         <input_file_ref idref="fl-c2"/>
      </object_component>
      <object_component id="oc-375">
         <name>.text:_nop</name>
         <load_address>0x435a</load_address>
         <run_address>0x435a</run_address>
         <size>0x2</size>
         <input_file_ref idref="fl-d7"/>
      </object_component>
      <object_component id="oc-a0">
         <name>.text</name>
         <load_address>0x435c</load_address>
         <run_address>0x435c</run_address>
         <size>0x384</size>
         <input_file_ref idref="fl-2"/>
      </object_component>
      <object_component id="oc-b2">
         <name>.text</name>
         <load_address>0x46e0</load_address>
         <run_address>0x46e0</run_address>
         <size>0x334</size>
         <input_file_ref idref="fl-4"/>
      </object_component>
      <object_component id="oc-351">
         <name>.text:_pconv_a</name>
         <load_address>0x4a14</load_address>
         <run_address>0x4a14</run_address>
         <size>0x270</size>
         <input_file_ref idref="fl-c2"/>
      </object_component>
      <object_component id="oc-33f">
         <name>.text:_pconv_g</name>
         <load_address>0x4c84</load_address>
         <run_address>0x4c84</run_address>
         <size>0x1d0</size>
         <input_file_ref idref="fl-c2"/>
      </object_component>
      <object_component id="oc-1f0">
         <name>.text</name>
         <load_address>0x4e54</load_address>
         <run_address>0x4e54</run_address>
         <size>0x1b6</size>
         <input_file_ref idref="fl-c8"/>
      </object_component>
      <object_component id="oc-457">
         <name>.text</name>
         <load_address>0x500a</load_address>
         <run_address>0x500a</run_address>
         <size>0x2</size>
         <input_file_ref idref="fl-ea"/>
      </object_component>
      <object_component id="oc-34b">
         <name>.text:_pconv_e</name>
         <load_address>0x500c</load_address>
         <run_address>0x500c</run_address>
         <size>0x13c</size>
         <input_file_ref idref="fl-c2"/>
      </object_component>
      <object_component id="oc-1fa">
         <name>.text</name>
         <load_address>0x5148</load_address>
         <run_address>0x5148</run_address>
         <size>0x136</size>
         <input_file_ref idref="fl-ca"/>
      </object_component>
      <object_component id="oc-3ec">
         <name>.text:fcvt</name>
         <load_address>0x5280</load_address>
         <run_address>0x5280</run_address>
         <size>0x124</size>
         <input_file_ref idref="fl-c2"/>
      </object_component>
      <object_component id="oc-37f">
         <name>.text:fputs</name>
         <load_address>0x53a4</load_address>
         <run_address>0x53a4</run_address>
         <size>0x114</size>
         <input_file_ref idref="fl-c5"/>
      </object_component>
      <object_component id="oc-400">
         <name>.text:scalbn</name>
         <load_address>0x54b8</load_address>
         <run_address>0x54b8</run_address>
         <size>0x110</size>
         <input_file_ref idref="fl-e7"/>
      </object_component>
      <object_component id="oc-524">
         <name>.text:aligned_alloc</name>
         <load_address>0x55c8</load_address>
         <run_address>0x55c8</run_address>
         <size>0x100</size>
         <input_file_ref idref="fl-de"/>
      </object_component>
      <object_component id="oc-1f5">
         <name>.text</name>
         <load_address>0x56c8</load_address>
         <run_address>0x56c8</run_address>
         <size>0xfc</size>
         <input_file_ref idref="fl-cb"/>
      </object_component>
      <object_component id="oc-4c8">
         <name>.text:free</name>
         <load_address>0x57c4</load_address>
         <run_address>0x57c4</run_address>
         <size>0xe4</size>
         <input_file_ref idref="fl-de"/>
      </object_component>
      <object_component id="oc-48f">
         <name>.text:setvbuf</name>
         <load_address>0x58a8</load_address>
         <run_address>0x58a8</run_address>
         <size>0xdc</size>
         <input_file_ref idref="fl-c7"/>
      </object_component>
      <object_component id="oc-70">
         <name>.text</name>
         <load_address>0x5984</load_address>
         <run_address>0x5984</run_address>
         <size>0xd0</size>
         <input_file_ref idref="fl-6"/>
      </object_component>
      <object_component id="oc-334">
         <name>.text:_ltostr</name>
         <load_address>0x5a54</load_address>
         <run_address>0x5a54</run_address>
         <size>0xb1</size>
         <input_file_ref idref="fl-c2"/>
      </object_component>
      <object_component id="oc-102">
         <name>.text:SPI_initMaster</name>
         <load_address>0x5b06</load_address>
         <run_address>0x5b06</run_address>
         <size>0xb0</size>
         <input_file_ref idref="fl-106"/>
      </object_component>
      <object_component id="oc-3a">
         <name>.text</name>
         <load_address>0x5bb6</load_address>
         <run_address>0x5bb6</run_address>
         <size>0x9c</size>
         <input_file_ref idref="fl-cf"/>
      </object_component>
      <object_component id="oc-3c3">
         <name>.text</name>
         <load_address>0x5c52</load_address>
         <run_address>0x5c52</run_address>
         <size>0x96</size>
         <input_file_ref idref="fl-d2"/>
      </object_component>
      <object_component id="oc-386">
         <name>.text:fputc</name>
         <load_address>0x5ce8</load_address>
         <run_address>0x5ce8</run_address>
         <size>0x8c</size>
         <input_file_ref idref="fl-c4"/>
      </object_component>
      <object_component id="oc-fc">
         <name>.text:GPIO_setAsPeripheralModuleFunctionInputPin</name>
         <load_address>0x5d74</load_address>
         <run_address>0x5d74</run_address>
         <size>0x88</size>
         <input_file_ref idref="fl-102"/>
      </object_component>
      <object_component id="oc-33a">
         <name>.text:__aeabi_cdcmple</name>
         <load_address>0x5dfc</load_address>
         <run_address>0x5dfc</run_address>
         <size>0x86</size>
         <input_file_ref idref="fl-c9"/>
      </object_component>
      <object_component id="oc-3ca">
         <name>.text:__aeabi_cdrcmple</name>
         <load_address>0x5e82</load_address>
         <run_address>0x5e82</run_address>
         <size>0x86</size>
         <input_file_ref idref="fl-c9"/>
      </object_component>
      <object_component id="oc-114">
         <name>.text:Interrupt_enableInterrupt</name>
         <load_address>0x5f08</load_address>
         <run_address>0x5f08</run_address>
         <size>0x80</size>
         <input_file_ref idref="fl-103"/>
      </object_component>
      <object_component id="oc-1e2">
         <name>.text:fflush</name>
         <load_address>0x5f88</load_address>
         <run_address>0x5f88</run_address>
         <size>0x7c</size>
         <input_file_ref idref="fl-c3"/>
      </object_component>
      <object_component id="oc-94">
         <name>.text</name>
         <load_address>0x6004</load_address>
         <run_address>0x6004</run_address>
         <size>0x7a</size>
         <input_file_ref idref="fl-d1"/>
      </object_component>
      <object_component id="oc-52b">
         <name>.text:__TI_closefile</name>
         <load_address>0x6080</load_address>
         <run_address>0x6080</run_address>
         <size>0x74</size>
         <input_file_ref idref="fl-fa"/>
      </object_component>
      <object_component id="oc-55d">
         <name>.text:split</name>
         <load_address>0x60f4</load_address>
         <run_address>0x60f4</run_address>
         <size>0x70</size>
         <input_file_ref idref="fl-de"/>
      </object_component>
      <object_component id="oc-3e5">
         <name>.text:_mcpy</name>
         <load_address>0x6164</load_address>
         <run_address>0x6164</run_address>
         <size>0x6e</size>
         <input_file_ref idref="fl-c2"/>
      </object_component>
      <object_component id="oc-509">
         <name>.text:HOSTrename</name>
         <load_address>0x61d4</load_address>
         <run_address>0x61d4</run_address>
         <size>0x6c</size>
         <input_file_ref idref="fl-f3"/>
      </object_component>
      <object_component id="oc-4fd">
         <name>.text:HOSTlseek</name>
         <load_address>0x6240</load_address>
         <run_address>0x6240</run_address>
         <size>0x68</size>
         <input_file_ref idref="fl-f0"/>
      </object_component>
      <object_component id="oc-17">
         <name>.text:decompress:lzss:__TI_decompress_lzss</name>
         <load_address>0x62a8</load_address>
         <run_address>0x62a8</run_address>
         <size>0x68</size>
         <input_file_ref idref="fl-d5"/>
      </object_component>
      <object_component id="oc-126">
         <name>.text:printf</name>
         <load_address>0x6310</load_address>
         <run_address>0x6310</run_address>
         <size>0x68</size>
         <input_file_ref idref="fl-c1"/>
      </object_component>
      <object_component id="oc-3fa">
         <name>.text:frexp</name>
         <load_address>0x6378</load_address>
         <run_address>0x6378</run_address>
         <size>0x64</size>
         <input_file_ref idref="fl-e6"/>
      </object_component>
      <object_component id="oc-489">
         <name>.text:fseek</name>
         <load_address>0x63dc</load_address>
         <run_address>0x63dc</run_address>
         <size>0x64</size>
         <input_file_ref idref="fl-e9"/>
      </object_component>
      <object_component id="oc-42f">
         <name>.text:__TI_wrt_ok</name>
         <load_address>0x6440</load_address>
         <run_address>0x6440</run_address>
         <size>0x62</size>
         <input_file_ref idref="fl-c6"/>
      </object_component>
      <object_component id="oc-4e5">
         <name>.text:HOSTopen</name>
         <load_address>0x64a4</load_address>
         <run_address>0x64a4</run_address>
         <size>0x60</size>
         <input_file_ref idref="fl-f1"/>
      </object_component>
      <object_component id="oc-564">
         <name>.text:close</name>
         <load_address>0x6504</load_address>
         <run_address>0x6504</run_address>
         <size>0x5c</size>
         <input_file_ref idref="fl-100"/>
      </object_component>
      <object_component id="oc-4f1">
         <name>.text:HOSTread</name>
         <load_address>0x6560</load_address>
         <run_address>0x6560</run_address>
         <size>0x58</size>
         <input_file_ref idref="fl-f2"/>
      </object_component>
      <object_component id="oc-4f7">
         <name>.text:HOSTwrite</name>
         <load_address>0x65b8</load_address>
         <run_address>0x65b8</run_address>
         <size>0x58</size>
         <input_file_ref idref="fl-f5"/>
      </object_component>
      <object_component id="oc-345">
         <name>.text:_pconv_f</name>
         <load_address>0x6610</load_address>
         <run_address>0x6610</run_address>
         <size>0x56</size>
         <input_file_ref idref="fl-c2"/>
      </object_component>
      <object_component id="oc-3d4">
         <name>.text:__TI_ltoa</name>
         <load_address>0x6666</load_address>
         <run_address>0x6666</run_address>
         <size>0x54</size>
         <input_file_ref idref="fl-d8"/>
      </object_component>
      <object_component id="oc-3df">
         <name>.text:_ecpy</name>
         <load_address>0x66ba</load_address>
         <run_address>0x66ba</run_address>
         <size>0x52</size>
         <input_file_ref idref="fl-c2"/>
      </object_component>
      <object_component id="oc-f6">
         <name>.text:GPIO_setAsInputPin</name>
         <load_address>0x670c</load_address>
         <run_address>0x670c</run_address>
         <size>0x4c</size>
         <input_file_ref idref="fl-102"/>
      </object_component>
      <object_component id="oc-2e8">
         <name>.text:__TI_doflush</name>
         <load_address>0x6758</load_address>
         <run_address>0x6758</run_address>
         <size>0x4c</size>
         <input_file_ref idref="fl-c3"/>
      </object_component>
      <object_component id="oc-32e">
         <name>.text:atoi</name>
         <load_address>0x67a4</load_address>
         <run_address>0x67a4</run_address>
         <size>0x4c</size>
         <input_file_ref idref="fl-d9"/>
      </object_component>
      <object_component id="oc-14a">
         <name>.text:exit</name>
         <load_address>0x67f0</load_address>
         <run_address>0x67f0</run_address>
         <size>0x48</size>
         <input_file_ref idref="fl-d6"/>
      </object_component>
      <object_component id="oc-3cf">
         <name>.text</name>
         <load_address>0x6838</load_address>
         <run_address>0x6838</run_address>
         <size>0x48</size>
         <input_file_ref idref="fl-cc"/>
      </object_component>
      <object_component id="oc-4eb">
         <name>.text:HOSTclose</name>
         <load_address>0x6880</load_address>
         <run_address>0x6880</run_address>
         <size>0x44</size>
         <input_file_ref idref="fl-ef"/>
      </object_component>
      <object_component id="oc-503">
         <name>.text:HOSTunlink</name>
         <load_address>0x68c4</load_address>
         <run_address>0x68c4</run_address>
         <size>0x44</size>
         <input_file_ref idref="fl-f4"/>
      </object_component>
      <object_component id="oc-150">
         <name>.text:__TI_auto_init_nobinit_nopinit:__TI_auto_init_nobinit_nopinit</name>
         <load_address>0x6908</load_address>
         <run_address>0x6908</run_address>
         <size>0x44</size>
         <input_file_ref idref="fl-eb"/>
      </object_component>
      <object_component id="oc-58e">
         <name>.text:getdevice</name>
         <load_address>0x694c</load_address>
         <run_address>0x694c</run_address>
         <size>0x44</size>
         <input_file_ref idref="fl-fb"/>
      </object_component>
      <object_component id="oc-1ff">
         <name>.text</name>
         <load_address>0x6990</load_address>
         <run_address>0x6990</run_address>
         <size>0x44</size>
         <input_file_ref idref="fl-cd"/>
      </object_component>
      <object_component id="oc-f0">
         <name>.text:GPIO_setAsOutputPin</name>
         <load_address>0x69d4</load_address>
         <run_address>0x69d4</run_address>
         <size>0x40</size>
         <input_file_ref idref="fl-102"/>
      </object_component>
      <object_component id="oc-1af">
         <name>.text:is_A_Module</name>
         <load_address>0x6a14</load_address>
         <run_address>0x6a14</run_address>
         <size>0x40</size>
         <input_file_ref idref="fl-106"/>
      </object_component>
      <object_component id="oc-3f2">
         <name>.text:_fcpy</name>
         <load_address>0x6a54</load_address>
         <run_address>0x6a54</run_address>
         <size>0x3e</size>
         <input_file_ref idref="fl-c2"/>
      </object_component>
      <object_component id="oc-204">
         <name>.text:GPIO_interruptEdgeSelect</name>
         <load_address>0x6a94</load_address>
         <run_address>0x6a94</run_address>
         <size>0x3c</size>
         <input_file_ref idref="fl-102"/>
      </object_component>
      <object_component id="oc-534">
         <name>.text:__TI_writemsg</name>
         <load_address>0x6ad0</load_address>
         <run_address>0x6ad0</run_address>
         <size>0x38</size>
         <input_file_ref idref="fl-f6"/>
      </object_component>
      <object_component id="oc-5a0">
         <name>.text:strncpy</name>
         <load_address>0x6b08</load_address>
         <run_address>0x6b08</run_address>
         <size>0x36</size>
         <input_file_ref idref="fl-fe"/>
      </object_component>
      <object_component id="oc-4d4">
         <name>.text:__TI_cleanup</name>
         <load_address>0x6b40</load_address>
         <run_address>0x6b40</run_address>
         <size>0x34</size>
         <input_file_ref idref="fl-e8"/>
      </object_component>
      <object_component id="oc-53a">
         <name>.text:__TI_readmsg</name>
         <load_address>0x6b74</load_address>
         <run_address>0x6b74</run_address>
         <size>0x34</size>
         <input_file_ref idref="fl-f6"/>
      </object_component>
      <object_component id="oc-58">
         <name>.text:_c_int00_noargs:_c_int00_noargs</name>
         <load_address>0x6ba8</load_address>
         <run_address>0x6ba8</run_address>
         <size>0x34</size>
         <input_file_ref idref="fl-e1"/>
      </object_component>
      <object_component id="oc-5a6">
         <name>.text:finddevice</name>
         <load_address>0x6bdc</load_address>
         <run_address>0x6bdc</run_address>
         <size>0x30</size>
         <input_file_ref idref="fl-fb"/>
      </object_component>
      <object_component id="oc-3da">
         <name>.text</name>
         <load_address>0x6c0c</load_address>
         <run_address>0x6c0c</run_address>
         <size>0x2e</size>
         <input_file_ref idref="fl-ce"/>
      </object_component>
      <object_component id="oc-56a">
         <name>.text:unlink</name>
         <load_address>0x6c3c</load_address>
         <run_address>0x6c3c</run_address>
         <size>0x2c</size>
         <input_file_ref idref="fl-101"/>
      </object_component>
      <object_component id="oc-20a">
         <name>.text:GPIO_clearInterruptFlag</name>
         <load_address>0x6c68</load_address>
         <run_address>0x6c68</run_address>
         <size>0x28</size>
         <input_file_ref idref="fl-102"/>
      </object_component>
      <object_component id="oc-216">
         <name>.text:GPIO_disableInterrupt</name>
         <load_address>0x6c90</load_address>
         <run_address>0x6c90</run_address>
         <size>0x28</size>
         <input_file_ref idref="fl-102"/>
      </object_component>
      <object_component id="oc-210">
         <name>.text:GPIO_enableInterrupt</name>
         <load_address>0x6cb8</load_address>
         <run_address>0x6cb8</run_address>
         <size>0x28</size>
         <input_file_ref idref="fl-102"/>
      </object_component>
      <object_component id="oc-12c">
         <name>.text:GPIO_setOutputHighOnPin</name>
         <load_address>0x6ce0</load_address>
         <run_address>0x6ce0</run_address>
         <size>0x28</size>
         <input_file_ref idref="fl-102"/>
      </object_component>
      <object_component id="oc-132">
         <name>.text:GPIO_setOutputLowOnPin</name>
         <load_address>0x6d08</load_address>
         <run_address>0x6d08</run_address>
         <size>0x28</size>
         <input_file_ref idref="fl-102"/>
      </object_component>
      <object_component id="oc-b9">
         <name>.text:PCM_gotoLPM0</name>
         <load_address>0x6d30</load_address>
         <run_address>0x6d30</run_address>
         <size>0x28</size>
         <input_file_ref idref="fl-104"/>
      </object_component>
      <object_component id="oc-11a">
         <name>.text:SPI_getInterruptStatus</name>
         <load_address>0x6d58</load_address>
         <run_address>0x6d58</run_address>
         <size>0x28</size>
         <input_file_ref idref="fl-106"/>
      </object_component>
      <object_component id="oc-51d">
         <name>.text:free_list_insert</name>
         <load_address>0x6d80</load_address>
         <run_address>0x6d80</run_address>
         <size>0x28</size>
         <input_file_ref idref="fl-de"/>
      </object_component>
      <object_component id="oc-4c0">
         <name>.text:lseek</name>
         <load_address>0x6da8</load_address>
         <run_address>0x6da8</run_address>
         <size>0x28</size>
         <input_file_ref idref="fl-f8"/>
      </object_component>
      <object_component id="oc-3af">
         <name>.text:write</name>
         <load_address>0x6dd0</load_address>
         <run_address>0x6dd0</run_address>
         <size>0x28</size>
         <input_file_ref idref="fl-e2"/>
      </object_component>
      <object_component id="oc-10e">
         <name>.text:SPI_enableInterrupt</name>
         <load_address>0x6df8</load_address>
         <run_address>0x6df8</run_address>
         <size>0x26</size>
         <input_file_ref idref="fl-106"/>
      </object_component>
      <object_component id="oc-435">
         <name>.text:memchr</name>
         <load_address>0x6e1e</load_address>
         <run_address>0x6e1e</run_address>
         <size>0x20</size>
         <input_file_ref idref="fl-dd"/>
      </object_component>
      <object_component id="oc-1eb">
         <name>.text</name>
         <load_address>0x6e3e</load_address>
         <run_address>0x6e3e</run_address>
         <size>0x20</size>
         <input_file_ref idref="fl-d0"/>
      </object_component>
      <object_component id="oc-108">
         <name>.text:SPI_enableModule</name>
         <load_address>0x6e5e</load_address>
         <run_address>0x6e5e</run_address>
         <size>0x1c</size>
         <input_file_ref idref="fl-106"/>
      </object_component>
      <object_component id="oc-517">
         <name>.text:free_list_remove</name>
         <load_address>0x6e7c</load_address>
         <run_address>0x6e7c</run_address>
         <size>0x1c</size>
         <input_file_ref idref="fl-de"/>
      </object_component>
      <object_component id="oc-357">
         <name>.text:memccpy</name>
         <load_address>0x6e98</load_address>
         <run_address>0x6e98</run_address>
         <size>0x1c</size>
         <input_file_ref idref="fl-dc"/>
      </object_component>
      <object_component id="oc-1c4">
         <name>.text:EUSCI_A_SPI_enableInterrupt</name>
         <load_address>0x6eb4</load_address>
         <run_address>0x6eb4</run_address>
         <size>0x1a</size>
         <input_file_ref idref="fl-106"/>
      </object_component>
      <object_component id="oc-1ca">
         <name>.text:EUSCI_B_SPI_enableInterrupt</name>
         <load_address>0x6ece</load_address>
         <run_address>0x6ece</run_address>
         <size>0x1a</size>
         <input_file_ref idref="fl-106"/>
      </object_component>
      <object_component id="oc-46d">
         <name>.text:copysign</name>
         <load_address>0x6ee8</load_address>
         <run_address>0x6ee8</run_address>
         <size>0x1a</size>
         <input_file_ref idref="fl-f9"/>
      </object_component>
      <object_component id="oc-1d5">
         <name>.text:EUSCI_A_SPI_getInterruptStatus</name>
         <load_address>0x6f02</load_address>
         <run_address>0x6f02</run_address>
         <size>0x18</size>
         <input_file_ref idref="fl-106"/>
      </object_component>
      <object_component id="oc-1db">
         <name>.text:EUSCI_B_SPI_getInterruptStatus</name>
         <load_address>0x6f1a</load_address>
         <run_address>0x6f1a</run_address>
         <size>0x18</size>
         <input_file_ref idref="fl-106"/>
      </object_component>
      <object_component id="oc-5b7">
         <name>.text:strcmp</name>
         <load_address>0x6f32</load_address>
         <run_address>0x6f32</run_address>
         <size>0x18</size>
         <input_file_ref idref="fl-fc"/>
      </object_component>
      <object_component id="oc-1b7">
         <name>.text:EUSCI_A_SPI_enable</name>
         <load_address>0x6f4a</load_address>
         <run_address>0x6f4a</run_address>
         <size>0x16</size>
         <input_file_ref idref="fl-106"/>
      </object_component>
      <object_component id="oc-1bd">
         <name>.text:EUSCI_B_SPI_enable</name>
         <load_address>0x6f60</load_address>
         <run_address>0x6f60</run_address>
         <size>0x16</size>
         <input_file_ref idref="fl-106"/>
      </object_component>
      <object_component id="oc-406">
         <name>.text:strchr</name>
         <load_address>0x6f76</load_address>
         <run_address>0x6f76</run_address>
         <size>0x16</size>
         <input_file_ref idref="fl-df"/>
      </object_component>
      <object_component id="oc-54e">
         <name>.text:strcpy</name>
         <load_address>0x6f8c</load_address>
         <run_address>0x6f8c</run_address>
         <size>0x14</size>
         <input_file_ref idref="fl-fd"/>
      </object_component>
      <object_component id="oc-328">
         <name>.text:strlen</name>
         <load_address>0x6fa0</load_address>
         <run_address>0x6fa0</run_address>
         <size>0x14</size>
         <input_file_ref idref="fl-e0"/>
      </object_component>
      <object_component id="oc-35d">
         <name>.text:wcslen</name>
         <load_address>0x6fb4</load_address>
         <run_address>0x6fb4</run_address>
         <size>0x12</size>
         <input_file_ref idref="fl-e5"/>
      </object_component>
      <object_component id="oc-1d">
         <name>.text:decompress:none:__TI_decompress_none</name>
         <load_address>0x6fc6</load_address>
         <run_address>0x6fc6</run_address>
         <size>0xe</size>
         <input_file_ref idref="fl-d4"/>
      </object_component>
      <object_component id="oc-6a">
         <name>.text</name>
         <load_address>0x6fd4</load_address>
         <run_address>0x6fd4</run_address>
         <size>0xe</size>
         <input_file_ref idref="fl-3"/>
      </object_component>
      <object_component id="oc-4c">
         <name>.text:decompress:ZI:__TI_zero_init</name>
         <load_address>0x6fe2</load_address>
         <run_address>0x6fe2</run_address>
         <size>0xc</size>
         <input_file_ref idref="fl-d3"/>
      </object_component>
      <object_component id="oc-363">
         <name>.text:__aeabi_errno_addr</name>
         <load_address>0x6ff0</load_address>
         <run_address>0x6ff0</run_address>
         <size>0x8</size>
         <input_file_ref idref="fl-e4"/>
      </object_component>
      <object_component id="oc-4ce">
         <name>.text:malloc</name>
         <load_address>0x6ff8</load_address>
         <run_address>0x6ff8</run_address>
         <size>0x8</size>
         <input_file_ref idref="fl-de"/>
      </object_component>
      <object_component id="oc-186">
         <name>.text:CPU_wfi</name>
         <load_address>0x7000</load_address>
         <run_address>0x7000</run_address>
         <size>0x4</size>
         <input_file_ref idref="fl-108"/>
      </object_component>
      <object_component id="oc-272">
         <name>.text:_outc</name>
         <load_address>0x7004</load_address>
         <run_address>0x7004</run_address>
         <size>0x4</size>
         <input_file_ref idref="fl-c1"/>
      </object_component>
      <object_component id="oc-26c">
         <name>.text:_outs</name>
         <load_address>0x7008</load_address>
         <run_address>0x7008</run_address>
         <size>0x4</size>
         <input_file_ref idref="fl-c1"/>
      </object_component>
      <object_component id="oc-9a">
         <name>.text:_system_pre_init</name>
         <load_address>0x700c</load_address>
         <run_address>0x700c</run_address>
         <size>0x4</size>
         <input_file_ref idref="fl-ec"/>
      </object_component>
      <object_component id="oc-144">
         <name>.text:abort:abort</name>
         <load_address>0x7010</load_address>
         <run_address>0x7010</run_address>
         <size>0x4</size>
         <input_file_ref idref="fl-d6"/>
      </object_component>
      <object_component id="oc-3be">
         <name>.const:.string:_ctypes_</name>
         <load_address>0x7014</load_address>
         <run_address>0x7014</run_address>
         <size>0x101</size>
         <input_file_ref idref="fl-da"/>
      </object_component>
      <object_component id="oc-246">
         <name>.const:.string:$P$T2$1</name>
         <load_address>0x7115</load_address>
         <run_address>0x7115</run_address>
         <size>0x2</size>
         <input_file_ref idref="fl-5"/>
      </object_component>
      <object_component id="oc-19f">
         <name>.const:GPIO_PORT_TO_BASE</name>
         <load_address>0x7118</load_address>
         <run_address>0x7118</run_address>
         <size>0x30</size>
         <input_file_ref idref="fl-102"/>
      </object_component>
      <object_component id="oc-24f">
         <name>.const:$P$T4$3</name>
         <load_address>0x7148</load_address>
         <run_address>0x7148</run_address>
         <size>0x8</size>
         <input_file_ref idref="fl-5"/>
      </object_component>
      <object_component id="oc-252">
         <name>.const:$P$T5$4</name>
         <load_address>0x7150</load_address>
         <run_address>0x7150</run_address>
         <size>0x8</size>
         <input_file_ref idref="fl-5"/>
      </object_component>
      <object_component id="oc-255">
         <name>.const:$P$T6$5</name>
         <load_address>0x7158</load_address>
         <run_address>0x7158</run_address>
         <size>0x8</size>
         <input_file_ref idref="fl-5"/>
      </object_component>
      <object_component id="oc-1d1">
         <name>.const:g_pulEnRegs</name>
         <load_address>0x7160</load_address>
         <run_address>0x7160</run_address>
         <size>0x8</size>
         <input_file_ref idref="fl-103"/>
      </object_component>
      <object_component id="oc-234">
         <name>.const:.string:fsk_rx_conf_ifs_midx1_09</name>
         <load_address>0x7168</load_address>
         <run_address>0x7168</run_address>
         <size>0x6</size>
         <input_file_ref idref="fl-5"/>
      </object_component>
      <object_component id="oc-23d">
         <name>.const:.string:fsk_rx_conf_ifs_midx1_24</name>
         <load_address>0x716e</load_address>
         <run_address>0x716e</run_address>
         <size>0x6</size>
         <input_file_ref idref="fl-5"/>
      </object_component>
      <object_component id="oc-222">
         <name>.const:.string:fsk_rx_conf_ifs_midx3_09</name>
         <load_address>0x7174</load_address>
         <run_address>0x7174</run_address>
         <size>0x6</size>
         <input_file_ref idref="fl-5"/>
      </object_component>
      <object_component id="oc-22b">
         <name>.const:.string:fsk_rx_conf_ifs_midx3_24</name>
         <load_address>0x717a</load_address>
         <run_address>0x717a</run_address>
         <size>0x6</size>
         <input_file_ref idref="fl-5"/>
      </object_component>
      <object_component id="oc-231">
         <name>.const:fsk_rx_conf_rbw_midx1_09</name>
         <load_address>0x7180</load_address>
         <run_address>0x7180</run_address>
         <size>0x6</size>
         <input_file_ref idref="fl-5"/>
      </object_component>
      <object_component id="oc-23a">
         <name>.const:fsk_rx_conf_rbw_midx1_24</name>
         <load_address>0x7186</load_address>
         <run_address>0x7186</run_address>
         <size>0x6</size>
         <input_file_ref idref="fl-5"/>
      </object_component>
      <object_component id="oc-21f">
         <name>.const:fsk_rx_conf_rbw_midx3_09</name>
         <load_address>0x718c</load_address>
         <run_address>0x718c</run_address>
         <size>0x6</size>
         <input_file_ref idref="fl-5"/>
      </object_component>
      <object_component id="oc-228">
         <name>.const:fsk_rx_conf_rbw_midx3_24</name>
         <load_address>0x7192</load_address>
         <run_address>0x7192</run_address>
         <size>0x6</size>
         <input_file_ref idref="fl-5"/>
      </object_component>
      <object_component id="oc-22e">
         <name>.const:fsk_rx_conf_rcut_midx1_09</name>
         <load_address>0x7198</load_address>
         <run_address>0x7198</run_address>
         <size>0x6</size>
         <input_file_ref idref="fl-5"/>
      </object_component>
      <object_component id="oc-237">
         <name>.const:fsk_rx_conf_rcut_midx1_24</name>
         <load_address>0x719e</load_address>
         <run_address>0x719e</run_address>
         <size>0x6</size>
         <input_file_ref idref="fl-5"/>
      </object_component>
      <object_component id="oc-21c">
         <name>.const:fsk_rx_conf_rcut_midx3_09</name>
         <load_address>0x71a4</load_address>
         <run_address>0x71a4</run_address>
         <size>0x6</size>
         <input_file_ref idref="fl-5"/>
      </object_component>
      <object_component id="oc-225">
         <name>.const:fsk_rx_conf_rcut_midx3_24</name>
         <load_address>0x71aa</load_address>
         <run_address>0x71aa</run_address>
         <size>0x6</size>
         <input_file_ref idref="fl-5"/>
      </object_component>
      <object_component id="oc-243">
         <name>.const:fsk_tx_conf_rcut_midx1</name>
         <load_address>0x71b0</load_address>
         <run_address>0x71b0</run_address>
         <size>0x6</size>
         <input_file_ref idref="fl-5"/>
      </object_component>
      <object_component id="oc-240">
         <name>.const:fsk_tx_conf_rcut_midx3</name>
         <load_address>0x71b6</load_address>
         <run_address>0x71b6</run_address>
         <size>0x6</size>
         <input_file_ref idref="fl-5"/>
      </object_component>
      <object_component id="oc-249">
         <name>.const:.string:$P$T3$2</name>
         <load_address>0x71bc</load_address>
         <run_address>0x71bc</run_address>
         <size>0x2</size>
         <input_file_ref idref="fl-5"/>
      </object_component>
      <object_component id="oc-5f7">
         <name>.cinit..data.load</name>
         <load_address>0x71c0</load_address>
         <run_address>0x71c0</run_address>
         <size>0x7e</size>
      </object_component>
      <object_component id="oc-5f5">
         <name>__TI_handler_table</name>
         <load_address>0x7240</load_address>
         <run_address>0x7240</run_address>
         <size>0xc</size>
      </object_component>
      <object_component id="oc-5f8">
         <name>.cinit..bss.load</name>
         <load_address>0x7250</load_address>
         <run_address>0x7250</run_address>
         <size>0x8</size>
      </object_component>
      <object_component id="oc-5f6">
         <name>__TI_cinit_table</name>
         <load_address>0x7258</load_address>
         <run_address>0x7258</run_address>
         <size>0x10</size>
      </object_component>
      <object_component id="oc-5c9">
         <name>.binit</name>
         <load_address>0x0</load_address>
         <run_address>0x0</run_address>
         <size>0x0</size>
      </object_component>
      <object_component id="oc-138">
         <name>.data:spiMasterConfig</name>
         <load_address>0x20000f88</load_address>
         <run_address>0x20000f88</run_address>
         <size>0x1c</size>
         <input_file_ref idref="fl-2"/>
      </object_component>
      <object_component id="oc-182">
         <name>.data</name>
         <load_address>0x20000fd4</load_address>
         <run_address>0x20000fd4</run_address>
         <size>0x4</size>
         <input_file_ref idref="fl-4"/>
      </object_component>
      <object_component id="oc-29a">
         <name>.data:$O1$$</name>
         <load_address>0x20000fb4</load_address>
         <run_address>0x20000fb4</run_address>
         <size>0xc</size>
         <input_file_ref idref="fl-d6"/>
      </object_component>
      <object_component id="oc-269">
         <name>.data:$O1$$</name>
         <load_address>0x20000fc0</load_address>
         <run_address>0x20000fc0</run_address>
         <size>0x8</size>
         <input_file_ref idref="fl-d7"/>
      </object_component>
      <object_component id="oc-1e8">
         <name>.data:_ftable</name>
         <load_address>0x20000dd0</load_address>
         <run_address>0x20000dd0</run_address>
         <size>0xf0</size>
         <input_file_ref idref="fl-db"/>
      </object_component>
      <object_component id="oc-2ee">
         <name>.data</name>
         <load_address>0x20000fa4</load_address>
         <run_address>0x20000fa4</run_address>
         <size>0x10</size>
         <input_file_ref idref="fl-db"/>
      </object_component>
      <object_component id="oc-558">
         <name>.data:$O1$$</name>
         <load_address>0x20000fc8</load_address>
         <run_address>0x20000fc8</run_address>
         <size>0x8</size>
         <input_file_ref idref="fl-de"/>
      </object_component>
      <object_component id="oc-49d">
         <name>.data:_device</name>
         <load_address>0x20000ec0</load_address>
         <run_address>0x20000ec0</run_address>
         <size>0x78</size>
         <input_file_ref idref="fl-e3"/>
      </object_component>
      <object_component id="oc-44b">
         <name>.data:_stream</name>
         <load_address>0x20000f38</load_address>
         <run_address>0x20000f38</run_address>
         <size>0x50</size>
         <input_file_ref idref="fl-e3"/>
      </object_component>
      <object_component id="oc-416">
         <name>.data</name>
         <load_address>0x20000fd0</load_address>
         <run_address>0x20000fd0</run_address>
         <size>0x4</size>
         <input_file_ref idref="fl-e4"/>
      </object_component>
      <object_component id="oc-24c">
         <name>.bss:spi_buffer</name>
         <uninitialized>true</uninitialized>
         <run_address>0x20000000</run_address>
         <size>0x804</size>
         <input_file_ref idref="fl-5"/>
      </object_component>
      <object_component id="oc-573">
         <name>.bss:_CIOBUF_</name>
         <uninitialized>true</uninitialized>
         <run_address>0x20000804</run_address>
         <size>0x120</size>
         <input_file_ref idref="fl-f6"/>
      </object_component>
      <object_component id="oc-13b">
         <name>.common:modem_state</name>
         <uninitialized>true</uninitialized>
         <run_address>0x200009cd</run_address>
         <size>0x1</size>
      </object_component>
      <object_component id="oc-bf">
         <name>.common:SPI_RXData_IQ</name>
         <uninitialized>true</uninitialized>
         <run_address>0x200009cc</run_address>
         <size>0x1</size>
      </object_component>
      <object_component id="oc-570">
         <name>.common:__TI_tmpnams</name>
         <uninitialized>true</uninitialized>
         <run_address>0x20000924</run_address>
         <size>0xa0</size>
      </object_component>
      <object_component id="oc-540">
         <name>.common:parmbuf</name>
         <uninitialized>true</uninitialized>
         <run_address>0x200009c4</run_address>
         <size>0x8</size>
      </object_component>
      <object_component id="oc-29">
         <name>.sysmem</name>
         <uninitialized>true</uninitialized>
         <run_address>0x200009d0</run_address>
         <size>0x10</size>
         <input_file_ref idref="fl-de"/>
      </object_component>
      <object_component id="oc-5fb">
         <name>.sysmem</name>
         <uninitialized>true</uninitialized>
         <run_address>0x200009d0</run_address>
         <size>0x0</size>
      </object_component>
      <object_component id="oc-2c">
         <name>.stack</name>
         <uninitialized>true</uninitialized>
         <run_address>0x2000fe00</run_address>
         <size>0x4</size>
         <input_file_ref idref="fl-e1"/>
      </object_component>
      <object_component id="oc-5fa">
         <name>.stack</name>
         <uninitialized>true</uninitialized>
         <run_address>0x2000fe00</run_address>
         <size>0x0</size>
      </object_component>
      <object_component id="oc-19e">
         <name>.debug_info</name>
         <load_address>0x0</load_address>
         <run_address>0x0</run_address>
         <size>0x960</size>
         <input_file_ref idref="fl-2"/>
      </object_component>
      <object_component id="oc-139">
         <name>.debug_info</name>
         <load_address>0x960</load_address>
         <run_address>0x960</run_address>
         <size>0xd7</size>
         <input_file_ref idref="fl-2"/>
      </object_component>
      <object_component id="oc-a1">
         <name>.debug_info</name>
         <load_address>0xa37</load_address>
         <run_address>0xa37</run_address>
         <size>0x864</size>
         <input_file_ref idref="fl-2"/>
      </object_component>
      <object_component id="oc-2bb">
         <name>.debug_info</name>
         <load_address>0x129b</load_address>
         <run_address>0x129b</run_address>
         <size>0x128c</size>
         <input_file_ref idref="fl-2"/>
      </object_component>
      <object_component id="oc-cf">
         <name>.debug_info</name>
         <load_address>0x2527</load_address>
         <run_address>0x2527</run_address>
         <size>0x26b</size>
         <input_file_ref idref="fl-2"/>
      </object_component>
      <object_component id="oc-194">
         <name>.debug_info</name>
         <load_address>0x2792</load_address>
         <run_address>0x2792</run_address>
         <size>0x1055</size>
         <input_file_ref idref="fl-2"/>
      </object_component>
      <object_component id="oc-18f">
         <name>.debug_info</name>
         <load_address>0x37e7</load_address>
         <run_address>0x37e7</run_address>
         <size>0x37e2</size>
         <input_file_ref idref="fl-2"/>
      </object_component>
      <object_component id="oc-25e">
         <name>.debug_info</name>
         <load_address>0x6fc9</load_address>
         <run_address>0x6fc9</run_address>
         <size>0x110</size>
         <input_file_ref idref="fl-2"/>
      </object_component>
      <object_component id="oc-c8">
         <name>.debug_info</name>
         <load_address>0x70d9</load_address>
         <run_address>0x70d9</run_address>
         <size>0x8b</size>
         <input_file_ref idref="fl-2"/>
      </object_component>
      <object_component id="oc-199">
         <name>.debug_info</name>
         <load_address>0x7164</load_address>
         <run_address>0x7164</run_address>
         <size>0x2a4</size>
         <input_file_ref idref="fl-2"/>
      </object_component>
      <object_component id="oc-13f">
         <name>.debug_info</name>
         <load_address>0x7408</load_address>
         <run_address>0x7408</run_address>
         <size>0xef</size>
         <input_file_ref idref="fl-2"/>
      </object_component>
      <object_component id="oc-c3">
         <name>.debug_info</name>
         <load_address>0x74f7</load_address>
         <run_address>0x74f7</run_address>
         <size>0xbb</size>
         <input_file_ref idref="fl-2"/>
      </object_component>
      <object_component id="oc-28f">
         <name>.debug_info</name>
         <load_address>0x75b2</load_address>
         <run_address>0x75b2</run_address>
         <size>0xbf</size>
         <input_file_ref idref="fl-2"/>
      </object_component>
      <object_component id="oc-27a">
         <name>.debug_info</name>
         <load_address>0x7671</load_address>
         <run_address>0x7671</run_address>
         <size>0x2c</size>
         <input_file_ref idref="fl-2"/>
      </object_component>
      <object_component id="oc-283">
         <name>.debug_info</name>
         <load_address>0x769d</load_address>
         <run_address>0x769d</run_address>
         <size>0x131</size>
         <input_file_ref idref="fl-2"/>
      </object_component>
      <object_component id="oc-78">
         <name>.debug_info</name>
         <load_address>0x77ce</load_address>
         <run_address>0x77ce</run_address>
         <size>0x2c0</size>
         <input_file_ref idref="fl-3"/>
      </object_component>
      <object_component id="oc-27">
         <name>.debug_info</name>
         <load_address>0x7a8e</load_address>
         <run_address>0x7a8e</run_address>
         <size>0xec</size>
         <input_file_ref idref="fl-3"/>
      </object_component>
      <object_component id="oc-6b">
         <name>.debug_info</name>
         <load_address>0x7b7a</load_address>
         <run_address>0x7b7a</run_address>
         <size>0x1b3</size>
         <input_file_ref idref="fl-3"/>
      </object_component>
      <object_component id="oc-35">
         <name>.debug_info</name>
         <load_address>0x7d2d</load_address>
         <run_address>0x7d2d</run_address>
         <size>0x84</size>
         <input_file_ref idref="fl-3"/>
      </object_component>
      <object_component id="oc-183">
         <name>.debug_info</name>
         <load_address>0x7db1</load_address>
         <run_address>0x7db1</run_address>
         <size>0xe5</size>
         <input_file_ref idref="fl-4"/>
      </object_component>
      <object_component id="oc-b4">
         <name>.debug_info</name>
         <load_address>0x7e96</load_address>
         <run_address>0x7e96</run_address>
         <size>0x257</size>
         <input_file_ref idref="fl-4"/>
      </object_component>
      <object_component id="oc-13c">
         <name>.debug_info</name>
         <load_address>0x80ed</load_address>
         <run_address>0x80ed</run_address>
         <size>0x9ce</size>
         <input_file_ref idref="fl-5"/>
      </object_component>
      <object_component id="oc-24d">
         <name>.debug_info</name>
         <load_address>0x8abb</load_address>
         <run_address>0x8abb</run_address>
         <size>0xd5</size>
         <input_file_ref idref="fl-5"/>
      </object_component>
      <object_component id="oc-244">
         <name>.debug_info</name>
         <load_address>0x8b90</load_address>
         <run_address>0x8b90</run_address>
         <size>0xed</size>
         <input_file_ref idref="fl-5"/>
      </object_component>
      <object_component id="oc-241">
         <name>.debug_info</name>
         <load_address>0x8c7d</load_address>
         <run_address>0x8c7d</run_address>
         <size>0xed</size>
         <input_file_ref idref="fl-5"/>
      </object_component>
      <object_component id="oc-22f">
         <name>.debug_info</name>
         <load_address>0x8d6a</load_address>
         <run_address>0x8d6a</run_address>
         <size>0xf3</size>
         <input_file_ref idref="fl-5"/>
      </object_component>
      <object_component id="oc-238">
         <name>.debug_info</name>
         <load_address>0x8e5d</load_address>
         <run_address>0x8e5d</run_address>
         <size>0xf3</size>
         <input_file_ref idref="fl-5"/>
      </object_component>
      <object_component id="oc-21d">
         <name>.debug_info</name>
         <load_address>0x8f50</load_address>
         <run_address>0x8f50</run_address>
         <size>0xf3</size>
         <input_file_ref idref="fl-5"/>
      </object_component>
      <object_component id="oc-226">
         <name>.debug_info</name>
         <load_address>0x9043</load_address>
         <run_address>0x9043</run_address>
         <size>0xf3</size>
         <input_file_ref idref="fl-5"/>
      </object_component>
      <object_component id="oc-232">
         <name>.debug_info</name>
         <load_address>0x9136</load_address>
         <run_address>0x9136</run_address>
         <size>0xf1</size>
         <input_file_ref idref="fl-5"/>
      </object_component>
      <object_component id="oc-23b">
         <name>.debug_info</name>
         <load_address>0x9227</load_address>
         <run_address>0x9227</run_address>
         <size>0xf1</size>
         <input_file_ref idref="fl-5"/>
      </object_component>
      <object_component id="oc-220">
         <name>.debug_info</name>
         <load_address>0x9318</load_address>
         <run_address>0x9318</run_address>
         <size>0xf1</size>
         <input_file_ref idref="fl-5"/>
      </object_component>
      <object_component id="oc-229">
         <name>.debug_info</name>
         <load_address>0x9409</load_address>
         <run_address>0x9409</run_address>
         <size>0xf1</size>
         <input_file_ref idref="fl-5"/>
      </object_component>
      <object_component id="oc-235">
         <name>.debug_info</name>
         <load_address>0x94fa</load_address>
         <run_address>0x94fa</run_address>
         <size>0xf1</size>
         <input_file_ref idref="fl-5"/>
      </object_component>
      <object_component id="oc-23e">
         <name>.debug_info</name>
         <load_address>0x95eb</load_address>
         <run_address>0x95eb</run_address>
         <size>0xf1</size>
         <input_file_ref idref="fl-5"/>
      </object_component>
      <object_component id="oc-223">
         <name>.debug_info</name>
         <load_address>0x96dc</load_address>
         <run_address>0x96dc</run_address>
         <size>0xf1</size>
         <input_file_ref idref="fl-5"/>
      </object_component>
      <object_component id="oc-22c">
         <name>.debug_info</name>
         <load_address>0x97cd</load_address>
         <run_address>0x97cd</run_address>
         <size>0xf1</size>
         <input_file_ref idref="fl-5"/>
      </object_component>
      <object_component id="oc-247">
         <name>.debug_info</name>
         <load_address>0x98be</load_address>
         <run_address>0x98be</run_address>
         <size>0xd0</size>
         <input_file_ref idref="fl-5"/>
      </object_component>
      <object_component id="oc-24a">
         <name>.debug_info</name>
         <load_address>0x998e</load_address>
         <run_address>0x998e</run_address>
         <size>0xd0</size>
         <input_file_ref idref="fl-5"/>
      </object_component>
      <object_component id="oc-250">
         <name>.debug_info</name>
         <load_address>0x9a5e</load_address>
         <run_address>0x9a5e</run_address>
         <size>0xd0</size>
         <input_file_ref idref="fl-5"/>
      </object_component>
      <object_component id="oc-253">
         <name>.debug_info</name>
         <load_address>0x9b2e</load_address>
         <run_address>0x9b2e</run_address>
         <size>0xd0</size>
         <input_file_ref idref="fl-5"/>
      </object_component>
      <object_component id="oc-256">
         <name>.debug_info</name>
         <load_address>0x9bfe</load_address>
         <run_address>0x9bfe</run_address>
         <size>0xd0</size>
         <input_file_ref idref="fl-5"/>
      </object_component>
      <object_component id="oc-122">
         <name>.debug_info</name>
         <load_address>0x9cce</load_address>
         <run_address>0x9cce</run_address>
         <size>0x7736</size>
         <input_file_ref idref="fl-5"/>
      </object_component>
      <object_component id="oc-259">
         <name>.debug_info</name>
         <load_address>0x11404</load_address>
         <run_address>0x11404</run_address>
         <size>0x128c</size>
         <input_file_ref idref="fl-5"/>
      </object_component>
      <object_component id="oc-28a">
         <name>.debug_info</name>
         <load_address>0x12690</load_address>
         <run_address>0x12690</run_address>
         <size>0x37e2</size>
         <input_file_ref idref="fl-5"/>
      </object_component>
      <object_component id="oc-294">
         <name>.debug_info</name>
         <load_address>0x15e72</load_address>
         <run_address>0x15e72</run_address>
         <size>0x35</size>
         <input_file_ref idref="fl-5"/>
      </object_component>
      <object_component id="oc-c0">
         <name>.debug_info</name>
         <load_address>0x15ea7</load_address>
         <run_address>0x15ea7</run_address>
         <size>0x61f</size>
         <input_file_ref idref="fl-6"/>
      </object_component>
      <object_component id="oc-74">
         <name>.debug_info</name>
         <load_address>0x164c6</load_address>
         <run_address>0x164c6</run_address>
         <size>0x304</size>
         <input_file_ref idref="fl-6"/>
      </object_component>
      <object_component id="oc-279">
         <name>.debug_info</name>
         <load_address>0x167ca</load_address>
         <run_address>0x167ca</run_address>
         <size>0x3e5</size>
         <input_file_ref idref="fl-c1"/>
      </object_component>
      <object_component id="oc-275">
         <name>.debug_info</name>
         <load_address>0x16baf</load_address>
         <run_address>0x16baf</run_address>
         <size>0x157</size>
         <input_file_ref idref="fl-c1"/>
      </object_component>
      <object_component id="oc-270">
         <name>.debug_info</name>
         <load_address>0x16d06</load_address>
         <run_address>0x16d06</run_address>
         <size>0x166</size>
         <input_file_ref idref="fl-c1"/>
      </object_component>
      <object_component id="oc-12a">
         <name>.debug_info</name>
         <load_address>0x16e6c</load_address>
         <run_address>0x16e6c</run_address>
         <size>0x1ac</size>
         <input_file_ref idref="fl-c1"/>
      </object_component>
      <object_component id="oc-38f">
         <name>.debug_info</name>
         <load_address>0x17018</load_address>
         <run_address>0x17018</run_address>
         <size>0xb2</size>
         <input_file_ref idref="fl-c1"/>
      </object_component>
      <object_component id="oc-36a">
         <name>.debug_info</name>
         <load_address>0x170ca</load_address>
         <run_address>0x170ca</run_address>
         <size>0x590</size>
         <input_file_ref idref="fl-c2"/>
      </object_component>
      <object_component id="oc-337">
         <name>.debug_info</name>
         <load_address>0x1765a</load_address>
         <run_address>0x1765a</run_address>
         <size>0x21e</size>
         <input_file_ref idref="fl-c2"/>
      </object_component>
      <object_component id="oc-3e2">
         <name>.debug_info</name>
         <load_address>0x17878</load_address>
         <run_address>0x17878</run_address>
         <size>0x1b3</size>
         <input_file_ref idref="fl-c2"/>
      </object_component>
      <object_component id="oc-3e8">
         <name>.debug_info</name>
         <load_address>0x17a2b</load_address>
         <run_address>0x17a2b</run_address>
         <size>0x21b</size>
         <input_file_ref idref="fl-c2"/>
      </object_component>
      <object_component id="oc-342">
         <name>.debug_info</name>
         <load_address>0x17c46</load_address>
         <run_address>0x17c46</run_address>
         <size>0x3c0</size>
         <input_file_ref idref="fl-c2"/>
      </object_component>
      <object_component id="oc-3ef">
         <name>.debug_info</name>
         <load_address>0x18006</load_address>
         <run_address>0x18006</run_address>
         <size>0x30a</size>
         <input_file_ref idref="fl-c2"/>
      </object_component>
      <object_component id="oc-3f5">
         <name>.debug_info</name>
         <load_address>0x18310</load_address>
         <run_address>0x18310</run_address>
         <size>0x215</size>
         <input_file_ref idref="fl-c2"/>
      </object_component>
      <object_component id="oc-348">
         <name>.debug_info</name>
         <load_address>0x18525</load_address>
         <run_address>0x18525</run_address>
         <size>0x215</size>
         <input_file_ref idref="fl-c2"/>
      </object_component>
      <object_component id="oc-34e">
         <name>.debug_info</name>
         <load_address>0x1873a</load_address>
         <run_address>0x1873a</run_address>
         <size>0x304</size>
         <input_file_ref idref="fl-c2"/>
      </object_component>
      <object_component id="oc-354">
         <name>.debug_info</name>
         <load_address>0x18a3e</load_address>
         <run_address>0x18a3e</run_address>
         <size>0x4b5</size>
         <input_file_ref idref="fl-c2"/>
      </object_component>
      <object_component id="oc-266">
         <name>.debug_info</name>
         <load_address>0x18ef3</load_address>
         <run_address>0x18ef3</run_address>
         <size>0x5f4</size>
         <input_file_ref idref="fl-c2"/>
      </object_component>
      <object_component id="oc-36b">
         <name>.debug_info</name>
         <load_address>0x194e7</load_address>
         <run_address>0x194e7</run_address>
         <size>0x86</size>
         <input_file_ref idref="fl-c2"/>
      </object_component>
      <object_component id="oc-422">
         <name>.debug_info</name>
         <load_address>0x1956d</load_address>
         <run_address>0x1956d</run_address>
         <size>0x39</size>
         <input_file_ref idref="fl-c2"/>
      </object_component>
      <object_component id="oc-484">
         <name>.debug_info</name>
         <load_address>0x195a6</load_address>
         <run_address>0x195a6</run_address>
         <size>0xb6</size>
         <input_file_ref idref="fl-c2"/>
      </object_component>
      <object_component id="oc-427">
         <name>.debug_info</name>
         <load_address>0x1965c</load_address>
         <run_address>0x1965c</run_address>
         <size>0x46</size>
         <input_file_ref idref="fl-c2"/>
      </object_component>
      <object_component id="oc-370">
         <name>.debug_info</name>
         <load_address>0x196a2</load_address>
         <run_address>0x196a2</run_address>
         <size>0x46</size>
         <input_file_ref idref="fl-c2"/>
      </object_component>
      <object_component id="oc-41d">
         <name>.debug_info</name>
         <load_address>0x196e8</load_address>
         <run_address>0x196e8</run_address>
         <size>0x2c</size>
         <input_file_ref idref="fl-c2"/>
      </object_component>
      <object_component id="oc-2f2">
         <name>.debug_info</name>
         <load_address>0x19714</load_address>
         <run_address>0x19714</run_address>
         <size>0x347</size>
         <input_file_ref idref="fl-c3"/>
      </object_component>
      <object_component id="oc-2ea">
         <name>.debug_info</name>
         <load_address>0x19a5b</load_address>
         <run_address>0x19a5b</run_address>
         <size>0x18a</size>
         <input_file_ref idref="fl-c3"/>
      </object_component>
      <object_component id="oc-1e4">
         <name>.debug_info</name>
         <load_address>0x19be5</load_address>
         <run_address>0x19be5</run_address>
         <size>0x1c8</size>
         <input_file_ref idref="fl-c3"/>
      </object_component>
      <object_component id="oc-43e">
         <name>.debug_info</name>
         <load_address>0x19dad</load_address>
         <run_address>0x19dad</run_address>
         <size>0x383</size>
         <input_file_ref idref="fl-c4"/>
      </object_component>
      <object_component id="oc-38a">
         <name>.debug_info</name>
         <load_address>0x1a130</load_address>
         <run_address>0x1a130</run_address>
         <size>0x1ea</size>
         <input_file_ref idref="fl-c4"/>
      </object_component>
      <object_component id="oc-43c">
         <name>.debug_info</name>
         <load_address>0x1a31a</load_address>
         <run_address>0x1a31a</run_address>
         <size>0x3fc</size>
         <input_file_ref idref="fl-c5"/>
      </object_component>
      <object_component id="oc-381">
         <name>.debug_info</name>
         <load_address>0x1a716</load_address>
         <run_address>0x1a716</run_address>
         <size>0x2e2</size>
         <input_file_ref idref="fl-c5"/>
      </object_component>
      <object_component id="oc-e7">
         <name>.debug_info</name>
         <load_address>0x1a9f8</load_address>
         <run_address>0x1a9f8</run_address>
         <size>0x2c</size>
         <input_file_ref idref="fl-c5"/>
      </object_component>
      <object_component id="oc-496">
         <name>.debug_info</name>
         <load_address>0x1aa24</load_address>
         <run_address>0x1aa24</run_address>
         <size>0x300</size>
         <input_file_ref idref="fl-c6"/>
      </object_component>
      <object_component id="oc-430">
         <name>.debug_info</name>
[...]
      </symbol>
      <symbol id="sm-839">
         <name>__TI_enable_exit_profile_output</name>
         <value>0x20000fbc</value>
         <object_component_ref idref="oc-29a"/>
      </symbol>
      <symbol id="sm-83a">
         <name>exit</name>
         <value>0x67f1</value>
         <object_component_ref idref="oc-14a"/>
      </symbol>
      <symbol id="sm-84f">
         <name>_nop</name>
         <value>0x435b</value>
         <object_component_ref idref="oc-375"/>
      </symbol>
      <symbol id="sm-850">
         <name>_lock</name>
         <value>0x20000fc0</value>
         <object_component_ref idref="oc-269"/>
      </symbol>
      <symbol id="sm-851">
         <name>_unlock</name>
         <value>0x20000fc4</value>
         <object_component_ref idref="oc-269"/>
      </symbol>
      <symbol id="sm-860">
         <name>__TI_ltoa</name>
         <value>0x6667</value>
         <object_component_ref idref="oc-3d4"/>
      </symbol>
      <symbol id="sm-876">
         <name>atoi</name>
         <value>0x67a5</value>
         <object_component_ref idref="oc-32e"/>
      </symbol>
      <symbol id="sm-881">
         <name>_ctypes_</name>
         <value>0x7014</value>
         <object_component_ref idref="oc-3be"/>
      </symbol>
      <symbol id="sm-896">
         <name>__TI_tmpnams</name>
         <value>0x20000924</value>
      </symbol>
      <symbol id="sm-897">
         <name>__aeabi_stdout</name>
         <value>0x20000fac</value>
         <object_component_ref idref="oc-2ee"/>
      </symbol>
      <symbol id="sm-898">
         <name>__aeabi_stderr</name>
         <value>0x20000fb0</value>
         <object_component_ref idref="oc-2ee"/>
      </symbol>
      <symbol id="sm-899">
         <name>__aeabi_stdin</name>
         <value>0x20000fa8</value>
         <object_component_ref idref="oc-2ee"/>
      </symbol>
      <symbol id="sm-89a">
         <name>_ftable</name>
         <value>0x20000dd0</value>
         <object_component_ref idref="oc-1e8"/>
      </symbol>
      <symbol id="sm-89b">
         <name>__TI_ft_end</name>
         <value>0x20000fa4</value>
         <object_component_ref idref="oc-2ee"/>
      </symbol>
      <symbol id="sm-8ab">
         <name>memccpy</name>
         <value>0x6e99</value>
         <object_component_ref idref="oc-357"/>
      </symbol>
      <symbol id="sm-8bb">
         <name>memchr</name>
         <value>0x6e1f</value>
         <object_component_ref idref="oc-435"/>
      </symbol>
      <symbol id="sm-944">
         <name>_sys_memory</name>
         <value>0x200009d0</value>
         <object_component_ref idref="oc-29"/>
      </symbol>
      <symbol id="sm-945">
         <name>free</name>
         <value>0x57c5</value>
         <object_component_ref idref="oc-4c8"/>
      </symbol>
      <symbol id="sm-946">
         <name>memalign</name>
         <value>0x55c9</value>
         <object_component_ref idref="oc-524"/>
      </symbol>
      <symbol id="sm-947">
         <name>malloc</name>
         <value>0x6ff9</value>
         <object_component_ref idref="oc-4ce"/>
      </symbol>
      <symbol id="sm-948">
         <name>aligned_alloc</name>
         <value>0x55c9</value>
         <object_component_ref idref="oc-524"/>
      </symbol>
      <symbol id="sm-958">
         <name>strchr</name>
         <value>0x6f77</value>
         <object_component_ref idref="oc-406"/>
      </symbol>
      <symbol id="sm-966">
         <name>strlen</name>
         <value>0x6fa1</value>
         <object_component_ref idref="oc-328"/>
      </symbol>
      <symbol id="sm-979">
         <name>__stack</name>
         <value>0x2000fe00</value>
         <object_component_ref idref="oc-2c"/>
      </symbol>
      <symbol id="sm-97a">
         <name>_c_int00_noargs</name>
         <value>0x6ba9</value>
         <object_component_ref idref="oc-58"/>
      </symbol>
      <symbol id="sm-994">
         <name>write</name>
         <value>0x6dd1</value>
         <object_component_ref idref="oc-3af"/>
      </symbol>
      <symbol id="sm-9a5">
         <name>_stream</name>
         <value>0x20000f38</value>
         <object_component_ref idref="oc-44b"/>
      </symbol>
      <symbol id="sm-9a6">
         <name>_device</name>
         <value>0x20000ec0</value>
         <object_component_ref idref="oc-49d"/>
      </symbol>
      <symbol id="sm-9bc">
         <name>__aeabi_errno_addr</name>
         <value>0x6ff1</value>
         <object_component_ref idref="oc-363"/>
      </symbol>
      <symbol id="sm-9bd">
         <name>errno</name>
         <value>0x20000fd0</value>
         <object_component_ref idref="oc-416"/>
      </symbol>
      <symbol id="sm-9d6">
         <name>wcslen</name>
         <value>0x6fb5</value>
         <object_component_ref idref="oc-35d"/>
      </symbol>
      <symbol id="sm-9f6">
         <name>frexpl</name>
         <value>0x6379</value>
         <object_component_ref idref="oc-3fa"/>
      </symbol>
      <symbol id="sm-9f7">
         <name>frexp</name>
         <value>0x6379</value>
         <object_component_ref idref="oc-3fa"/>
      </symbol>
      <symbol id="sm-a14">
         <name>scalbn</name>
         <value>0x54b9</value>
         <object_component_ref idref="oc-400"/>
      </symbol>
      <symbol id="sm-a15">
         <name>scalbnl</name>
         <value>0x54b9</value>
         <object_component_ref idref="oc-400"/>
      </symbol>
      <symbol id="sm-a16">
         <name>ldexpl</name>
         <value>0x54b9</value>
         <object_component_ref idref="oc-400"/>
      </symbol>
      <symbol id="sm-a17">
         <name>ldexp</name>
         <value>0x54b9</value>
         <object_component_ref idref="oc-400"/>
      </symbol>
      <symbol id="sm-a27">
         <name>__TI_cleanup</name>
         <value>0x6b41</value>
         <object_component_ref idref="oc-4d4"/>
      </symbol>
      <symbol id="sm-a39">
         <name>fseek</name>
         <value>0x63dd</value>
         <object_component_ref idref="oc-489"/>
      </symbol>
      <symbol id="sm-a43">
         <name>__aeabi_idiv0</name>
         <value>0x500b</value>
         <object_component_ref idref="oc-457"/>
      </symbol>
      <symbol id="sm-a44">
         <name>__aeabi_ldiv0</name>
         <value>0x500b</value>
         <object_component_ref idref="oc-457"/>
      </symbol>
      <symbol id="sm-a6c">
         <name>__TI_auto_init_nobinit_nopinit</name>
         <value>0x6909</value>
         <object_component_ref idref="oc-150"/>
      </symbol>
      <symbol id="sm-a76">
         <name>_system_pre_init</name>
         <value>0x700d</value>
         <object_component_ref idref="oc-9a"/>
      </symbol>
      <symbol id="sm-a89">
         <name>HOSTclose</name>
         <value>0x6881</value>
         <object_component_ref idref="oc-4eb"/>
      </symbol>
      <symbol id="sm-a9a">
         <name>HOSTlseek</name>
         <value>0x6241</value>
         <object_component_ref idref="oc-4fd"/>
      </symbol>
      <symbol id="sm-aac">
         <name>parmbuf</name>
         <value>0x200009c4</value>
      </symbol>
      <symbol id="sm-aad">
         <name>HOSTopen</name>
         <value>0x64a5</value>
         <object_component_ref idref="oc-4e5"/>
      </symbol>
      <symbol id="sm-abe">
         <name>HOSTread</name>
         <value>0x6561</value>
         <object_component_ref idref="oc-4f1"/>
      </symbol>
      <symbol id="sm-acf">
         <name>HOSTrename</name>
         <value>0x61d5</value>
         <object_component_ref idref="oc-509"/>
      </symbol>
      <symbol id="sm-ae0">
         <name>HOSTunlink</name>
         <value>0x68c5</value>
         <object_component_ref idref="oc-503"/>
      </symbol>
      <symbol id="sm-af1">
         <name>HOSTwrite</name>
         <value>0x65b9</value>
         <object_component_ref idref="oc-4f7"/>
      </symbol>
      <symbol id="sm-b15">
         <name>__TI_readmsg</name>
         <value>0x6b75</value>
         <object_component_ref idref="oc-53a"/>
      </symbol>
      <symbol id="sm-b16">
         <name>C$$IO$$</name>
         <value>0x6aff</value>
         <object_component_ref idref="oc-534"/>
      </symbol>
      <symbol id="sm-b17">
         <name>__CIOBUF_</name>
         <value>0x20000804</value>
         <object_component_ref idref="oc-573"/>
      </symbol>
      <symbol id="sm-b18">
         <name>__TI_writemsg</name>
         <value>0x6ad1</value>
         <object_component_ref idref="oc-534"/>
      </symbol>
      <symbol id="sm-b29">
         <name>lseek</name>
         <value>0x6da9</value>
         <object_component_ref idref="oc-4c0"/>
      </symbol>
      <symbol id="sm-b33">
         <name>copysign</name>
         <value>0x6ee9</value>
         <object_component_ref idref="oc-46d"/>
      </symbol>
      <symbol id="sm-b34">
         <name>copysignl</name>
         <value>0x6ee9</value>
         <object_component_ref idref="oc-46d"/>
      </symbol>
      <symbol id="sm-b49">
         <name>__TI_closefile</name>
         <value>0x6081</value>
         <object_component_ref idref="oc-52b"/>
      </symbol>
      <symbol id="sm-b6c">
         <name>finddevice</name>
         <value>0x6bdd</value>
         <object_component_ref idref="oc-5a6"/>
      </symbol>
      <symbol id="sm-b6d">
         <name>getdevice</name>
         <value>0x694d</value>
         <object_component_ref idref="oc-58e"/>
      </symbol>
      <symbol id="sm-b7c">
         <name>strcmp</name>
         <value>0x6f33</value>
         <object_component_ref idref="oc-5b7"/>
      </symbol>
      <symbol id="sm-b8a">
         <name>strcpy</name>
         <value>0x6f8d</value>
         <object_component_ref idref="oc-54e"/>
      </symbol>
      <symbol id="sm-b9a">
         <name>strncpy</name>
         <value>0x6b09</value>
         <object_component_ref idref="oc-5a0"/>
      </symbol>
      <symbol id="sm-baf">
         <name>close</name>
         <value>0x6505</value>
         <object_component_ref idref="oc-564"/>
      </symbol>
      <symbol id="sm-bbf">
         <name>unlink</name>
         <value>0x6c3d</value>
         <object_component_ref idref="oc-56a"/>
      </symbol>
      <symbol id="sm-c4a">
         <name>GPIO_setAsInputPin</name>
         <value>0x670d</value>
         <object_component_ref idref="oc-f6"/>
      </symbol>
      <symbol id="sm-c4b">
         <name>GPIO_setOutputHighOnPin</name>
         <value>0x6ce1</value>
         <object_component_ref idref="oc-12c"/>
      </symbol>
      <symbol id="sm-c4c">
         <name>GPIO_enableInterrupt</name>
         <value>0x6cb9</value>
         <object_component_ref idref="oc-210"/>
      </symbol>
      <symbol id="sm-c4d">
         <name>GPIO_setAsOutputPin</name>
         <value>0x69d5</value>
         <object_component_ref idref="oc-f0"/>
      </symbol>
      <symbol id="sm-c4e">
         <name>GPIO_interruptEdgeSelect</name>
         <value>0x6a95</value>
         <object_component_ref idref="oc-204"/>
      </symbol>
      <symbol id="sm-c4f">
         <name>GPIO_setOutputLowOnPin</name>
         <value>0x6d09</value>
         <object_component_ref idref="oc-132"/>
      </symbol>
      <symbol id="sm-c50">
         <name>GPIO_clearInterruptFlag</name>
         <value>0x6c69</value>
         <object_component_ref idref="oc-20a"/>
      </symbol>
      <symbol id="sm-c51">
         <name>GPIO_setAsPeripheralModuleFunctionInputPin</name>
         <value>0x5d75</value>
         <object_component_ref idref="oc-fc"/>
      </symbol>
      <symbol id="sm-c52">
         <name>GPIO_disableInterrupt</name>
         <value>0x6c91</value>
         <object_component_ref idref="oc-216"/>
      </symbol>
      <symbol id="sm-c6f">
         <name>Interrupt_enableInterrupt</name>
         <value>0x5f09</value>
         <object_component_ref idref="oc-114"/>
      </symbol>
      <symbol id="sm-c7e">
         <name>PCM_gotoLPM0</name>
         <value>0x6d31</value>
         <object_component_ref idref="oc-b9"/>
      </symbol>
      <symbol id="sm-cf2">
         <name>EUSCI_A_SPI_enableInterrupt</name>
         <value>0x6eb5</value>
         <object_component_ref idref="oc-1c4"/>
      </symbol>
      <symbol id="sm-cf3">
         <name>EUSCI_A_SPI_getInterruptStatus</name>
         <value>0x6f03</value>
         <object_component_ref idref="oc-1d5"/>
      </symbol>
      <symbol id="sm-cf4">
         <name>EUSCI_B_SPI_getInterruptStatus</name>
         <value>0x6f1b</value>
         <object_component_ref idref="oc-1db"/>
      </symbol>
      <symbol id="sm-cf5">
         <name>EUSCI_B_SPI_enable</name>
         <value>0x6f61</value>
         <object_component_ref idref="oc-1bd"/>
      </symbol>
      <symbol id="sm-cf6">
         <name>SPI_enableModule</name>
         <value>0x6e5f</value>
         <object_component_ref idref="oc-108"/>
      </symbol>
      <symbol id="sm-cf7">
         <name>EUSCI_A_SPI_enable</name>
         <value>0x6f4b</value>
         <object_component_ref idref="oc-1b7"/>
      </symbol>
      <symbol id="sm-cf8">
         <name>EUSCI_B_SPI_enableInterrupt</name>
         <value>0x6ecf</value>
         <object_component_ref idref="oc-1ca"/>
      </symbol>
      <symbol id="sm-cf9">
         <name>SPI_getInterruptStatus</name>
         <value>0x6d59</value>
         <object_component_ref idref="oc-11a"/>
      </symbol>
      <symbol id="sm-cfa">
         <name>SPI_initMaster</name>
         <value>0x5b07</value>
         <object_component_ref idref="oc-102"/>
      </symbol>
      <symbol id="sm-cfb">
         <name>SPI_enableInterrupt</name>
         <value>0x6df9</value>
         <object_component_ref idref="oc-10e"/>
      </symbol>
      <symbol id="sm-d06">
         <name>CPU_wfi</name>
         <value>0x7001</value>
         <object_component_ref idref="oc-186"/>
      </symbol>
      <symbol id="sm-d08">
         <name>__TI_static_base__</name>
         <value>0x0</value>
      </symbol>
      <symbol id="sm-d0b">
         <name>__mpu_init</name>
         <value>0x0</value>
      </symbol>
      <symbol id="sm-d0c">
         <name>_system_post_cinit</name>
         <value>0x0</value>
      </symbol>
      <symbol id="sm-d0d">
         <name>NMI_Handler</name>
         <value>0x6fe1</value>
      </symbol>
      <symbol id="sm-d0e">
         <name>HardFault_Handler</name>
         <value>0x6fe1</value>
      </symbol>
      <symbol id="sm-d0f">
         <name>MemManage_Handler</name>
         <value>0x6fe1</value>
      </symbol>
      <symbol id="sm-d10">
         <name>BusFault_Handler</name>
         <value>0x6fe1</value>
      </symbol>
      <symbol id="sm-d11">
         <name>UsageFault_Handler</name>
         <value>0x6fe1</value>
      </symbol>
      <symbol id="sm-d12">
         <name>SVC_Handler</name>
         <value>0x6fe1</value>
      </symbol>
      <symbol id="sm-d13">
         <name>DebugMon_Handler</name>
         <value>0x6fe1</value>
      </symbol>
      <symbol id="sm-d14">
         <name>PendSV_Handler</name>
         <value>0x6fe1</value>
      </symbol>
      <symbol id="sm-d15">
         <name>SysTick_Handler</name>
         <value>0x6fe1</value>
      </symbol>
      <symbol id="sm-d16">
         <name>PSS_IRQHandler</name>
         <value>0x6fe1</value>
      </symbol>
      <symbol id="sm-d17">
         <name>CS_IRQHandler</name>
         <value>0x6fe1</value>
      </symbol>
      <symbol id="sm-d18">
         <name>PCM_IRQHandler</name>
         <value>0x6fe1</value>
      </symbol>
      <symbol id="sm-d19">
         <name>WDT_A_IRQHandler</name>
         <value>0x6fe1</value>
      </symbol>
      <symbol id="sm-d1a">
         <name>FPU_IRQHandler</name>
         <value>0x6fe1</value>
      </symbol>
      <symbol id="sm-d1b">
         <name>FLCTL_IRQHandler</name>
         <value>0x6fe1</value>
      </symbol>
      <symbol id="sm-d1c">
         <name>COMP_E0_IRQHandler</name>
         <value>0x6fe1</value>
      </symbol>
      <symbol id="sm-d1d">
         <name>COMP_E1_IRQHandler</name>
         <value>0x6fe1</value>
      </symbol>
      <symbol id="sm-d1e">
         <name>TA0_0_IRQHandler</name>
         <value>0x6fe1</value>
      </symbol>
      <symbol id="sm-d1f">
         <name>TA0_N_IRQHandler</name>
         <value>0x6fe1</value>
      </symbol>
      <symbol id="sm-d20">
         <name>TA1_0_IRQHandler</name>
         <value>0x6fe1</value>
      </symbol>
      <symbol id="sm-d21">
         <name>TA1_N_IRQHandler</name>
         <value>0x6fe1</value>
      </symbol>
      <symbol id="sm-d22">
         <name>TA2_0_IRQHandler</name>
         <value>0x6fe1</value>
      </symbol>
      <symbol id="sm-d23">
         <name>TA2_N_IRQHandler</name>
         <value>0x6fe1</value>
      </symbol>
      <symbol id="sm-d24">
         <name>TA3_0_IRQHandler</name>
         <value>0x6fe1</value>
      </symbol>
      <symbol id="sm-d25">
         <name>TA3_N_IRQHandler</name>
         <value>0x6fe1</value>
      </symbol>
      <symbol id="sm-d26">
         <name>EUSCIA0_IRQHandler</name>
         <value>0x6fe1</value>
      </symbol>
      <symbol id="sm-d27">
         <name>EUSCIA1_IRQHandler</name>
         <value>0x6fe1</value>
      </symbol>
      <symbol id="sm-d28">
         <name>EUSCIA2_IRQHandler</name>
         <value>0x6fe1</value>
      </symbol>
      <symbol id="sm-d29">
         <name>EUSCIA3_IRQHandler</name>
         <value>0x6fe1</value>
      </symbol>
      <symbol id="sm-d2a">
         <name>EUSCIB0_IRQHandler</name>
         <value>0x59a1</value>
      </symbol>
      <symbol id="sm-d2b">
         <name>EUSCIB1_IRQHandler</name>
         <value>0x6fe1</value>
      </symbol>
      <symbol id="sm-d2c">
         <name>EUSCIB2_IRQHandler</name>
         <value>0x6fe1</value>
      </symbol>
      <symbol id="sm-d2d">
         <name>EUSCIB3_IRQHandler</name>
         <value>0x6fe1</value>
      </symbol>
      <symbol id="sm-d2e">
         <name>ADC14_IRQHandler</name>
         <value>0x6fe1</value>
      </symbol>
      <symbol id="sm-d2f">
         <name>T32_INT1_IRQHandler</name>
         <value>0x6fe1</value>
      </symbol>
      <symbol id="sm-d30">
         <name>T32_INT2_IRQHandler</name>
         <value>0x6fe1</value>
      </symbol>
      <symbol id="sm-d31">
         <name>T32_INTC_IRQHandler</name>
         <value>0x6fe1</value>
      </symbol>
      <symbol id="sm-d32">
         <name>AES256_IRQHandler</name>
         <value>0x6fe1</value>
      </symbol>
      <symbol id="sm-d33">
         <name>RTC_C_IRQHandler</name>
         <value>0x6fe1</value>
      </symbol>
      <symbol id="sm-d34">
         <name>DMA_ERR_IRQHandler</name>
         <value>0x6fe1</value>
      </symbol>
      <symbol id="sm-d35">
         <name>DMA_INT3_IRQHandler</name>
         <value>0x6fe1</value>
      </symbol>
      <symbol id="sm-d36">
         <name>DMA_INT2_IRQHandler</name>
         <value>0x6fe1</value>
      </symbol>
      <symbol id="sm-d37">
         <name>DMA_INT1_IRQHandler</name>
         <value>0x6fe1</value>
      </symbol>
      <symbol id="sm-d38">
         <name>DMA_INT0_IRQHandler</name>
         <value>0x6fe1</value>
      </symbol>
      <symbol id="sm-d39">
         <name>PORT1_IRQHandler</name>
         <value>0x6fe1</value>
      </symbol>
      <symbol id="sm-d3a">
         <name>PORT2_IRQHandler</name>
         <value>0x6fe1</value>
      </symbol>
      <symbol id="sm-d3b">
         <name>PORT3_IRQHandler</name>
         <value>0x6fe1</value>
      </symbol>
      <symbol id="sm-d3c">
         <name>PORT4_IRQHandler</name>
         <value>0x6fe1</value>
      </symbol>
      <symbol id="sm-d3d">
         <name>PORT5_IRQHandler</name>
         <value>0x6fe1</value>
      </symbol>
      <symbol id="sm-d3e">
         <name>PORT6_IRQHandler</name>
         <value>0x6fe1</value>
      </symbol>
      <symbol id="sm-d3f">
         <name>remove</name>
         <value>0x6c3d</value>
      </symbol>
   </symbol_table>
   <title>Link successful</title>
</link_info>
